Component: ARM Compiler 5.06 update 7 (build 960) Tool: armlink [4d3601]

==============================================================================

Section Cross References

    startup_stm32h723xx.o(RESET) refers to startup_stm32h723xx.o(STACK) for __initial_sp
    startup_stm32h723xx.o(RESET) refers to startup_stm32h723xx.o(.text) for Reset_Handler
    startup_stm32h723xx.o(RESET) refers to stm32h7xx_it.o(i.NMI_Handler) for NMI_Handler
    startup_stm32h723xx.o(RESET) refers to stm32h7xx_it.o(i.HardFault_Handler) for HardFault_Handler
    startup_stm32h723xx.o(RESET) refers to stm32h7xx_it.o(i.MemManage_Handler) for MemManage_Handler
    startup_stm32h723xx.o(RESET) refers to stm32h7xx_it.o(i.BusFault_Handler) for BusFault_Handler
    startup_stm32h723xx.o(RESET) refers to stm32h7xx_it.o(i.UsageFault_Handler) for UsageFault_Handler
    startup_stm32h723xx.o(RESET) refers to port.o(.emb_text) for SVC_Handler
    startup_stm32h723xx.o(RESET) refers to stm32h7xx_it.o(i.DebugMon_Handler) for DebugMon_Handler
    startup_stm32h723xx.o(RESET) refers to port.o(i.SysTick_Handler) for SysTick_Handler
    startup_stm32h723xx.o(RESET) refers to stm32h7xx_it.o(i.DMA1_Stream0_IRQHandler) for DMA1_Stream0_IRQHandler
    startup_stm32h723xx.o(RESET) refers to stm32h7xx_it.o(i.FDCAN1_IT0_IRQHandler) for FDCAN1_IT0_IRQHandler
    startup_stm32h723xx.o(RESET) refers to stm32h7xx_it.o(i.FDCAN2_IT0_IRQHandler) for FDCAN2_IT0_IRQHandler
    startup_stm32h723xx.o(RESET) refers to stm32h7xx_it.o(i.FDCAN1_IT1_IRQHandler) for FDCAN1_IT1_IRQHandler
    startup_stm32h723xx.o(RESET) refers to stm32h7xx_it.o(i.FDCAN2_IT1_IRQHandler) for FDCAN2_IT1_IRQHandler
    startup_stm32h723xx.o(RESET) refers to stm32h7xx_it.o(i.USART1_IRQHandler) for USART1_IRQHandler
    startup_stm32h723xx.o(RESET) refers to stm32h7xx_it.o(i.USART2_IRQHandler) for USART2_IRQHandler
    startup_stm32h723xx.o(RESET) refers to stm32h7xx_it.o(i.USART3_IRQHandler) for USART3_IRQHandler
    startup_stm32h723xx.o(RESET) refers to stm32h7xx_it.o(i.OTG_HS_IRQHandler) for OTG_HS_IRQHandler
    startup_stm32h723xx.o(RESET) refers to stm32h7xx_it.o(i.UART7_IRQHandler) for UART7_IRQHandler
    startup_stm32h723xx.o(RESET) refers to stm32h7xx_it.o(i.USART10_IRQHandler) for USART10_IRQHandler
    startup_stm32h723xx.o(RESET) refers to stm32h7xx_it.o(i.FDCAN3_IT0_IRQHandler) for FDCAN3_IT0_IRQHandler
    startup_stm32h723xx.o(RESET) refers to stm32h7xx_it.o(i.FDCAN3_IT1_IRQHandler) for FDCAN3_IT1_IRQHandler
    startup_stm32h723xx.o(RESET) refers to stm32h7xx_it.o(i.TIM23_IRQHandler) for TIM23_IRQHandler
    startup_stm32h723xx.o(.text) refers to system_stm32h7xx.o(i.SystemInit) for SystemInit
    startup_stm32h723xx.o(.text) refers to entry.o(.ARM.Collect$$$$00000000) for __main
    vofa.o(i.vofa_demo) refers to sin.o(i.__hardfp_sin) for __hardfp_sin
    vofa.o(i.vofa_demo) refers to vofa.o(i.vofa_send_data) for vofa_send_data
    vofa.o(i.vofa_demo) refers to vofa.o(i.vofa_sendframetail) for vofa_sendframetail
    vofa.o(i.vofa_demo) refers to vofa.o(.data) for scnt
    vofa.o(i.vofa_send_data) refers to vofa.o(.data) for cnt
    vofa.o(i.vofa_send_data) refers to vofa.o(.bss) for send_buf
    vofa.o(i.vofa_sendframetail) refers to vofa.o(i.vofa_transmit) for vofa_transmit
    vofa.o(i.vofa_sendframetail) refers to vofa.o(.data) for cnt
    vofa.o(i.vofa_sendframetail) refers to vofa.o(.bss) for send_buf
    vofa.o(i.vofa_start) refers to vofa.o(i.vofa_demo) for vofa_demo
    vofa.o(i.vofa_transmit) refers to stm32h7xx_hal_uart.o(i.HAL_UART_Transmit) for HAL_UART_Transmit
    vofa.o(i.vofa_transmit) refers to usart.o(.bss) for huart7
    main.o(i.HAL_TIM_PeriodElapsedCallback) refers to stm32h7xx_hal.o(i.HAL_IncTick) for HAL_IncTick
    main.o(i.OSPI_W25Qxx_Test) refers to stm32h7xx_hal.o(i.HAL_GetTick) for HAL_GetTick
    main.o(i.OSPI_W25Qxx_Test) refers to w25q64.o(i.OSPI_W25Qxx_BlockErase_32K) for OSPI_W25Qxx_BlockErase_32K
    main.o(i.OSPI_W25Qxx_Test) refers to printfa.o(i.__0printf) for __2printf
    main.o(i.OSPI_W25Qxx_Test) refers to w25q64.o(i.OSPI_W25Qxx_WriteBuffer) for OSPI_W25Qxx_WriteBuffer
    main.o(i.OSPI_W25Qxx_Test) refers to w25q64.o(i.OSPI_W25Qxx_ReadBuffer) for OSPI_W25Qxx_ReadBuffer
    main.o(i.OSPI_W25Qxx_Test) refers to main.o(.data) for OSPI_Status
    main.o(i.OSPI_W25Qxx_Test) refers to main.o(.bss) for W25Qxx_WriteBuffer
    main.o(i.OSPI_W25Qxx_Test) refers to main.o(.conststring) for .conststring
    main.o(i.SystemClock_Config) refers to memseta.o(.text) for __aeabi_memclr4
    main.o(i.SystemClock_Config) refers to stm32h7xx_hal_pwr_ex.o(i.HAL_PWREx_ConfigSupply) for HAL_PWREx_ConfigSupply
    main.o(i.SystemClock_Config) refers to stm32h7xx_hal_rcc.o(i.HAL_RCC_OscConfig) for HAL_RCC_OscConfig
    main.o(i.SystemClock_Config) refers to main.o(i.Error_Handler) for Error_Handler
    main.o(i.SystemClock_Config) refers to stm32h7xx_hal_rcc.o(i.HAL_RCC_ClockConfig) for HAL_RCC_ClockConfig
[...]
    __asm___6_port_c_39a90d8d__prvEnableVFP  0x0800032d   Thumb Code    16  port.o(.emb_text)
    PendSV_Handler                           0x08000341   Thumb Code    88  port.o(.emb_text)
    vPortGetIPSR                             0x0800039d   Thumb Code     6  port.o(.emb_text)
    Reset_Handler                            0x080003a5   Thumb Code     8  startup_stm32h723xx.o(.text)
    ADC3_IRQHandler                          0x080003bf   Thumb Code     0  startup_stm32h723xx.o(.text)
    ADC_IRQHandler                           0x080003bf   Thumb Code     0  startup_stm32h723xx.o(.text)
    BDMA_Channel0_IRQHandler                 0x080003bf   Thumb Code     0  startup_stm32h723xx.o(.text)
    BDMA_Channel1_IRQHandler                 0x080003bf   Thumb Code     0  startup_stm32h723xx.o(.text)
    BDMA_Channel2_IRQHandler                 0x080003bf   Thumb Code     0  startup_stm32h723xx.o(.text)
    BDMA_Channel3_IRQHandler                 0x080003bf   Thumb Code     0  startup_stm32h723xx.o(.text)
    BDMA_Channel4_IRQHandler                 0x080003bf   Thumb Code     0  startup_stm32h723xx.o(.text)
    BDMA_Channel5_IRQHandler                 0x080003bf   Thumb Code     0  startup_stm32h723xx.o(.text)
    BDMA_Channel6_IRQHandler                 0x080003bf   Thumb Code     0  startup_stm32h723xx.o(.text)
    BDMA_Channel7_IRQHandler                 0x080003bf   Thumb Code     0  startup_stm32h723xx.o(.text)
    CEC_IRQHandler                           0x080003bf   Thumb Code     0  startup_stm32h723xx.o(.text)
    COMP1_IRQHandler                         0x080003bf   Thumb Code     0  startup_stm32h723xx.o(.text)
    CORDIC_IRQHandler                        0x080003bf   Thumb Code     0  startup_stm32h723xx.o(.text)
    CRS_IRQHandler                           0x080003bf   Thumb Code     0  startup_stm32h723xx.o(.text)
    DCMI_PSSI_IRQHandler                     0x080003bf   Thumb Code     0  startup_stm32h723xx.o(.text)
    DFSDM1_FLT0_IRQHandler                   0x080003bf   Thumb Code     0  startup_stm32h723xx.o(.text)
    DFSDM1_FLT1_IRQHandler                   0x080003bf   Thumb Code     0  startup_stm32h723xx.o(.text)
    DFSDM1_FLT2_IRQHandler                   0x080003bf   Thumb Code     0  startup_stm32h723xx.o(.text)
    DFSDM1_FLT3_IRQHandler                   0x080003bf   Thumb Code     0  startup_stm32h723xx.o(.text)
    DMA1_Stream1_IRQHandler                  0x080003bf   Thumb Code     0  startup_stm32h723xx.o(.text)
    DMA1_Stream2_IRQHandler                  0x080003bf   Thumb Code     0  startup_stm32h723xx.o(.text)
    DMA1_Stream3_IRQHandler                  0x080003bf   Thumb Code     0  startup_stm32h723xx.o(.text)
    DMA1_Stream4_IRQHandler                  0x080003bf   Thumb Code     0  startup_stm32h723xx.o(.text)
    DMA1_Stream5_IRQHandler                  0x080003bf   Thumb Code     0  startup_stm32h723xx.o(.text)
    DMA1_Stream6_IRQHandler                  0x080003bf   Thumb Code     0  startup_stm32h723xx.o(.text)
    DMA1_Stream7_IRQHandler                  0x080003bf   Thumb Code     0  startup_stm32h723xx.o(.text)
    DMA2D_IRQHandler                         0x080003bf   Thumb Code     0  startup_stm32h723xx.o(.text)
    DMA2_Stream0_IRQHandler                  0x080003bf   Thumb Code     0  startup_stm32h723xx.o(.text)
    DMA2_Stream1_IRQHandler                  0x080003bf   Thumb Code     0  startup_stm32h723xx.o(.text)
    DMA2_Stream2_IRQHandler                  0x080003bf   Thumb Code     0  startup_stm32h723xx.o(.text)
    DMA2_Stream3_IRQHandler                  0x080003bf   Thumb Code     0  startup_stm32h723xx.o(.text)
    DMA2_Stream4_IRQHandler                  0x080003bf   Thumb Code     0  startup_stm32h723xx.o(.text)
    DMA2_Stream5_IRQHandler                  0x080003bf   Thumb Code     0  startup_stm32h723xx.o(.text)
    DMA2_Stream6_IRQHandler                  0x080003bf   Thumb Code     0  startup_stm32h723xx.o(.text)
    DMA2_Stream7_IRQHandler                  0x080003bf   Thumb Code     0  startup_stm32h723xx.o(.text)
    DMAMUX1_OVR_IRQHandler                   0x080003bf   Thumb Code     0  startup_stm32h723xx.o(.text)
    DMAMUX2_OVR_IRQHandler                   0x080003bf   Thumb Code     0  startup_stm32h723xx.o(.text)
    DTS_IRQHandler                           0x080003bf   Thumb Code     0  startup_stm32h723xx.o(.text)
    ECC_IRQHandler                           0x080003bf   Thumb Code     0  startup_stm32h723xx.o(.text)
    ETH_IRQHandler                           0x080003bf   Thumb Code     0  startup_stm32h723xx.o(.text)
    ETH_WKUP_IRQHandler                      0x080003bf   Thumb Code     0  startup_stm32h723xx.o(.text)
    EXTI0_IRQHandler                         0x080003bf   Thumb Code     0  startup_stm32h723xx.o(.text)
    EXTI15_10_IRQHandler                     0x080003bf   Thumb Code     0  startup_stm32h723xx.o(.text)
    EXTI1_IRQHandler                         0x080003bf   Thumb Code     0  startup_stm32h723xx.o(.text)
    EXTI2_IRQHandler                         0x080003bf   Thumb Code     0  startup_stm32h723xx.o(.text)
    EXTI3_IRQHandler                         0x080003bf   Thumb Code     0  startup_stm32h723xx.o(.text)
    EXTI4_IRQHandler                         0x080003bf   Thumb Code     0  startup_stm32h723xx.o(.text)
    EXTI9_5_IRQHandler                       0x080003bf   Thumb Code     0  startup_stm32h723xx.o(.text)
    FDCAN_CAL_IRQHandler                     0x080003bf   Thumb Code     0  startup_stm32h723xx.o(.text)
    FLASH_IRQHandler                         0x080003bf   Thumb Code     0  startup_stm32h723xx.o(.text)
    FMAC_IRQHandler                          0x080003bf   Thumb Code     0  startup_stm32h723xx.o(.text)
    FMC_IRQHandler                           0x080003bf   Thumb Code     0  startup_stm32h723xx.o(.text)
    FPU_IRQHandler                           0x080003bf   Thumb Code     0  startup_stm32h723xx.o(.text)
    HSEM1_IRQHandler                         0x080003bf   Thumb Code     0  startup_stm32h723xx.o(.text)
    I2C1_ER_IRQHandler                       0x080003bf   Thumb Code     0  startup_stm32h723xx.o(.text)
    I2C1_EV_IRQHandler                       0x080003bf   Thumb Code     0  startup_stm32h723xx.o(.text)
    I2C2_ER_IRQHandler                       0x080003bf   Thumb Code     0  startup_stm32h723xx.o(.text)
    I2C2_EV_IRQHandler                       0x080003bf   Thumb Code     0  startup_stm32h723xx.o(.text)
    I2C3_ER_IRQHandler                       0x080003bf   Thumb Code     0  startup_stm32h723xx.o(.text)
    I2C3_EV_IRQHandler                       0x080003bf   Thumb Code     0  startup_stm32h723xx.o(.text)
    I2C4_ER_IRQHandler                       0x080003bf   Thumb Code     0  startup_stm32h723xx.o(.text)
    I2C4_EV_IRQHandler                       0x080003bf   Thumb Code     0  startup_stm32h723xx.o(.text)
    I2C5_ER_IRQHandler                       0x080003bf   Thumb Code     0  startup_stm32h723xx.o(.text)
    I2C5_EV_IRQHandler                       0x080003bf   Thumb Code     0  startup_stm32h723xx.o(.text)
    LPTIM1_IRQHandler                        0x080003bf   Thumb Code     0  startup_stm32h723xx.o(.text)
    LPTIM2_IRQHandler                        0x080003bf   Thumb Code     0  startup_stm32h723xx.o(.text)
    LPTIM3_IRQHandler                        0x080003bf   Thumb Code     0  startup_stm32h723xx.o(.text)
    LPTIM4_IRQHandler                        0x080003bf   Thumb Code     0  startup_stm32h723xx.o(.text)
    LPTIM5_IRQHandler                        0x080003bf   Thumb Code     0  startup_stm32h723xx.o(.text)
    LPUART1_IRQHandler                       0x080003bf   Thumb Code     0  startup_stm32h723xx.o(.text)
    LTDC_ER_IRQHandler                       0x080003bf   Thumb Code     0  startup_stm32h723xx.o(.text)
    LTDC_IRQHandler                          0x080003bf   Thumb Code     0  startup_stm32h723xx.o(.text)
    MDIOS_IRQHandler                         0x080003bf   Thumb Code     0  startup_stm32h723xx.o(.text)
    MDIOS_WKUP_IRQHandler                    0x080003bf   Thumb Code     0  startup_stm32h723xx.o(.text)
    MDMA_IRQHandler                          0x080003bf   Thumb Code     0  startup_stm32h723xx.o(.text)
    OCTOSPI1_IRQHandler                      0x080003bf   Thumb Code     0  startup_stm32h723xx.o(.text)
    OCTOSPI2_IRQHandler                      0x080003bf   Thumb Code     0  startup_stm32h723xx.o(.text)
    OTG_HS_EP1_IN_IRQHandler                 0x080003bf   Thumb Code     0  startup_stm32h723xx.o(.text)
    OTG_HS_EP1_OUT_IRQHandler                0x080003bf   Thumb Code     0  startup_stm32h723xx.o(.text)
    OTG_HS_WKUP_IRQHandler                   0x080003bf   Thumb Code     0  startup_stm32h723xx.o(.text)
    PVD_AVD_IRQHandler                       0x080003bf   Thumb Code     0  startup_stm32h723xx.o(.text)
    RCC_IRQHandler                           0x080003bf   Thumb Code     0  startup_stm32h723xx.o(.text)
    RNG_IRQHandler                           0x080003bf   Thumb Code     0  startup_stm32h723xx.o(.text)
    RTC_Alarm_IRQHandler                     0x080003bf   Thumb Code     0  startup_stm32h723xx.o(.text)
    RTC_WKUP_IRQHandler                      0x080003bf   Thumb Code     0  startup_stm32h723xx.o(.text)
    SAI1_IRQHandler                          0x080003bf   Thumb Code     0  startup_stm32h723xx.o(.text)
    SAI4_IRQHandler                          0x080003bf   Thumb Code     0  startup_stm32h723xx.o(.text)
    SDMMC1_IRQHandler                        0x080003bf   Thumb Code     0  startup_stm32h723xx.o(.text)
    SDMMC2_IRQHandler                        0x080003bf   Thumb Code     0  startup_stm32h723xx.o(.text)
    SPDIF_RX_IRQHandler                      0x080003bf   Thumb Code     0  startup_stm32h723xx.o(.text)
    SPI1_IRQHandler                          0x080003bf   Thumb Code     0  startup_stm32h723xx.o(.text)
    SPI2_IRQHandler                          0x080003bf   Thumb Code     0  startup_stm32h723xx.o(.text)
    SPI3_IRQHandler                          0x080003bf   Thumb Code     0  startup_stm32h723xx.o(.text)
    SPI4_IRQHandler                          0x080003bf   Thumb Code     0  startup_stm32h723xx.o(.text)
    SPI5_IRQHandler                          0x080003bf   Thumb Code     0  startup_stm32h723xx.o(.text)
    SPI6_IRQHandler                          0x080003bf   Thumb Code     0  startup_stm32h723xx.o(.text)
    SWPMI1_IRQHandler                        0x080003bf   Thumb Code     0  startup_stm32h723xx.o(.text)
    TAMP_STAMP_IRQHandler                    0x080003bf   Thumb Code     0  startup_stm32h723xx.o(.text)
    TIM15_IRQHandler                         0x080003bf   Thumb Code     0  startup_stm32h723xx.o(.text)
    TIM16_IRQHandler                         0x080003bf   Thumb Code     0  startup_stm32h723xx.o(.text)
    TIM17_IRQHandler                         0x080003bf   Thumb Code     0  startup_stm32h723xx.o(.text)
    TIM1_BRK_IRQHandler                      0x080003bf   Thumb Code     0  startup_stm32h723xx.o(.text)
    TIM1_CC_IRQHandler                       0x080003bf   Thumb Code     0  startup_stm32h723xx.o(.text)
    TIM1_TRG_COM_IRQHandler                  0x080003bf   Thumb Code     0  startup_stm32h723xx.o(.text)
    TIM1_UP_IRQHandler                       0x080003bf   Thumb Code     0  startup_stm32h723xx.o(.text)
    TIM24_IRQHandler                         0x080003bf   Thumb Code     0  startup_stm32h723xx.o(.text)
    TIM2_IRQHandler                          0x080003bf   Thumb Code     0  startup_stm32h723xx.o(.text)
    TIM3_IRQHandler                          0x080003bf   Thumb Code     0  startup_stm32h723xx.o(.text)
    TIM4_IRQHandler                          0x080003bf   Thumb Code     0  startup_stm32h723xx.o(.text)
    TIM5_IRQHandler                          0x080003bf   Thumb Code     0  startup_stm32h723xx.o(.text)
    TIM6_DAC_IRQHandler                      0x080003bf   Thumb Code     0  startup_stm32h723xx.o(.text)
    TIM7_IRQHandler                          0x080003bf   Thumb Code     0  startup_stm32h723xx.o(.text)
    TIM8_BRK_TIM12_IRQHandler                0x080003bf   Thumb Code     0  startup_stm32h723xx.o(.text)
    TIM8_CC_IRQHandler                       0x080003bf   Thumb Code     0  startup_stm32h723xx.o(.text)
    TIM8_TRG_COM_TIM14_IRQHandler            0x080003bf   Thumb Code     0  startup_stm32h723xx.o(.text)
    TIM8_UP_TIM13_IRQHandler                 0x080003bf   Thumb Code     0  startup_stm32h723xx.o(.text)
    UART4_IRQHandler                         0x080003bf   Thumb Code     0  startup_stm32h723xx.o(.text)
    UART5_IRQHandler                         0x080003bf   Thumb Code     0  startup_stm32h723xx.o(.text)
    UART8_IRQHandler                         0x080003bf   Thumb Code     0  startup_stm32h723xx.o(.text)
    UART9_IRQHandler                         0x080003bf   Thumb Code     0  startup_stm32h723xx.o(.text)
    USART6_IRQHandler                        0x080003bf   Thumb Code     0  startup_stm32h723xx.o(.text)
    WAKEUP_PIN_IRQHandler                    0x080003bf   Thumb Code     0  startup_stm32h723xx.o(.text)
    WWDG_IRQHandler                          0x080003bf   Thumb Code     0  startup_stm32h723xx.o(.text)
    __aeabi_uldivmod                         0x080003c9   Thumb Code    98  uldiv.o(.text)
    __aeabi_memcpy                           0x0800042b   Thumb Code    36  memcpya.o(.text)
    __aeabi_memcpy4                          0x0800042b   Thumb Code     0  memcpya.o(.text)
    __aeabi_memcpy8                          0x0800042b   Thumb Code     0  memcpya.o(.text)
    __aeabi_memset                           0x0800044f   Thumb Code    14  memseta.o(.text)
    __aeabi_memset4                          0x0800044f   Thumb Code     0  memseta.o(.text)
    __aeabi_memset8                          0x0800044f   Thumb Code     0  memseta.o(.text)
    __aeabi_memclr                           0x0800045d   Thumb Code     4  memseta.o(.text)
    __aeabi_memclr4                          0x0800045d   Thumb Code     0  memseta.o(.text)
    __aeabi_memclr8                          0x0800045d   Thumb Code     0  memseta.o(.text)
    memset                                   0x08000461   Thumb Code    18  memseta.o(.text)
    __aeabi_llsl                             0x08000473   Thumb Code    30  llshl.o(.text)
    _ll_shift_l                              0x08000473   Thumb Code     0  llshl.o(.text)
    __aeabi_llsr                             0x08000491   Thumb Code    32  llushr.o(.text)
    _ll_ushift_r                             0x08000491   Thumb Code     0  llushr.o(.text)
    __scatterload                            0x080004b1   Thumb Code    28  init.o(.text)
    __scatterload_rt2                        0x080004b1   Thumb Code     0  init.o(.text)
    ADC_ConfigureBoostMode                   0x080004d5   Thumb Code   276  stm32h7xx_hal_adc.o(i.ADC_ConfigureBoostMode)
    BusFault_Handler                         0x08000605   Thumb Code     4  stm32h7xx_it.o(i.BusFault_Handler)
    DMA1_Stream0_IRQHandler                  0x08000609   Thumb Code    10  stm32h7xx_it.o(i.DMA1_Stream0_IRQHandler)
    DebugMon_Handler                         0x0800090f   Thumb Code     2  stm32h7xx_it.o(i.DebugMon_Handler)
    Error_Handler                            0x08000911   Thumb Code     6  main.o(i.Error_Handler)
    FDCAN1_IT0_IRQHandler                    0x08000919   Thumb Code    10  stm32h7xx_it.o(i.FDCAN1_IT0_IRQHandler)
    FDCAN1_IT1_IRQHandler                    0x08000929   Thumb Code    10  stm32h7xx_it.o(i.FDCAN1_IT1_IRQHandler)
    FDCAN2_IT0_IRQHandler                    0x08000939   Thumb Code    10  stm32h7xx_it.o(i.FDCAN2_IT0_IRQHandler)
    FDCAN2_IT1_IRQHandler                    0x08000949   Thumb Code    10  stm32h7xx_it.o(i.FDCAN2_IT1_IRQHandler)
    FDCAN3_IT0_IRQHandler                    0x08000959   Thumb Code    10  stm32h7xx_it.o(i.FDCAN3_IT0_IRQHandler)
    FDCAN3_IT1_IRQHandler                    0x08000969   Thumb Code    10  stm32h7xx_it.o(i.FDCAN3_IT1_IRQHandler)
    HAL_ADCEx_MultiModeConfigChannel         0x08000c6d   Thumb Code   336  stm32h7xx_hal_adc_ex.o(i.HAL_ADCEx_MultiModeConfigChannel)
    HAL_ADC_ConfigChannel                    0x08000dd1   Thumb Code  1880  stm32h7xx_hal_adc.o(i.HAL_ADC_ConfigChannel)
    HAL_ADC_Init                             0x08001559   Thumb Code   782  stm32h7xx_hal_adc.o(i.HAL_ADC_Init)
    HAL_ADC_MspInit                          0x08001899   Thumb Code   274  adc.o(i.HAL_ADC_MspInit)
    HAL_DMA_Abort                            0x080019c5   Thumb Code  1236  stm32h7xx_hal_dma.o(i.HAL_DMA_Abort)
    HAL_DMA_Abort_IT                         0x08001ea1   Thumb Code   906  stm32h7xx_hal_dma.o(i.HAL_DMA_Abort_IT)
    HAL_DMA_IRQHandler                       0x08002239   Thumb Code  2798  stm32h7xx_hal_dma.o(i.HAL_DMA_IRQHandler)
    HAL_DMA_Init                             0x08002d31   Thumb Code  1292  stm32h7xx_hal_dma.o(i.HAL_DMA_Init)
    HAL_Delay                                0x08003245   Thumb Code    36  stm32h7xx_hal.o(i.HAL_Delay)
    HAL_FDCAN_ActivateNotification           0x0800326d   Thumb Code   158  stm32h7xx_hal_fdcan.o(i.HAL_FDCAN_ActivateNotification)
    HAL_FDCAN_AddMessageToTxFifoQ            0x08003315   Thumb Code   144  stm32h7xx_hal_fdcan.o(i.HAL_FDCAN_AddMessageToTxFifoQ)
    HAL_FDCAN_ClockCalibrationCallback       0x080033a5   Thumb Code     2  stm32h7xx_hal_fdcan.o(i.HAL_FDCAN_ClockCalibrationCallback)
    HAL_FDCAN_ConfigFifoWatermark            0x080033a7   Thumb Code   108  stm32h7xx_hal_fdcan.o(i.HAL_FDCAN_ConfigFifoWatermark)
    HAL_FDCAN_ConfigFilter                   0x08003413   Thumb Code   168  stm32h7xx_hal_fdcan.o(i.HAL_FDCAN_ConfigFilter)
    HAL_FDCAN_ErrorCallback                  0x080034bb   Thumb Code     2  stm32h7xx_hal_fdcan.o(i.HAL_FDCAN_ErrorCallback)
    HAL_FDCAN_ErrorStatusCallback            0x080034bd   Thumb Code     2  stm32h7xx_hal_fdcan.o(i.HAL_FDCAN_ErrorStatusCallback)
    HAL_FDCAN_GetRxMessage                   0x080034c1   Thumb Code   496  stm32h7xx_hal_fdcan.o(i.HAL_FDCAN_GetRxMessage)
    HAL_FDCAN_HighPriorityMessageCallback    0x080036b5   Thumb Code     2  stm32h7xx_hal_fdcan.o(i.HAL_FDCAN_HighPriorityMessageCallback)
    HAL_FDCAN_IRQHandler                     0x080036b9   Thumb Code   966  stm32h7xx_hal_fdcan.o(i.HAL_FDCAN_IRQHandler)
    HAL_FDCAN_Init                           0x08003a8d   Thumb Code   726  stm32h7xx_hal_fdcan.o(i.HAL_FDCAN_Init)
    HAL_FDCAN_MspInit                        0x08003d6d   Thumb Code   542  fdcan.o(i.HAL_FDCAN_MspInit)
    HAL_FDCAN_RxBufferNewMessageCallback     0x08003fa9   Thumb Code     2  stm32h7xx_hal_fdcan.o(i.HAL_FDCAN_RxBufferNewMessageCallback)
    HAL_FDCAN_RxFifo0Callback                0x08003fad   Thumb Code    44  can_bsp.o(i.HAL_FDCAN_RxFifo0Callback)
    HAL_FDCAN_RxFifo1Callback                0x08003fe5   Thumb Code     2  stm32h7xx_hal_fdcan.o(i.HAL_FDCAN_RxFifo1Callback)
    HAL_FDCAN_Start                          0x08003fe7   Thumb Code    52  stm32h7xx_hal_fdcan.o(i.HAL_FDCAN_Start)
    HAL_FDCAN_TT_GlobalTimeCallback          0x0800401b   Thumb Code     2  stm32h7xx_hal_fdcan.o(i.HAL_FDCAN_TT_GlobalTimeCallback)
    HAL_FDCAN_TT_ScheduleSyncCallback        0x0800401d   Thumb Code     2  stm32h7xx_hal_fdcan.o(i.HAL_FDCAN_TT_ScheduleSyncCallback)
    HAL_FDCAN_TT_StopWatchCallback           0x0800401f   Thumb Code     2  stm32h7xx_hal_fdcan.o(i.HAL_FDCAN_TT_StopWatchCallback)
    HAL_FDCAN_TT_TimeMarkCallback            0x08004021   Thumb Code     2  stm32h7xx_hal_fdcan.o(i.HAL_FDCAN_TT_TimeMarkCallback)
    HAL_FDCAN_TimeoutOccurredCallback        0x08004023   Thumb Code     2  stm32h7xx_hal_fdcan.o(i.HAL_FDCAN_TimeoutOccurredCallback)
    HAL_FDCAN_TimestampWraparoundCallback    0x08004025   Thumb Code     2  stm32h7xx_hal_fdcan.o(i.HAL_FDCAN_TimestampWraparoundCallback)
    HAL_FDCAN_TxBufferAbortCallback          0x08004027   Thumb Code     2  stm32h7xx_hal_fdcan.o(i.HAL_FDCAN_TxBufferAbortCallback)
    HAL_FDCAN_TxBufferCompleteCallback       0x08004029   Thumb Code     2  stm32h7xx_hal_fdcan.o(i.HAL_FDCAN_TxBufferCompleteCallback)
    HAL_FDCAN_TxEventFifoCallback            0x0800402b   Thumb Code     2  stm32h7xx_hal_fdcan.o(i.HAL_FDCAN_TxEventFifoCallback)
    HAL_FDCAN_TxFifoEmptyCallback            0x0800402d   Thumb Code     2  stm32h7xx_hal_fdcan.o(i.HAL_FDCAN_TxFifoEmptyCallback)
    HAL_GPIO_DeInit                          0x08004031   Thumb Code   318  stm32h7xx_hal_gpio.o(i.HAL_GPIO_DeInit)
    HAL_GPIO_Init                            0x0800419d   Thumb Code   446  stm32h7xx_hal_gpio.o(i.HAL_GPIO_Init)
    HAL_GPIO_WritePin                        0x0800438d   Thumb Code    12  stm32h7xx_hal_gpio.o(i.HAL_GPIO_WritePin)
    HAL_GetTick                              0x08004399   Thumb Code     6  stm32h7xx_hal.o(i.HAL_GetTick)
    HAL_IncTick                              0x080043a5   Thumb Code    16  stm32h7xx_hal.o(i.HAL_IncTick)
    HAL_Init                                 0x080043bd   Thumb Code    80  stm32h7xx_hal.o(i.HAL_Init)
    HAL_InitTick                             0x0800441d   Thumb Code   128  stm32h7xx_hal_timebase_tim.o(i.HAL_InitTick)
    HAL_MspInit                              0x080044b1   Thumb Code    42  stm32h7xx_hal_msp.o(i.HAL_MspInit)
    HAL_NVIC_EnableIRQ                       0x080044e1   Thumb Code    40  stm32h7xx_hal_cortex.o(i.HAL_NVIC_EnableIRQ)
    HAL_NVIC_SetPriority                     0x08004509   Thumb Code   122  stm32h7xx_hal_cortex.o(i.HAL_NVIC_SetPriority)
    HAL_NVIC_SetPriorityGrouping             0x08004585   Thumb Code    32  stm32h7xx_hal_cortex.o(i.HAL_NVIC_SetPriorityGrouping)
    HAL_OSPIM_Config                         0x080045ad   Thumb Code  1772  stm32h7xx_hal_ospi.o(i.HAL_OSPIM_Config)
    HAL_OSPI_DeInit                          0x08004ca5   Thumb Code    50  stm32h7xx_hal_ospi.o(i.HAL_OSPI_DeInit)
    HAL_OSPI_Init                            0x08004cd9   Thumb Code   268  stm32h7xx_hal_ospi.o(i.HAL_OSPI_Init)
    HAL_OSPI_MspDeInit                       0x08004de9   Thumb Code    72  octospi.o(i.HAL_OSPI_MspDeInit)
    HAL_OSPI_MspInit                         0x08004e49   Thumb Code   396  octospi.o(i.HAL_OSPI_MspInit)
    HAL_OSPI_SetTimeout                      0x08004fed   Thumb Code     8  stm32h7xx_hal_ospi.o(i.HAL_OSPI_SetTimeout)
    HAL_PCDEx_LPM_Callback                   0x08004ff5   Thumb Code     2  stm32h7xx_hal_pcd_ex.o(i.HAL_PCDEx_LPM_Callback)
    HAL_PCD_ConnectCallback                  0x08004ff7   Thumb Code    14  usbd_conf.o(i.HAL_PCD_ConnectCallback)
    HAL_PCD_DataInStageCallback              0x08005005   Thumb Code    32  usbd_conf.o(i.HAL_PCD_DataInStageCallback)
    HAL_PCD_DataOutStageCallback             0x08005025   Thumb Code    32  usbd_conf.o(i.HAL_PCD_DataOutStageCallback)
    HAL_PCD_DisconnectCallback               0x08005045   Thumb Code    14  usbd_conf.o(i.HAL_PCD_DisconnectCallback)
    HAL_PCD_EP_Abort                         0x08005053   Thumb Code    66  stm32h7xx_hal_pcd.o(i.HAL_PCD_EP_Abort)
    HAL_PCD_EP_ClrStall                      0x08005095   Thumb Code   124  stm32h7xx_hal_pcd.o(i.HAL_PCD_EP_ClrStall)
    HAL_PCD_EP_Open                          0x08005111   Thumb Code   140  stm32h7xx_hal_pcd.o(i.HAL_PCD_EP_Open)
    HAL_PCD_EP_Receive                       0x0800519d   Thumb Code    70  stm32h7xx_hal_pcd.o(i.HAL_PCD_EP_Receive)
    HAL_PCD_EP_SetStall                      0x080051e3   Thumb Code   138  stm32h7xx_hal_pcd.o(i.HAL_PCD_EP_SetStall)
    HAL_PCD_EP_Transmit                      0x0800526d   Thumb Code    72  stm32h7xx_hal_pcd.o(i.HAL_PCD_EP_Transmit)
    HAL_PCD_IRQHandler                       0x080052b5   Thumb Code  1806  stm32h7xx_hal_pcd.o(i.HAL_PCD_IRQHandler)
    HAL_PCD_ISOINIncompleteCallback          0x080059c3   Thumb Code    18  usbd_conf.o(i.HAL_PCD_ISOINIncompleteCallback)
    HAL_PCD_ISOOUTIncompleteCallback         0x080059d5   Thumb Code    18  usbd_conf.o(i.HAL_PCD_ISOOUTIncompleteCallback)
    HAL_PCD_ResetCallback                    0x080059e7   Thumb Code    48  usbd_conf.o(i.HAL_PCD_ResetCallback)
    HAL_PCD_ResumeCallback                   0x08005a17   Thumb Code    14  usbd_conf.o(i.HAL_PCD_ResumeCallback)
    HAL_PCD_SOFCallback                      0x08005a25   Thumb Code    14  usbd_conf.o(i.HAL_PCD_SOFCallback)
    HAL_PCD_SetAddress                       0x08005a33   Thumb Code    54  stm32h7xx_hal_pcd.o(i.HAL_PCD_SetAddress)
    HAL_PCD_SetupStageCallback               0x08005a69   Thumb Code    18  usbd_conf.o(i.HAL_PCD_SetupStageCallback)
    HAL_PCD_SuspendCallback                  0x08005a7d   Thumb Code    46  usbd_conf.o(i.HAL_PCD_SuspendCallback)
    HAL_PWREx_ConfigSupply                   0x08005ab1   Thumb Code    90  stm32h7xx_hal_pwr_ex.o(i.HAL_PWREx_ConfigSupply)
    HAL_RCCEx_GetD3PCLK1Freq                 0x08005b11   Thumb Code    26  stm32h7xx_hal_rcc_ex.o(i.HAL_RCCEx_GetD3PCLK1Freq)
    HAL_RCCEx_GetPLL1ClockFreq               0x08005b35   Thumb Code   536  stm32h7xx_hal_rcc_ex.o(i.HAL_RCCEx_GetPLL1ClockFreq)
    HAL_RCCEx_GetPLL2ClockFreq               0x08005d65   Thumb Code   536  stm32h7xx_hal_rcc_ex.o(i.HAL_RCCEx_GetPLL2ClockFreq)
    HAL_RCCEx_GetPLL3ClockFreq               0x08005f95   Thumb Code   536  stm32h7xx_hal_rcc_ex.o(i.HAL_RCCEx_GetPLL3ClockFreq)
    HAL_RCCEx_GetPeriphCLKFreq               0x080061c5   Thumb Code  1942  stm32h7xx_hal_rcc_ex.o(i.HAL_RCCEx_GetPeriphCLKFreq)
    HAL_RCCEx_PeriphCLKConfig                0x08006971   Thumb Code  3272  stm32h7xx_hal_rcc_ex.o(i.HAL_RCCEx_PeriphCLKConfig)
    HAL_RCC_ClockConfig                      0x08007639   Thumb Code   774  stm32h7xx_hal_rcc.o(i.HAL_RCC_ClockConfig)
    HAL_RCC_GetClockConfig                   0x08007959   Thumb Code    98  stm32h7xx_hal_rcc.o(i.HAL_RCC_GetClockConfig)
    HAL_RCC_GetHCLKFreq                      0x080079c5   Thumb Code    60  stm32h7xx_hal_rcc.o(i.HAL_RCC_GetHCLKFreq)
    HAL_RCC_GetPCLK1Freq                     0x08007a11   Thumb Code    26  stm32h7xx_hal_rcc.o(i.HAL_RCC_GetPCLK1Freq)
    HAL_RCC_GetPCLK2Freq                     0x08007a35   Thumb Code    26  stm32h7xx_hal_rcc.o(i.HAL_RCC_GetPCLK2Freq)
    HAL_RCC_GetSysClockFreq                  0x08007a59   Thumb Code   524  stm32h7xx_hal_rcc.o(i.HAL_RCC_GetSysClockFreq)
    HAL_RCC_MCOConfig                        0x08007c85   Thumb Code   174  stm32h7xx_hal_rcc.o(i.HAL_RCC_MCOConfig)
    HAL_RCC_OscConfig                        0x08007d41   Thumb Code  1874  stm32h7xx_hal_rcc.o(i.HAL_RCC_OscConfig)
    HAL_RS485Ex_Init                         0x0800849d   Thumb Code   148  stm32h7xx_hal_uart_ex.o(i.HAL_RS485Ex_Init)
    HAL_SPI_Init                             0x08008535   Thumb Code   420  stm32h7xx_hal_spi.o(i.HAL_SPI_Init)
    HAL_SPI_MspInit                          0x080086e5   Thumb Code   560  spi.o(i.HAL_SPI_MspInit)
    HAL_TIMEx_Break2Callback                 0x08008935   Thumb Code     2  stm32h7xx_hal_tim_ex.o(i.HAL_TIMEx_Break2Callback)
    HAL_TIMEx_BreakCallback                  0x08008937   Thumb Code     2  stm32h7xx_hal_tim_ex.o(i.HAL_TIMEx_BreakCallback)
    HAL_TIMEx_CommutCallback                 0x08008939   Thumb Code     2  stm32h7xx_hal_tim_ex.o(i.HAL_TIMEx_CommutCallback)
    HAL_TIMEx_ConfigBreakDeadTime            0x0800893d   Thumb Code   224  stm32h7xx_hal_tim_ex.o(i.HAL_TIMEx_ConfigBreakDeadTime)
    HAL_TIMEx_MasterConfigSynchronization    0x08008a25   Thumb Code   190  stm32h7xx_hal_tim_ex.o(i.HAL_TIMEx_MasterConfigSynchronization)
    HAL_TIM_Base_Init                        0x08008b09   Thumb Code   110  stm32h7xx_hal_tim.o(i.HAL_TIM_Base_Init)
    HAL_TIM_Base_MspInit                     0x08008b77   Thumb Code     2  stm32h7xx_hal_tim.o(i.HAL_TIM_Base_MspInit)
    HAL_TIM_Base_Start_IT                    0x08008b79   Thumb Code   162  stm32h7xx_hal_tim.o(i.HAL_TIM_Base_Start_IT)
    HAL_TIM_IC_CaptureCallback               0x08008c45   Thumb Code     2  stm32h7xx_hal_tim.o(i.HAL_TIM_IC_CaptureCallback)
    HAL_TIM_IRQHandler                       0x08008c47   Thumb Code   440  stm32h7xx_hal_tim.o(i.HAL_TIM_IRQHandler)
    HAL_TIM_MspPostInit                      0x08008e01   Thumb Code   274  tim.o(i.HAL_TIM_MspPostInit)
    HAL_TIM_OC_DelayElapsedCallback          0x08008f31   Thumb Code     2  stm32h7xx_hal_tim.o(i.HAL_TIM_OC_DelayElapsedCallback)
    HAL_TIM_PWM_ConfigChannel                0x08008f33   Thumb Code   368  stm32h7xx_hal_tim.o(i.HAL_TIM_PWM_ConfigChannel)
    HAL_TIM_PWM_Init                         0x080090a3   Thumb Code   110  stm32h7xx_hal_tim.o(i.HAL_TIM_PWM_Init)
    HAL_TIM_PWM_MspInit                      0x08009111   Thumb Code   160  tim.o(i.HAL_TIM_PWM_MspInit)
    HAL_TIM_PWM_PulseFinishedCallback        0x080091c1   Thumb Code     2  stm32h7xx_hal_tim.o(i.HAL_TIM_PWM_PulseFinishedCallback)
    HAL_TIM_PeriodElapsedCallback            0x080091c5   Thumb Code    18  main.o(i.HAL_TIM_PeriodElapsedCallback)
    HAL_TIM_TriggerCallback                  0x080091dd   Thumb Code     2  stm32h7xx_hal_tim.o(i.HAL_TIM_TriggerCallback)
    HAL_UARTEx_DisableFifoMode               0x080091df   Thumb Code    78  stm32h7xx_hal_uart_ex.o(i.HAL_UARTEx_DisableFifoMode)
    HAL_UARTEx_RxEventCallback               0x0800922d   Thumb Code     2  stm32h7xx_hal_uart.o(i.HAL_UARTEx_RxEventCallback)
    HAL_UARTEx_RxFifoFullCallback            0x0800922f   Thumb Code     2  stm32h7xx_hal_uart_ex.o(i.HAL_UARTEx_RxFifoFullCallback)
    HAL_UARTEx_SetRxFifoThreshold            0x08009231   Thumb Code    94  stm32h7xx_hal_uart_ex.o(i.HAL_UARTEx_SetRxFifoThreshold)
    HAL_UARTEx_SetTxFifoThreshold            0x0800928f   Thumb Code    94  stm32h7xx_hal_uart_ex.o(i.HAL_UARTEx_SetTxFifoThreshold)
    HAL_UARTEx_TxFifoEmptyCallback           0x080092ed   Thumb Code     2  stm32h7xx_hal_uart_ex.o(i.HAL_UARTEx_TxFifoEmptyCallback)
    HAL_UARTEx_WakeupCallback                0x080092ef   Thumb Code     2  stm32h7xx_hal_uart_ex.o(i.HAL_UARTEx_WakeupCallback)
    HAL_UART_ErrorCallback                   0x080092f1   Thumb Code     2  stm32h7xx_hal_uart.o(i.HAL_UART_ErrorCallback)
    HAL_UART_IRQHandler                      0x080092f5   Thumb Code  1172  stm32h7xx_hal_uart.o(i.HAL_UART_IRQHandler)
    HAL_UART_Init                            0x08009789   Thumb Code   120  stm32h7xx_hal_uart.o(i.HAL_UART_Init)
    HAL_UART_MspInit                         0x08009801   Thumb Code   790  usart.o(i.HAL_UART_MspInit)
    HAL_UART_Transmit                        0x08009b41   Thumb Code   194  stm32h7xx_hal_uart.o(i.HAL_UART_Transmit)
    HAL_UART_TxCpltCallback                  0x08009c03   Thumb Code     2  stm32h7xx_hal_uart.o(i.HAL_UART_TxCpltCallback)
    HardFault_Handler                        0x08009c05   Thumb Code     4  stm32h7xx_it.o(i.HardFault_Handler)
    Init_Cyber                               0x08009c09   Thumb Code    38  cybergear_control.o(i.Init_Cyber)
    MX_ADC1_Init                             0x08009ced   Thumb Code   180  adc.o(i.MX_ADC1_Init)
    MX_DMA_Init                              0x08009db1   Thumb Code    48  dma.o(i.MX_DMA_Init)
    MX_FDCAN1_Init                           0x08009de5   Thumb Code   120  fdcan.o(i.MX_FDCAN1_Init)
    MX_FDCAN2_Init                           0x08009e65   Thumb Code   122  fdcan.o(i.MX_FDCAN2_Init)
    MX_FDCAN3_Init                           0x08009ee9   Thumb Code   116  fdcan.o(i.MX_FDCAN3_Init)
    MX_GPIO_Init                             0x08009f65   Thumb Code   446  gpio.o(i.MX_GPIO_Init)
    MX_OCTOSPI2_Init                         0x0800a13d   Thumb Code   150  octospi.o(i.MX_OCTOSPI2_Init)
    MX_SPI1_Init                             0x0800a1e1   Thumb Code    92  spi.o(i.MX_SPI1_Init)
    MX_SPI2_Init                             0x0800a245   Thumb Code    90  spi.o(i.MX_SPI2_Init)
    MX_SPI6_Init                             0x0800a2a9   Thumb Code    90  spi.o(i.MX_SPI6_Init)
    MX_TIM12_Init                            0x0800a30d   Thumb Code   116  tim.o(i.MX_TIM12_Init)
    MX_TIM1_Init                             0x0800a389   Thumb Code   204  tim.o(i.MX_TIM1_Init)
    MX_TIM2_Init                             0x0800a45d   Thumb Code   138  tim.o(i.MX_TIM2_Init)
    MX_TIM3_Init                             0x0800a4ed   Thumb Code   118  tim.o(i.MX_TIM3_Init)
    MX_UART7_Init                            0x0800a56d   Thumb Code    98  usart.o(i.MX_UART7_Init)
    MX_USART10_UART_Init                     0x0800a5d9   Thumb Code    98  usart.o(i.MX_USART10_UART_Init)
    MX_USART1_UART_Init                      0x0800a645   Thumb Code    98  usart.o(i.MX_USART1_UART_Init)
    MX_USART2_UART_Init                      0x0800a6b1   Thumb Code   104  usart.o(i.MX_USART2_UART_Init)
    MX_USART3_UART_Init                      0x0800a721   Thumb Code   104  usart.o(i.MX_USART3_UART_Init)
    MemManage_Handler                        0x0800a791   Thumb Code     4  stm32h7xx_it.o(i.MemManage_Handler)
    Motor_Data_Handler                       0x0800a795   Thumb Code   128  cybergear_control.o(i.Motor_Data_Handler)
    NMI_Handler                              0x0800a825   Thumb Code     4  stm32h7xx_it.o(i.NMI_Handler)
    OTG_HS_IRQHandler                        0x0800a95d   Thumb Code    10  stm32h7xx_it.o(i.OTG_HS_IRQHandler)
    Set_Cyber_Mode                           0x0800aec1   Thumb Code    28  cybergear_control.o(i.Set_Cyber_Mode)
    Set_Cyber_Parameter                      0x0800aedd   Thumb Code   112  cybergear_control.o(i.Set_Cyber_Parameter)
    Set_Cyber_Pos                            0x0800af5d   Thumb Code    58  cybergear_control.o(i.Set_Cyber_Pos)
    Set_Cyber_ZeroPos                        0x0800afa1   Thumb Code    60  cybergear_control.o(i.Set_Cyber_ZeroPos)
    Set_Cyber_limitSp                        0x0800afed   Thumb Code    38  cybergear_control.o(i.Set_Cyber_limitSp)
    Set_Cyber_limitTor                       0x0800b013   Thumb Code    38  cybergear_control.o(i.Set_Cyber_limitTor)
    Start_Cyber                              0x0800b039   Thumb Code    54  cybergear_control.o(i.Start_Cyber)
    Stop_Cyber                               0x0800b081   Thumb Code    60  cybergear_control.o(i.Stop_Cyber)
    SysTick_Handler                          0x0800b0c9   Thumb Code    46  port.o(i.SysTick_Handler)
    SystemClock_Config                       0x0800b0fd   Thumb Code   204  main.o(i.SystemClock_Config)
    SystemInit                               0x0800b1cd   Thumb Code   192  system_stm32h7xx.o(i.SystemInit)
    TIM23_IRQHandler                         0x0800b2ad   Thumb Code    10  stm32h7xx_it.o(i.TIM23_IRQHandler)
    TIM_Base_SetConfig                       0x0800b2bd   Thumb Code   182  stm32h7xx_hal_tim.o(i.TIM_Base_SetConfig)
    TIM_OC2_SetConfig                        0x0800b449   Thumb Code   156  stm32h7xx_hal_tim.o(i.TIM_OC2_SetConfig)
    UART7_IRQHandler                         0x0800b705   Thumb Code    10  stm32h7xx_it.o(i.UART7_IRQHandler)
    UART_AdvFeatureConfig                    0x0800b76d   Thumb Code   248  stm32h7xx_hal_uart.o(i.UART_AdvFeatureConfig)
    UART_CheckIdleState                      0x0800b865   Thumb Code   234  stm32h7xx_hal_uart.o(i.UART_CheckIdleState)
    UART_SetConfig                           0x0800ba05   Thumb Code  1558  stm32h7xx_hal_uart.o(i.UART_SetConfig)
    UART_WaitOnFlagUntilTimeout              0x0800c02d   Thumb Code   162  stm32h7xx_hal_uart.o(i.UART_WaitOnFlagUntilTimeout)
    USART10_IRQHandler                       0x0800c0d1   Thumb Code    10  stm32h7xx_it.o(i.USART10_IRQHandler)
    USART1_IRQHandler                        0x0800c0e1   Thumb Code    10  stm32h7xx_it.o(i.USART1_IRQHandler)
    USART2_IRQHandler                        0x0800c0f1   Thumb Code    10  stm32h7xx_it.o(i.USART2_IRQHandler)
    USART3_IRQHandler                        0x0800c101   Thumb Code    10  stm32h7xx_it.o(i.USART3_IRQHandler)
    USBD_ClrClassConfig                      0x0800c111   Thumb Code    28  usbd_core.o(i.USBD_ClrClassConfig)
    USBD_CoreFindEP                          0x0800c16b   Thumb Code     6  usbd_core.o(i.USBD_CoreFindEP)
    USBD_CoreFindIF                          0x0800c171   Thumb Code     6  usbd_core.o(i.USBD_CoreFindIF)
    USBD_CtlContinueRx                       0x0800c177   Thumb Code    24  usbd_ioreq.o(i.USBD_CtlContinueRx)
    USBD_CtlContinueSendData                 0x0800c18f   Thumb Code    24  usbd_ioreq.o(i.USBD_CtlContinueSendData)
    USBD_CtlError                            0x0800c1a7   Thumb Code    24  usbd_ctlreq.o(i.USBD_CtlError)
    USBD_CtlReceiveStatus                    0x0800c1bf   Thumb Code    26  usbd_ioreq.o(i.USBD_CtlReceiveStatus)
    USBD_CtlSendData                         0x0800c1d9   Thumb Code    34  usbd_ioreq.o(i.USBD_CtlSendData)
    USBD_CtlSendStatus                       0x0800c1fb   Thumb Code    26  usbd_ioreq.o(i.USBD_CtlSendStatus)
    USBD_Get_USB_Status                      0x0800c4f7   Thumb Code    44  usbd_conf.o(i.USBD_Get_USB_Status)
    USBD_LL_ClearStallEP                     0x0800c523   Thumb Code    38  usbd_conf.o(i.USBD_LL_ClearStallEP)
    USBD_LL_DataInStage                      0x0800c549   Thumb Code   264  usbd_core.o(i.USBD_LL_DataInStage)
    USBD_LL_DataOutStage                     0x0800c651   Thumb Code   258  usbd_core.o(i.USBD_LL_DataOutStage)
    USBD_LL_DevConnected                     0x0800c753   Thumb Code     6  usbd_core.o(i.USBD_LL_DevConnected)
    USBD_LL_DevDisconnected                  0x0800c759   Thumb Code    38  usbd_core.o(i.USBD_LL_DevDisconnected)
    USBD_LL_IsStallEP                        0x0800c77f   Thumb Code    56  usbd_conf.o(i.USBD_LL_IsStallEP)
    USBD_LL_IsoINIncomplete                  0x0800c7b7   Thumb Code    72  usbd_core.o(i.USBD_LL_IsoINIncomplete)
    USBD_LL_IsoOUTIncomplete                 0x0800c7ff   Thumb Code    72  usbd_core.o(i.USBD_LL_IsoOUTIncomplete)
    USBD_LL_OpenEP                           0x0800c847   Thumb Code    48  usbd_conf.o(i.USBD_LL_OpenEP)
    USBD_LL_PrepareReceive                   0x0800c877   Thumb Code    48  usbd_conf.o(i.USBD_LL_PrepareReceive)
    USBD_LL_Reset                            0x0800c8a7   Thumb Code   108  usbd_core.o(i.USBD_LL_Reset)
    USBD_LL_Resume                           0x0800c913   Thumb Code    22  usbd_core.o(i.USBD_LL_Resume)
    USBD_LL_SOF                              0x0800c929   Thumb Code    40  usbd_core.o(i.USBD_LL_SOF)
    USBD_LL_SetSpeed                         0x0800c951   Thumb Code     8  usbd_core.o(i.USBD_LL_SetSpeed)
    USBD_LL_SetUSBAddress                    0x0800c959   Thumb Code    38  usbd_conf.o(i.USBD_LL_SetUSBAddress)
    USBD_LL_SetupStage                       0x0800c97f   Thumb Code   118  usbd_core.o(i.USBD_LL_SetupStage)
    USBD_LL_StallEP                          0x0800c9f5   Thumb Code    38  usbd_conf.o(i.USBD_LL_StallEP)
    USBD_LL_Suspend                          0x0800ca1b   Thumb Code    28  usbd_core.o(i.USBD_LL_Suspend)
    USBD_LL_Transmit                         0x0800ca37   Thumb Code    48  usbd_conf.o(i.USBD_LL_Transmit)
    USBD_ParseSetupRequest                   0x0800ca67   Thumb Code    54  usbd_ctlreq.o(i.USBD_ParseSetupRequest)
    USBD_RunTestMode                         0x0800ca9d   Thumb Code     6  usbd_core.o(i.USBD_RunTestMode)
    USBD_SetClassConfig                      0x0800cafd   Thumb Code    32  usbd_core.o(i.USBD_SetClassConfig)
    USBD_StdDevReq                           0x0800cc59   Thumb Code   174  usbd_ctlreq.o(i.USBD_StdDevReq)
    USBD_StdEPReq                            0x0800cd07   Thumb Code   640  usbd_ctlreq.o(i.USBD_StdEPReq)
    USBD_StdItfReq                           0x0800cf87   Thumb Code   174  usbd_ctlreq.o(i.USBD_StdItfReq)
    USB_ActivateEndpoint                     0x0800d035   Thumb Code   202  stm32h7xx_ll_usb.o(i.USB_ActivateEndpoint)
    USB_ActivateSetup                        0x0800d105   Thumb Code    40  stm32h7xx_ll_usb.o(i.USB_ActivateSetup)
    USB_EP0_OutStart                         0x0800d12d   Thumb Code   106  stm32h7xx_ll_usb.o(i.USB_EP0_OutStart)
    USB_EPClearStall                         0x0800d19d   Thumb Code   142  stm32h7xx_ll_usb.o(i.USB_EPClearStall)
    USB_EPSetStall                           0x0800d22b   Thumb Code   154  stm32h7xx_ll_usb.o(i.USB_EPSetStall)
    USB_EPStartXfer                          0x0800d2c5   Thumb Code   944  stm32h7xx_ll_usb.o(i.USB_EPStartXfer)
    USB_EPStopXfer                           0x0800d679   Thumb Code   236  stm32h7xx_ll_usb.o(i.USB_EPStopXfer)
    USB_FlushTxFifo                          0x0800d765   Thumb Code    84  stm32h7xx_ll_usb.o(i.USB_FlushTxFifo)
    USB_GetDevSpeed                          0x0800d7bd   Thumb Code    38  stm32h7xx_ll_usb.o(i.USB_GetDevSpeed)
    USB_GetMode                              0x0800d7e3   Thumb Code    10  stm32h7xx_ll_usb.o(i.USB_GetMode)
    USB_ReadDevAllInEpInterrupt              0x0800d7ed   Thumb Code    20  stm32h7xx_ll_usb.o(i.USB_ReadDevAllInEpInterrupt)
    USB_ReadDevAllOutEpInterrupt             0x0800d801   Thumb Code    20  stm32h7xx_ll_usb.o(i.USB_ReadDevAllOutEpInterrupt)
    USB_ReadDevInEPInterrupt                 0x0800d815   Thumb Code    50  stm32h7xx_ll_usb.o(i.USB_ReadDevInEPInterrupt)
    USB_ReadDevOutEPInterrupt                0x0800d847   Thumb Code    26  stm32h7xx_ll_usb.o(i.USB_ReadDevOutEPInterrupt)
    USB_ReadInterrupts                       0x0800d861   Thumb Code    10  stm32h7xx_ll_usb.o(i.USB_ReadInterrupts)
    USB_ReadPacket                           0x0800d86b   Thumb Code    96  stm32h7xx_ll_usb.o(i.USB_ReadPacket)
    USB_SetDevAddress                        0x0800d8cb   Thumb Code    42  stm32h7xx_ll_usb.o(i.USB_SetDevAddress)
    USB_SetTurnaroundTime                    0x0800d8f5   Thumb Code   192  stm32h7xx_ll_usb.o(i.USB_SetTurnaroundTime)
    USB_WritePacket                          0x0800d9dd   Thumb Code    68  stm32h7xx_ll_usb.o(i.USB_WritePacket)
    UsageFault_Handler                       0x0800da21   Thumb Code     4  stm32h7xx_it.o(i.UsageFault_Handler)
    __scatterload_copy                       0x0800da5d   Thumb Code    14  handlers.o(i.__scatterload_copy)
    __scatterload_null                       0x0800da6b   Thumb Code     2  handlers.o(i.__scatterload_null)
    __scatterload_zeroinit                   0x0800da6d   Thumb Code    14  handlers.o(i.__scatterload_zeroinit)
    can_bsp_init                             0x0800da7d   Thumb Code    56  can_bsp.o(i.can_bsp_init)
    can_filter_init                          0x0800dac1   Thumb Code    56  can_bsp.o(i.can_filter_init)
    fdcan1_rx_callback                       0x0800dafd   Thumb Code    24  can_bsp.o(i.fdcan1_rx_callback)
    fdcan2_rx_callback                       0x0800db25   Thumb Code    24  can_bsp.o(i.fdcan2_rx_callback)
    fdcan3_rx_callback                       0x0800db4d   Thumb Code    12  can_bsp.o(i.fdcan3_rx_callback)
    fdcanx_receive                           0x0800db61   Thumb Code    36  can_bsp.o(i.fdcanx_receive)
    main                                     0x0800db85   Thumb Code   458  main.o(i.main)
    uint16_to_float                          0x0800dda9   Thumb Code    48  cybergear_control.o(i.uint16_to_float)
    uxListRemove                             0x0800ddd9   Thumb Code    40  list.o(i.uxListRemove)
    vListInsertEnd                           0x0800de01   Thumb Code    24  list.o(i.vListInsertEnd)
    vTaskSwitchContext                       0x0800de19   Thumb Code   118  tasks.o(i.vTaskSwitchContext)
    vofa_CyberGear                           0x0800dea5   Thumb Code    68  cybergear_control.o(i.vofa_CyberGear)
    vofa_send_data                           0x0800dee9   Thumb Code    82  vofa.o(i.vofa_send_data)
    vofa_sendframetail                       0x0800df45   Thumb Code    86  vofa.o(i.vofa_sendframetail)
    vofa_transmit                            0x0800dfa5   Thumb Code    22  vofa.o(i.vofa_transmit)
    xTaskIncrementTick                       0x0800dfc1   Thumb Code   282  tasks.o(i.xTaskIncrementTick)
    UARTPrescTable                           0x0800e16c   Data          24  stm32h7xx_hal_uart.o(.constdata)
    D1CorePrescTable                         0x0800e194   Data          16  system_stm32h7xx.o(.constdata)
    Region$$Table$$Base                      0x0800e1a4   Number         0  anon$$obj.o(Region$$Table)
    Region$$Table$$Limit                     0x0800e1c4   Number         0  anon$$obj.o(Region$$Table)
    cnt                                      0x24000000   Data           2  vofa.o(.data)
    OSPI_Status                              0x24000008   Data           4  main.o(.data)
    scnt                                     0x2400000c   Data           4  main.o(.data)
    scnt1                                    0x24000010   Data           4  main.o(.data)
    uwTick                                   0x24000018   Data           4  stm32h7xx_hal.o(.data)
    uwTickPrio                               0x2400001c   Data           4  stm32h7xx_hal.o(.data)
    uwTickFreq                               0x24000020   Data           1  stm32h7xx_hal.o(.data)
    SystemCoreClock                          0x24000024   Data           4  system_stm32h7xx.o(.data)
    SystemD2Clock                            0x24000028   Data           4  system_stm32h7xx.o(.data)
    pxCurrentTCB                             0x2400002c   Data           4  tasks.o(.data)
    rx_data1                                 0x24000069   Data           8  can_bsp.o(.data)
    rx_data2                                 0x24000071   Data           8  can_bsp.o(.data)
    rx_data3                                 0x24000079   Data           8  can_bsp.o(.data)
    send_buf                                 0x24000084   Data        1024  vofa.o(.bss)
    hadc1                                    0x24000484   Data         112  adc.o(.bss)
    hdma_adc1                                0x240004f4   Data         120  adc.o(.bss)
    hfdcan1                                  0x2400056c   Data         160  fdcan.o(.bss)
    hfdcan2                                  0x2400060c   Data         160  fdcan.o(.bss)
    hfdcan3                                  0x240006ac   Data         160  fdcan.o(.bss)
    hospi2                                   0x2400074c   Data          92  octospi.o(.bss)
    hspi1                                    0x240007a8   Data         136  spi.o(.bss)
    hspi2                                    0x24000830   Data         136  spi.o(.bss)
    hspi6                                    0x240008b8   Data         136  spi.o(.bss)
    htim1                                    0x24000940   Data          76  tim.o(.bss)
    htim2                                    0x2400098c   Data          76  tim.o(.bss)
    htim3                                    0x240009d8   Data          76  tim.o(.bss)
    htim12                                   0x24000a24   Data          76  tim.o(.bss)
    huart7                                   0x24000a70   Data         148  usart.o(.bss)
    huart1                                   0x24000b04   Data         148  usart.o(.bss)
    huart2                                   0x24000b98   Data         148  usart.o(.bss)
    huart3                                   0x24000c2c   Data         148  usart.o(.bss)
    huart10                                  0x24000cc0   Data         148  usart.o(.bss)
    htim23                                   0x24000d54   Data          76  stm32h7xx_hal_timebase_tim.o(.bss)
    hpcd_USB_OTG_HS                          0x24000da0   Data        1292  usbd_conf.o(.bss)
    X_Cyber                                  0x240015bc   Data         108  cybergear_control.o(.bss)
    Y_Cyber                                  0x24001628   Data         108  cybergear_control.o(.bss)
    rxMsg                                    0x24001694   Data          40  cybergear_control.o(.bss)
    txMsg                                    0x240016bc   Data          36  cybergear_control.o(.bss)
    __initial_sp                             0x24001ee0   Data           0  startup_stm32h723xx.o(STACK)



==============================================================================

Memory Map of the image

  Image Entry point : 0x080002cd

  Load Region LR_IROM1 (Base: 0x08000000, Size: 0x0000e248, Max: 0x00100000, ABSOLUTE)

    Execution Region ER_IROM1 (Exec base: 0x08000000, Load base: 0x08000000, Size: 0x0000e1c4, Max: 0x00100000, ABSOLUTE)

    Exec Addr    Load Addr    Size         Type   Attr      Idx    E Section Name        Object

    0x08000000   0x08000000   0x000002cc   Data   RO            3    RESET               startup_stm32h723xx.o
    0x080002cc   0x080002cc   0x00000000   Code   RO        11402  * .ARM.Collect$$$$00000000  mc_w.l(entry.o)
    0x080002cc   0x080002cc   0x00000004   Code   RO        11737    .ARM.Collect$$$$00000001  mc_w.l(entry2.o)
    0x080002d0   0x080002d0   0x00000004   Code   RO        11740    .ARM.Collect$$$$00000004  mc_w.l(entry5.o)
    0x080002d4   0x080002d4   0x00000000   Code   RO        11742    .ARM.Collect$$$$00000008  mc_w.l(entry7b.o)
    0x080002d4   0x080002d4   0x00000000   Code   RO        11744    .ARM.Collect$$$$0000000A  mc_w.l(entry8b.o)
    0x080002d4   0x080002d4   0x00000008   Code   RO        11745    .ARM.Collect$$$$0000000B  mc_w.l(entry9a.o)
    0x080002dc   0x080002dc   0x00000004   Code   RO        11752    .ARM.Collect$$$$0000000E  mc_w.l(entry12b.o)
    0x080002e0   0x080002e0   0x00000000   Code   RO        11747    .ARM.Collect$$$$0000000F  mc_w.l(entry10a.o)
    0x080002e0   0x080002e0   0x00000000   Code   RO        11749    .ARM.Collect$$$$00000011  mc_w.l(entry11a.o)
    0x080002e0   0x080002e0   0x00000004   Code   RO        11738    .ARM.Collect$$$$00002712  mc_w.l(entry2.o)
    0x080002e4   0x080002e4   0x000000be   Code   RO         9742    .emb_text           port.o
    0x080003a2   0x080003a2   0x00000002   PAD
    0x080003a4   0x080003a4   0x00000024   Code   RO            4    .text               startup_stm32h723xx.o
    0x080003c8   0x080003c8   0x00000062   Code   RO        11405    .text               mc_w.l(uldiv.o)
    0x0800042a   0x0800042a   0x00000024   Code   RO        11407    .text               mc_w.l(memcpya.o)
    0x0800044e   0x0800044e   0x00000024   Code   RO        11411    .text               mc_w.l(memseta.o)
    0x08000472   0x08000472   0x0000001e   Code   RO        11756    .text               mc_w.l(llshl.o)
    0x08000490   0x08000490   0x00000020   Code   RO        11758    .text               mc_w.l(llushr.o)
    0x080004b0   0x080004b0   0x00000024   Code   RO        11788    .text               mc_w.l(init.o)
    0x080004d4   0x080004d4   0x00000130   Code   RO         4797    i.ADC_ConfigureBoostMode  stm32h7xx_hal_adc.o
    0x08000604   0x08000604   0x00000004   Code   RO         1036    i.BusFault_Handler  stm32h7xx_it.o
    0x08000608   0x08000608   0x00000010   Code   RO         1037    i.DMA1_Stream0_IRQHandler  stm32h7xx_it.o
    0x08000618   0x08000618   0x000000ec   Code   RO         3010    i.DMA_CalcBaseAndBitshift  stm32h7xx_hal_dma.o
    0x08000704   0x08000704   0x000000c4   Code   RO         3011    i.DMA_CalcDMAMUXChannelBaseAndMask  stm32h7xx_hal_dma.o
    0x080007c8   0x080007c8   0x00000098   Code   RO         3012    i.DMA_CalcDMAMUXRequestGenBaseAndMask  stm32h7xx_hal_dma.o
    0x08000860   0x08000860   0x000000ae   Code   RO         3013    i.DMA_CheckFifoParam  stm32h7xx_hal_dma.o
    0x0800090e   0x0800090e   0x00000002   Code   RO         1038    i.DebugMon_Handler  stm32h7xx_it.o
    0x08000910   0x08000910   0x00000006   Code   RO          250    i.Error_Handler     main.o
    0x08000916   0x08000916   0x00000002   PAD
    0x08000918   0x08000918   0x00000010   Code   RO         1039    i.FDCAN1_IT0_IRQHandler  stm32h7xx_it.o
    0x08000928   0x08000928   0x00000010   Code   RO         1040    i.FDCAN1_IT1_IRQHandler  stm32h7xx_it.o
    0x08000938   0x08000938   0x00000010   Code   RO         1041    i.FDCAN2_IT0_IRQHandler  stm32h7xx_it.o
    0x08000948   0x08000948   0x00000010   Code   RO         1042    i.FDCAN2_IT1_IRQHandler  stm32h7xx_it.o
    0x08000958   0x08000958   0x00000010   Code   RO         1043    i.FDCAN3_IT0_IRQHandler  stm32h7xx_it.o
    0x08000968   0x08000968   0x00000010   Code   RO         1044    i.FDCAN3_IT1_IRQHandler  stm32h7xx_it.o
    0x08000978   0x08000978   0x00000220   Code   RO         5343    i.FDCAN_CalcultateRamBlockAddresses  stm32h7xx_hal_fdcan.o
    0x08000b98   0x08000b98   0x000000d4   Code   RO         5344    i.FDCAN_CopyMessageToRAM  stm32h7xx_hal_fdcan.o
    0x08000c6c   0x08000c6c   0x00000164   Code   RO         5094    i.HAL_ADCEx_MultiModeConfigChannel  stm32h7xx_hal_adc_ex.o
    0x08000dd0   0x08000dd0   0x00000788   Code   RO         4805    i.HAL_ADC_ConfigChannel  stm32h7xx_hal_adc.o
    0x08001558   0x08001558   0x00000340   Code   RO         4814    i.HAL_ADC_Init      stm32h7xx_hal_adc.o
    0x08001898   0x08001898   0x0000012c   Code   RO          675    i.HAL_ADC_MspInit   adc.o
    0x080019c4   0x080019c4   0x000004dc   Code   RO         3015    i.HAL_DMA_Abort     stm32h7xx_hal_dma.o
    0x08001ea0   0x08001ea0   0x00000398   Code   RO         3016    i.HAL_DMA_Abort_IT  stm32h7xx_hal_dma.o
    0x08002238   0x08002238   0x00000af8   Code   RO         3020    i.HAL_DMA_IRQHandler  stm32h7xx_hal_dma.o
    0x08002d30   0x08002d30   0x00000514   Code   RO         3021    i.HAL_DMA_Init      stm32h7xx_hal_dma.o
    0x08003244   0x08003244   0x00000028   Code   RO         3858    i.HAL_Delay         stm32h7xx_hal.o
    0x0800326c   0x0800326c   0x000000a8   Code   RO         5346    i.HAL_FDCAN_ActivateNotification  stm32h7xx_hal_fdcan.o
    0x08003314   0x08003314   0x00000090   Code   RO         5348    i.HAL_FDCAN_AddMessageToTxFifoQ  stm32h7xx_hal_fdcan.o
    0x080033a4   0x080033a4   0x00000002   Code   RO         5349    i.HAL_FDCAN_ClockCalibrationCallback  stm32h7xx_hal_fdcan.o
    0x080033a6   0x080033a6   0x0000006c   Code   RO         5352    i.HAL_FDCAN_ConfigFifoWatermark  stm32h7xx_hal_fdcan.o
    0x08003412   0x08003412   0x000000a8   Code   RO         5353    i.HAL_FDCAN_ConfigFilter  stm32h7xx_hal_fdcan.o
    0x080034ba   0x080034ba   0x00000002   Code   RO         5375    i.HAL_FDCAN_ErrorCallback  stm32h7xx_hal_fdcan.o
    0x080034bc   0x080034bc   0x00000002   Code   RO         5376    i.HAL_FDCAN_ErrorStatusCallback  stm32h7xx_hal_fdcan.o
    0x080034be   0x080034be   0x00000002   PAD
    0x080034c0   0x080034c0   0x000001f4   Code   RO         5387    i.HAL_FDCAN_GetRxMessage  stm32h7xx_hal_fdcan.o
    0x080036b4   0x080036b4   0x00000002   Code   RO         5393    i.HAL_FDCAN_HighPriorityMessageCallback  stm32h7xx_hal_fdcan.o
    0x080036b6   0x080036b6   0x00000002   PAD
    0x080036b8   0x080036b8   0x000003d4   Code   RO         5394    i.HAL_FDCAN_IRQHandler  stm32h7xx_hal_fdcan.o
    0x08003a8c   0x08003a8c   0x000002e0   Code   RO         5395    i.HAL_FDCAN_Init    stm32h7xx_hal_fdcan.o
    0x08003d6c   0x08003d6c   0x0000023c   Code   RO          744    i.HAL_FDCAN_MspInit  fdcan.o
    0x08003fa8   0x08003fa8   0x00000002   Code   RO         5404    i.HAL_FDCAN_RxBufferNewMessageCallback  stm32h7xx_hal_fdcan.o
    0x08003faa   0x08003faa   0x00000002   PAD
    0x08003fac   0x08003fac   0x00000038   Code   RO        10688    i.HAL_FDCAN_RxFifo0Callback  can_bsp.o
    0x08003fe4   0x08003fe4   0x00000002   Code   RO         5406    i.HAL_FDCAN_RxFifo1Callback  stm32h7xx_hal_fdcan.o
    0x08003fe6   0x08003fe6   0x00000034   Code   RO         5407    i.HAL_FDCAN_Start   stm32h7xx_hal_fdcan.o
    0x0800401a   0x0800401a   0x00000002   Code   RO         5429    i.HAL_FDCAN_TT_GlobalTimeCallback  stm32h7xx_hal_fdcan.o
    0x0800401c   0x0800401c   0x00000002   Code   RO         5430    i.HAL_FDCAN_TT_ScheduleSyncCallback  stm32h7xx_hal_fdcan.o
    0x0800401e   0x0800401e   0x00000002   Code   RO         5435    i.HAL_FDCAN_TT_StopWatchCallback  stm32h7xx_hal_fdcan.o
    0x08004020   0x08004020   0x00000002   Code   RO         5436    i.HAL_FDCAN_TT_TimeMarkCallback  stm32h7xx_hal_fdcan.o
    0x08004022   0x08004022   0x00000002   Code   RO         5437    i.HAL_FDCAN_TimeoutOccurredCallback  stm32h7xx_hal_fdcan.o
    0x08004024   0x08004024   0x00000002   Code   RO         5438    i.HAL_FDCAN_TimestampWraparoundCallback  stm32h7xx_hal_fdcan.o
    0x08004026   0x08004026   0x00000002   Code   RO         5439    i.HAL_FDCAN_TxBufferAbortCallback  stm32h7xx_hal_fdcan.o
    0x08004028   0x08004028   0x00000002   Code   RO         5440    i.HAL_FDCAN_TxBufferCompleteCallback  stm32h7xx_hal_fdcan.o
    0x0800402a   0x0800402a   0x00000002   Code   RO         5441    i.HAL_FDCAN_TxEventFifoCallback  stm32h7xx_hal_fdcan.o
    0x0800402c   0x0800402c   0x00000002   Code   RO         5442    i.HAL_FDCAN_TxFifoEmptyCallback  stm32h7xx_hal_fdcan.o
    0x0800402e   0x0800402e   0x00000002   PAD
    0x08004030   0x08004030   0x0000016c   Code   RO         2860    i.HAL_GPIO_DeInit   stm32h7xx_hal_gpio.o
    0x0800419c   0x0800419c   0x000001f0   Code   RO         2863    i.HAL_GPIO_Init     stm32h7xx_hal_gpio.o
    0x0800438c   0x0800438c   0x0000000c   Code   RO         2867    i.HAL_GPIO_WritePin  stm32h7xx_hal_gpio.o
    0x08004398   0x08004398   0x0000000c   Code   RO         3874    i.HAL_GetTick       stm32h7xx_hal.o
    0x080043a4   0x080043a4   0x00000018   Code   RO         3880    i.HAL_IncTick       stm32h7xx_hal.o
    0x080043bc   0x080043bc   0x00000060   Code   RO         3881    i.HAL_Init          stm32h7xx_hal.o
    0x0800441c   0x0800441c   0x00000094   Code   RO         1202    i.HAL_InitTick      stm32h7xx_hal_timebase_tim.o
    0x080044b0   0x080044b0   0x00000030   Code   RO         1178    i.HAL_MspInit       stm32h7xx_hal_msp.o
    0x080044e0   0x080044e0   0x00000028   Code   RO         3711    i.HAL_NVIC_EnableIRQ  stm32h7xx_hal_cortex.o
    0x08004508   0x08004508   0x0000007a   Code   RO         3717    i.HAL_NVIC_SetPriority  stm32h7xx_hal_cortex.o
    0x08004582   0x08004582   0x00000002   PAD
    0x08004584   0x08004584   0x00000028   Code   RO         3718    i.HAL_NVIC_SetPriorityGrouping  stm32h7xx_hal_cortex.o
    0x080045ac   0x080045ac   0x000006f8   Code   RO         5961    i.HAL_OSPIM_Config  stm32h7xx_hal_ospi.o
    0x08004ca4   0x08004ca4   0x00000032   Code   RO         5970    i.HAL_OSPI_DeInit   stm32h7xx_hal_ospi.o
    0x08004cd6   0x08004cd6   0x00000002   PAD
    0x08004cd8   0x08004cd8   0x00000110   Code   RO         5979    i.HAL_OSPI_Init     stm32h7xx_hal_ospi.o
    0x08004de8   0x08004de8   0x00000060   Code   RO          798    i.HAL_OSPI_MspDeInit  octospi.o
    0x08004e48   0x08004e48   0x000001a4   Code   RO          799    i.HAL_OSPI_MspInit  octospi.o
    0x08004fec   0x08004fec   0x00000008   Code   RO         5989    i.HAL_OSPI_SetTimeout  stm32h7xx_hal_ospi.o
    0x08004ff4   0x08004ff4   0x00000002   Code   RO         1913    i.HAL_PCDEx_LPM_Callback  stm32h7xx_hal_pcd_ex.o
    0x08004ff6   0x08004ff6   0x0000000e   Code   RO         1459    i.HAL_PCD_ConnectCallback  usbd_conf.o
    0x08005004   0x08005004   0x00000020   Code   RO         1460    i.HAL_PCD_DataInStageCallback  usbd_conf.o
    0x08005024   0x08005024   0x00000020   Code   RO         1461    i.HAL_PCD_DataOutStageCallback  usbd_conf.o
    0x08005044   0x08005044   0x0000000e   Code   RO         1462    i.HAL_PCD_DisconnectCallback  usbd_conf.o
    0x08005052   0x08005052   0x00000042   Code   RO         1679    i.HAL_PCD_EP_Abort  stm32h7xx_hal_pcd.o
    0x08005094   0x08005094   0x0000007c   Code   RO         1681    i.HAL_PCD_EP_ClrStall  stm32h7xx_hal_pcd.o
    0x08005110   0x08005110   0x0000008c   Code   RO         1684    i.HAL_PCD_EP_Open   stm32h7xx_hal_pcd.o
    0x0800519c   0x0800519c   0x00000046   Code   RO         1685    i.HAL_PCD_EP_Receive  stm32h7xx_hal_pcd.o
    0x080051e2   0x080051e2   0x0000008a   Code   RO         1686    i.HAL_PCD_EP_SetStall  stm32h7xx_hal_pcd.o
    0x0800526c   0x0800526c   0x00000048   Code   RO         1687    i.HAL_PCD_EP_Transmit  stm32h7xx_hal_pcd.o
    0x080052b4   0x080052b4   0x0000070e   Code   RO         1689    i.HAL_PCD_IRQHandler  stm32h7xx_hal_pcd.o
    0x080059c2   0x080059c2   0x00000012   Code   RO         1463    i.HAL_PCD_ISOINIncompleteCallback  usbd_conf.o
    0x080059d4   0x080059d4   0x00000012   Code   RO         1464    i.HAL_PCD_ISOOUTIncompleteCallback  usbd_conf.o
    0x080059e6   0x080059e6   0x00000030   Code   RO         1467    i.HAL_PCD_ResetCallback  usbd_conf.o
    0x08005a16   0x08005a16   0x0000000e   Code   RO         1468    i.HAL_PCD_ResumeCallback  usbd_conf.o
    0x08005a24   0x08005a24   0x0000000e   Code   RO         1469    i.HAL_PCD_SOFCallback  usbd_conf.o
    0x08005a32   0x08005a32   0x00000036   Code   RO         1698    i.HAL_PCD_SetAddress  stm32h7xx_hal_pcd.o
    0x08005a68   0x08005a68   0x00000012   Code   RO         1470    i.HAL_PCD_SetupStageCallback  usbd_conf.o
    0x08005a7a   0x08005a7a   0x00000002   PAD
    0x08005a7c   0x08005a7c   0x00000034   Code   RO         1471    i.HAL_PCD_SuspendCallback  usbd_conf.o
    0x08005ab0   0x08005ab0   0x00000060   Code   RO         3464    i.HAL_PWREx_ConfigSupply  stm32h7xx_hal_pwr_ex.o
    0x08005b10   0x08005b10   0x00000024   Code   RO         2406    i.HAL_RCCEx_GetD3PCLK1Freq  stm32h7xx_hal_rcc_ex.o
    0x08005b34   0x08005b34   0x00000230   Code   RO         2407    i.HAL_RCCEx_GetPLL1ClockFreq  stm32h7xx_hal_rcc_ex.o
    0x08005d64   0x08005d64   0x00000230   Code   RO         2408    i.HAL_RCCEx_GetPLL2ClockFreq  stm32h7xx_hal_rcc_ex.o
    0x08005f94   0x08005f94   0x00000230   Code   RO         2409    i.HAL_RCCEx_GetPLL3ClockFreq  stm32h7xx_hal_rcc_ex.o
    0x080061c4   0x080061c4   0x000007ac   Code   RO         2411    i.HAL_RCCEx_GetPeriphCLKFreq  stm32h7xx_hal_rcc_ex.o
    0x08006970   0x08006970   0x00000cc8   Code   RO         2415    i.HAL_RCCEx_PeriphCLKConfig  stm32h7xx_hal_rcc_ex.o
    0x08007638   0x08007638   0x00000320   Code   RO         2291    i.HAL_RCC_ClockConfig  stm32h7xx_hal_rcc.o
    0x08007958   0x08007958   0x0000006c   Code   RO         2295    i.HAL_RCC_GetClockConfig  stm32h7xx_hal_rcc.o
    0x080079c4   0x080079c4   0x0000004c   Code   RO         2296    i.HAL_RCC_GetHCLKFreq  stm32h7xx_hal_rcc.o
    0x08007a10   0x08007a10   0x00000024   Code   RO         2298    i.HAL_RCC_GetPCLK1Freq  stm32h7xx_hal_rcc.o
    0x08007a34   0x08007a34   0x00000024   Code   RO         2299    i.HAL_RCC_GetPCLK2Freq  stm32h7xx_hal_rcc.o
    0x08007a58   0x08007a58   0x0000022c   Code   RO         2300    i.HAL_RCC_GetSysClockFreq  stm32h7xx_hal_rcc.o
    0x08007c84   0x08007c84   0x000000bc   Code   RO         2301    i.HAL_RCC_MCOConfig  stm32h7xx_hal_rcc.o
    0x08007d40   0x08007d40   0x0000075c   Code   RO         2303    i.HAL_RCC_OscConfig  stm32h7xx_hal_rcc.o
    0x0800849c   0x0800849c   0x00000098   Code   RO         8013    i.HAL_RS485Ex_Init  stm32h7xx_hal_uart_ex.o
    0x08008534   0x08008534   0x000001b0   Code   RO         6236    i.HAL_SPI_Init      stm32h7xx_hal_spi.o
    0x080086e4   0x080086e4   0x00000250   Code   RO          841    i.HAL_SPI_MspInit   spi.o
    0x08008934   0x08008934   0x00000002   Code   RO         7286    i.HAL_TIMEx_Break2Callback  stm32h7xx_hal_tim_ex.o
    0x08008936   0x08008936   0x00000002   Code   RO         7287    i.HAL_TIMEx_BreakCallback  stm32h7xx_hal_tim_ex.o
    0x08008938   0x08008938   0x00000002   Code   RO         7288    i.HAL_TIMEx_CommutCallback  stm32h7xx_hal_tim_ex.o
    0x0800893a   0x0800893a   0x00000002   PAD
    0x0800893c   0x0800893c   0x000000e8   Code   RO         7290    i.HAL_TIMEx_ConfigBreakDeadTime  stm32h7xx_hal_tim_ex.o
    0x08008a24   0x08008a24   0x000000e4   Code   RO         7309    i.HAL_TIMEx_MasterConfigSynchronization  stm32h7xx_hal_tim_ex.o
    0x08008b08   0x08008b08   0x0000006e   Code   RO         6561    i.HAL_TIM_Base_Init  stm32h7xx_hal_tim.o
    0x08008b76   0x08008b76   0x00000002   Code   RO         6563    i.HAL_TIM_Base_MspInit  stm32h7xx_hal_tim.o
    0x08008b78   0x08008b78   0x000000cc   Code   RO         6566    i.HAL_TIM_Base_Start_IT  stm32h7xx_hal_tim.o
    0x08008c44   0x08008c44   0x00000002   Code   RO         6595    i.HAL_TIM_IC_CaptureCallback  stm32h7xx_hal_tim.o
    0x08008c46   0x08008c46   0x000001b8   Code   RO         6609    i.HAL_TIM_IRQHandler  stm32h7xx_hal_tim.o
    0x08008dfe   0x08008dfe   0x00000002   PAD
    0x08008e00   0x08008e00   0x00000130   Code   RO          894    i.HAL_TIM_MspPostInit  tim.o
    0x08008f30   0x08008f30   0x00000002   Code   RO         6612    i.HAL_TIM_OC_DelayElapsedCallback  stm32h7xx_hal_tim.o
    0x08008f32   0x08008f32   0x00000170   Code   RO         6633    i.HAL_TIM_PWM_ConfigChannel  stm32h7xx_hal_tim.o
    0x080090a2   0x080090a2   0x0000006e   Code   RO         6636    i.HAL_TIM_PWM_Init  stm32h7xx_hal_tim.o
    0x08009110   0x08009110   0x000000b0   Code   RO          896    i.HAL_TIM_PWM_MspInit  tim.o
    0x080091c0   0x080091c0   0x00000002   Code   RO         6639    i.HAL_TIM_PWM_PulseFinishedCallback  stm32h7xx_hal_tim.o
    0x080091c2   0x080091c2   0x00000002   PAD
    0x080091c4   0x080091c4   0x00000018   Code   RO          251    i.HAL_TIM_PeriodElapsedCallback  main.o
    0x080091dc   0x080091dc   0x00000002   Code   RO         6652    i.HAL_TIM_TriggerCallback  stm32h7xx_hal_tim.o
    0x080091de   0x080091de   0x0000004e   Code   RO         8014    i.HAL_UARTEx_DisableFifoMode  stm32h7xx_hal_uart_ex.o
    0x0800922c   0x0800922c   0x00000002   Code   RO         7598    i.HAL_UARTEx_RxEventCallback  stm32h7xx_hal_uart.o
    0x0800922e   0x0800922e   0x00000002   Code   RO         8022    i.HAL_UARTEx_RxFifoFullCallback  stm32h7xx_hal_uart_ex.o
    0x08009230   0x08009230   0x0000005e   Code   RO         8023    i.HAL_UARTEx_SetRxFifoThreshold  stm32h7xx_hal_uart_ex.o
    0x0800928e   0x0800928e   0x0000005e   Code   RO         8024    i.HAL_UARTEx_SetTxFifoThreshold  stm32h7xx_hal_uart_ex.o
    0x080092ec   0x080092ec   0x00000002   Code   RO         8026    i.HAL_UARTEx_TxFifoEmptyCallback  stm32h7xx_hal_uart_ex.o
    0x080092ee   0x080092ee   0x00000002   Code   RO         8027    i.HAL_UARTEx_WakeupCallback  stm32h7xx_hal_uart_ex.o
    0x080092f0   0x080092f0   0x00000002   Code   RO         7614    i.HAL_UART_ErrorCallback  stm32h7xx_hal_uart.o
    0x080092f2   0x080092f2   0x00000002   PAD
    0x080092f4   0x080092f4   0x00000494   Code   RO         7617    i.HAL_UART_IRQHandler  stm32h7xx_hal_uart.o
    0x08009788   0x08009788   0x00000078   Code   RO         7618    i.HAL_UART_Init     stm32h7xx_hal_uart.o
    0x08009800   0x08009800   0x00000340   Code   RO          961    i.HAL_UART_MspInit  usart.o
    0x08009b40   0x08009b40   0x000000c2   Code   RO         7627    i.HAL_UART_Transmit  stm32h7xx_hal_uart.o
    0x08009c02   0x08009c02   0x00000002   Code   RO         7630    i.HAL_UART_TxCpltCallback  stm32h7xx_hal_uart.o
    0x08009c04   0x08009c04   0x00000004   Code   RO         1045    i.HardFault_Handler  stm32h7xx_it.o
    0x08009c08   0x08009c08   0x00000030   Code   RO        11145    i.Init_Cyber        cybergear_control.o
    0x08009c38   0x08009c38   0x00000012   Code   RO         4830    i.LL_ADC_GetOffsetChannel  stm32h7xx_hal_adc.o
    0x08009c4a   0x08009c4a   0x0000000a   Code   RO         4831    i.LL_ADC_INJ_IsConversionOngoing  stm32h7xx_hal_adc.o
    0x08009c54   0x08009c54   0x0000000a   Code   RO         4833    i.LL_ADC_IsEnabled  stm32h7xx_hal_adc.o
    0x08009c5e   0x08009c5e   0x0000000a   Code   RO         5107    i.LL_ADC_IsEnabled  stm32h7xx_hal_adc_ex.o
    0x08009c68   0x08009c68   0x0000000a   Code   RO         4834    i.LL_ADC_IsInternalRegulatorEnabled  stm32h7xx_hal_adc.o
    0x08009c72   0x08009c72   0x0000000a   Code   RO         4835    i.LL_ADC_REG_IsConversionOngoing  stm32h7xx_hal_adc.o
    0x08009c7c   0x08009c7c   0x0000000a   Code   RO         5108    i.LL_ADC_REG_IsConversionOngoing  stm32h7xx_hal_adc_ex.o
    0x08009c86   0x08009c86   0x00000028   Code   RO         4839    i.LL_ADC_SetChannelSamplingTime  stm32h7xx_hal_adc.o
    0x08009cae   0x08009cae   0x0000000c   Code   RO         4840    i.LL_ADC_SetCommonPathInternalCh  stm32h7xx_hal_adc.o
    0x08009cba   0x08009cba   0x00000002   PAD
    0x08009cbc   0x08009cbc   0x00000030   Code   RO         4841    i.LL_ADC_SetOffsetState  stm32h7xx_hal_adc.o
    0x08009cec   0x08009cec   0x000000c4   Code   RO          676    i.MX_ADC1_Init      adc.o
    0x08009db0   0x08009db0   0x00000034   Code   RO          716    i.MX_DMA_Init       dma.o
    0x08009de4   0x08009de4   0x00000080   Code   RO          745    i.MX_FDCAN1_Init    fdcan.o
    0x08009e64   0x08009e64   0x00000084   Code   RO          746    i.MX_FDCAN2_Init    fdcan.o
    0x08009ee8   0x08009ee8   0x0000007c   Code   RO          747    i.MX_FDCAN3_Init    fdcan.o
    0x08009f64   0x08009f64   0x000001d8   Code   RO          394    i.MX_GPIO_Init      gpio.o
    0x0800a13c   0x0800a13c   0x000000a4   Code   RO          800    i.MX_OCTOSPI2_Init  octospi.o
    0x0800a1e0   0x0800a1e0   0x00000064   Code   RO          842    i.MX_SPI1_Init      spi.o
    0x0800a244   0x0800a244   0x00000064   Code   RO          843    i.MX_SPI2_Init      spi.o
    0x0800a2a8   0x0800a2a8   0x00000064   Code   RO          844    i.MX_SPI6_Init      spi.o
    0x0800a30c   0x0800a30c   0x0000007c   Code   RO          897    i.MX_TIM12_Init     tim.o
    0x0800a388   0x0800a388   0x000000d4   Code   RO          898    i.MX_TIM1_Init      tim.o
    0x0800a45c   0x0800a45c   0x00000090   Code   RO          899    i.MX_TIM2_Init      tim.o
    0x0800a4ec   0x0800a4ec   0x00000080   Code   RO          900    i.MX_TIM3_Init      tim.o
    0x0800a56c   0x0800a56c   0x0000006c   Code   RO          962    i.MX_UART7_Init     usart.o
    0x0800a5d8   0x0800a5d8   0x0000006c   Code   RO          963    i.MX_USART10_UART_Init  usart.o
    0x0800a644   0x0800a644   0x0000006c   Code   RO          964    i.MX_USART1_UART_Init  usart.o
    0x0800a6b0   0x0800a6b0   0x00000070   Code   RO          965    i.MX_USART2_UART_Init  usart.o
    0x0800a720   0x0800a720   0x00000070   Code   RO          966    i.MX_USART3_UART_Init  usart.o
    0x0800a790   0x0800a790   0x00000004   Code   RO         1046    i.MemManage_Handler  stm32h7xx_it.o
    0x0800a794   0x0800a794   0x00000090   Code   RO        11149    i.Motor_Data_Handler  cybergear_control.o
    0x0800a824   0x0800a824   0x00000004   Code   RO         1047    i.NMI_Handler       stm32h7xx_it.o
    0x0800a828   0x0800a828   0x000000e8   Code   RO         5997    i.OSPIM_GetConfig   stm32h7xx_hal_ospi.o
    0x0800a910   0x0800a910   0x0000004c   Code   RO         6002    i.OSPI_WaitFlagStateUntilTimeout  stm32h7xx_hal_ospi.o
    0x0800a95c   0x0800a95c   0x00000010   Code   RO         1048    i.OTG_HS_IRQHandler  stm32h7xx_it.o
    0x0800a96c   0x0800a96c   0x00000064   Code   RO         1704    i.PCD_EP_OutSetupPacket_int  stm32h7xx_hal_pcd.o
    0x0800a9d0   0x0800a9d0   0x00000144   Code   RO         1705    i.PCD_EP_OutXfrComplete_int  stm32h7xx_hal_pcd.o
    0x0800ab14   0x0800ab14   0x000000b6   Code   RO         1706    i.PCD_WriteEmptyTxFifo  stm32h7xx_hal_pcd.o
    0x0800abca   0x0800abca   0x00000002   PAD
    0x0800abcc   0x0800abcc   0x00000164   Code   RO         2418    i.RCCEx_PLL2_Config  stm32h7xx_hal_rcc_ex.o
    0x0800ad30   0x0800ad30   0x00000164   Code   RO         2419    i.RCCEx_PLL3_Config  stm32h7xx_hal_rcc_ex.o
    0x0800ae94   0x0800ae94   0x0000001a   Code   RO         6267    i.SPI_GetPacketSize  stm32h7xx_hal_spi.o
    0x0800aeae   0x0800aeae   0x00000012   Code   RO         9988    i.SWAPBYTE          usbd_ctlreq.o
    0x0800aec0   0x0800aec0   0x0000001c   Code   RO        11153    i.Set_Cyber_Mode    cybergear_control.o
    0x0800aedc   0x0800aedc   0x00000080   Code   RO        11154    i.Set_Cyber_Parameter  cybergear_control.o
    0x0800af5c   0x0800af5c   0x00000044   Code   RO        11155    i.Set_Cyber_Pos     cybergear_control.o
    0x0800afa0   0x0800afa0   0x0000004c   Code   RO        11157    i.Set_Cyber_ZeroPos  cybergear_control.o
    0x0800afec   0x0800afec   0x00000026   Code   RO        11158    i.Set_Cyber_limitSp  cybergear_control.o
    0x0800b012   0x0800b012   0x00000026   Code   RO        11159    i.Set_Cyber_limitTor  cybergear_control.o
    0x0800b038   0x0800b038   0x00000048   Code   RO        11161    i.Start_Cyber       cybergear_control.o
    0x0800b080   0x0800b080   0x00000048   Code   RO        11163    i.Stop_Cyber        cybergear_control.o
    0x0800b0c8   0x0800b0c8   0x00000034   Code   RO         9743    i.SysTick_Handler   port.o
    0x0800b0fc   0x0800b0fc   0x000000d0   Code   RO          253    i.SystemClock_Config  main.o
    0x0800b1cc   0x0800b1cc   0x000000e0   Code   RO         8138    i.SystemInit        system_stm32h7xx.o
    0x0800b2ac   0x0800b2ac   0x00000010   Code   RO         1049    i.TIM23_IRQHandler  stm32h7xx_it.o
    0x0800b2bc   0x0800b2bc   0x000000e0   Code   RO         6654    i.TIM_Base_SetConfig  stm32h7xx_hal_tim.o
    0x0800b39c   0x0800b39c   0x000000ac   Code   RO         6667    i.TIM_OC1_SetConfig  stm32h7xx_hal_tim.o
    0x0800b448   0x0800b448   0x000000b4   Code   RO         6668    i.TIM_OC2_SetConfig  stm32h7xx_hal_tim.o
    0x0800b4fc   0x0800b4fc   0x000000b4   Code   RO         6669    i.TIM_OC3_SetConfig  stm32h7xx_hal_tim.o
    0x0800b5b0   0x0800b5b0   0x00000074   Code   RO         6670    i.TIM_OC4_SetConfig  stm32h7xx_hal_tim.o
    0x0800b624   0x0800b624   0x00000070   Code   RO         6671    i.TIM_OC5_SetConfig  stm32h7xx_hal_tim.o
    0x0800b694   0x0800b694   0x00000070   Code   RO         6672    i.TIM_OC6_SetConfig  stm32h7xx_hal_tim.o
    0x0800b704   0x0800b704   0x00000010   Code   RO         1050    i.UART7_IRQHandler  stm32h7xx_it.o
    0x0800b714   0x0800b714   0x00000058   Code   RO         8028    i.UARTEx_SetNbDataToProcess  stm32h7xx_hal_uart_ex.o
    0x0800b76c   0x0800b76c   0x000000f8   Code   RO         7632    i.UART_AdvFeatureConfig  stm32h7xx_hal_uart.o
    0x0800b864   0x0800b864   0x000000ea   Code   RO         7633    i.UART_CheckIdleState  stm32h7xx_hal_uart.o
    0x0800b94e   0x0800b94e   0x00000018   Code   RO         7634    i.UART_DMAAbortOnError  stm32h7xx_hal_uart.o
    0x0800b966   0x0800b966   0x00000002   PAD
    0x0800b968   0x0800b968   0x0000006c   Code   RO         7644    i.UART_EndRxTransfer  stm32h7xx_hal_uart.o
    0x0800b9d4   0x0800b9d4   0x00000030   Code   RO         7645    i.UART_EndTransmit_IT  stm32h7xx_hal_uart.o
    0x0800ba04   0x0800ba04   0x00000628   Code   RO         7651    i.UART_SetConfig    stm32h7xx_hal_uart.o
    0x0800c02c   0x0800c02c   0x000000a2   Code   RO         7658    i.UART_WaitOnFlagUntilTimeout  stm32h7xx_hal_uart.o
    0x0800c0ce   0x0800c0ce   0x00000002   PAD
    0x0800c0d0   0x0800c0d0   0x00000010   Code   RO         1051    i.USART10_IRQHandler  stm32h7xx_it.o
    0x0800c0e0   0x0800c0e0   0x00000010   Code   RO         1052    i.USART1_IRQHandler  stm32h7xx_it.o
    0x0800c0f0   0x0800c0f0   0x00000010   Code   RO         1053    i.USART2_IRQHandler  stm32h7xx_it.o
    0x0800c100   0x0800c100   0x00000010   Code   RO         1054    i.USART3_IRQHandler  stm32h7xx_it.o
    0x0800c110   0x0800c110   0x0000001c   Code   RO         9822    i.USBD_ClrClassConfig  usbd_core.o
    0x0800c12c   0x0800c12c   0x0000003e   Code   RO         9989    i.USBD_ClrFeature   usbd_ctlreq.o
    0x0800c16a   0x0800c16a   0x00000006   Code   RO         9823    i.USBD_CoreFindEP   usbd_core.o
    0x0800c170   0x0800c170   0x00000006   Code   RO         9824    i.USBD_CoreFindIF   usbd_core.o
    0x0800c176   0x0800c176   0x00000018   Code   RO        10095    i.USBD_CtlContinueRx  usbd_ioreq.o
    0x0800c18e   0x0800c18e   0x00000018   Code   RO        10096    i.USBD_CtlContinueSendData  usbd_ioreq.o
    0x0800c1a6   0x0800c1a6   0x00000018   Code   RO         9990    i.USBD_CtlError     usbd_ctlreq.o
    0x0800c1be   0x0800c1be   0x0000001a   Code   RO        10098    i.USBD_CtlReceiveStatus  usbd_ioreq.o
    0x0800c1d8   0x0800c1d8   0x00000022   Code   RO        10099    i.USBD_CtlSendData  usbd_ioreq.o
    0x0800c1fa   0x0800c1fa   0x0000001a   Code   RO        10100    i.USBD_CtlSendStatus  usbd_ioreq.o
    0x0800c214   0x0800c214   0x00000056   Code   RO         9991    i.USBD_GetConfig    usbd_ctlreq.o
    0x0800c26a   0x0800c26a   0x00000232   Code   RO         9992    i.USBD_GetDescriptor  usbd_ctlreq.o
    0x0800c49c   0x0800c49c   0x0000005a   Code   RO         9994    i.USBD_GetStatus    usbd_ctlreq.o
    0x0800c4f6   0x0800c4f6   0x0000002c   Code   RO         1472    i.USBD_Get_USB_Status  usbd_conf.o
    0x0800c522   0x0800c522   0x00000026   Code   RO         1473    i.USBD_LL_ClearStallEP  usbd_conf.o
    0x0800c548   0x0800c548   0x00000108   Code   RO         9829    i.USBD_LL_DataInStage  usbd_core.o
    0x0800c650   0x0800c650   0x00000102   Code   RO         9830    i.USBD_LL_DataOutStage  usbd_core.o
    0x0800c752   0x0800c752   0x00000006   Code   RO         9831    i.USBD_LL_DevConnected  usbd_core.o
    0x0800c758   0x0800c758   0x00000026   Code   RO         9832    i.USBD_LL_DevDisconnected  usbd_core.o
    0x0800c77e   0x0800c77e   0x00000038   Code   RO         1480    i.USBD_LL_IsStallEP  usbd_conf.o
    0x0800c7b6   0x0800c7b6   0x00000048   Code   RO         9833    i.USBD_LL_IsoINIncomplete  usbd_core.o
    0x0800c7fe   0x0800c7fe   0x00000048   Code   RO         9834    i.USBD_LL_IsoOUTIncomplete  usbd_core.o
    0x0800c846   0x0800c846   0x00000030   Code   RO         1481    i.USBD_LL_OpenEP    usbd_conf.o
    0x0800c876   0x0800c876   0x00000030   Code   RO         1482    i.USBD_LL_PrepareReceive  usbd_conf.o
    0x0800c8a6   0x0800c8a6   0x0000006c   Code   RO         9835    i.USBD_LL_Reset     usbd_core.o
    0x0800c912   0x0800c912   0x00000016   Code   RO         9836    i.USBD_LL_Resume    usbd_core.o
    0x0800c928   0x0800c928   0x00000028   Code   RO         9837    i.USBD_LL_SOF       usbd_core.o
    0x0800c950   0x0800c950   0x00000008   Code   RO         9838    i.USBD_LL_SetSpeed  usbd_core.o
    0x0800c958   0x0800c958   0x00000026   Code   RO         1483    i.USBD_LL_SetUSBAddress  usbd_conf.o
    0x0800c97e   0x0800c97e   0x00000076   Code   RO         9839    i.USBD_LL_SetupStage  usbd_core.o
    0x0800c9f4   0x0800c9f4   0x00000026   Code   RO         1484    i.USBD_LL_StallEP   usbd_conf.o
    0x0800ca1a   0x0800ca1a   0x0000001c   Code   RO         9840    i.USBD_LL_Suspend   usbd_core.o
    0x0800ca36   0x0800ca36   0x00000030   Code   RO         1487    i.USBD_LL_Transmit  usbd_conf.o
    0x0800ca66   0x0800ca66   0x00000036   Code   RO         9996    i.USBD_ParseSetupRequest  usbd_ctlreq.o
    0x0800ca9c   0x0800ca9c   0x00000006   Code   RO         9842    i.USBD_RunTestMode  usbd_core.o
    0x0800caa2   0x0800caa2   0x0000005a   Code   RO         9997    i.USBD_SetAddress   usbd_ctlreq.o
    0x0800cafc   0x0800cafc   0x00000020   Code   RO         9843    i.USBD_SetClassConfig  usbd_core.o
    0x0800cb1c   0x0800cb1c   0x00000104   Code   RO         9998    i.USBD_SetConfig    usbd_ctlreq.o
    0x0800cc20   0x0800cc20   0x00000038   Code   RO         9999    i.USBD_SetFeature   usbd_ctlreq.o
    0x0800cc58   0x0800cc58   0x000000ae   Code   RO        10000    i.USBD_StdDevReq    usbd_ctlreq.o
    0x0800cd06   0x0800cd06   0x00000280   Code   RO        10001    i.USBD_StdEPReq     usbd_ctlreq.o
    0x0800cf86   0x0800cf86   0x000000ae   Code   RO        10002    i.USBD_StdItfReq    usbd_ctlreq.o
    0x0800d034   0x0800d034   0x000000d0   Code   RO         1980    i.USB_ActivateEndpoint  stm32h7xx_ll_usb.o
    0x0800d104   0x0800d104   0x00000028   Code   RO         1982    i.USB_ActivateSetup  stm32h7xx_ll_usb.o
    0x0800d12c   0x0800d12c   0x00000070   Code   RO         1995    i.USB_EP0_OutStart  stm32h7xx_ll_usb.o
    0x0800d19c   0x0800d19c   0x0000008e   Code   RO         1996    i.USB_EPClearStall  stm32h7xx_ll_usb.o
    0x0800d22a   0x0800d22a   0x0000009a   Code   RO         1997    i.USB_EPSetStall    stm32h7xx_ll_usb.o
    0x0800d2c4   0x0800d2c4   0x000003b4   Code   RO         1998    i.USB_EPStartXfer   stm32h7xx_ll_usb.o
    0x0800d678   0x0800d678   0x000000ec   Code   RO         1999    i.USB_EPStopXfer    stm32h7xx_ll_usb.o
    0x0800d764   0x0800d764   0x00000058   Code   RO         2002    i.USB_FlushTxFifo   stm32h7xx_ll_usb.o
    0x0800d7bc   0x0800d7bc   0x00000026   Code   RO         2004    i.USB_GetDevSpeed   stm32h7xx_ll_usb.o
    0x0800d7e2   0x0800d7e2   0x0000000a   Code   RO         2006    i.USB_GetMode       stm32h7xx_ll_usb.o
    0x0800d7ec   0x0800d7ec   0x00000014   Code   RO         2014    i.USB_ReadDevAllInEpInterrupt  stm32h7xx_ll_usb.o
    0x0800d800   0x0800d800   0x00000014   Code   RO         2015    i.USB_ReadDevAllOutEpInterrupt  stm32h7xx_ll_usb.o
    0x0800d814   0x0800d814   0x00000032   Code   RO         2016    i.USB_ReadDevInEPInterrupt  stm32h7xx_ll_usb.o
    0x0800d846   0x0800d846   0x0000001a   Code   RO         2017    i.USB_ReadDevOutEPInterrupt  stm32h7xx_ll_usb.o
    0x0800d860   0x0800d860   0x0000000a   Code   RO         2018    i.USB_ReadInterrupts  stm32h7xx_ll_usb.o
    0x0800d86a   0x0800d86a   0x00000060   Code   RO         2019    i.USB_ReadPacket    stm32h7xx_ll_usb.o
    0x0800d8ca   0x0800d8ca   0x0000002a   Code   RO         2022    i.USB_SetDevAddress  stm32h7xx_ll_usb.o
    0x0800d8f4   0x0800d8f4   0x000000e8   Code   RO         2024    i.USB_SetTurnaroundTime  stm32h7xx_ll_usb.o
    0x0800d9dc   0x0800d9dc   0x00000044   Code   RO         2027    i.USB_WritePacket   stm32h7xx_ll_usb.o
    0x0800da20   0x0800da20   0x00000004   Code   RO         1055    i.UsageFault_Handler  stm32h7xx_it.o
    0x0800da24   0x0800da24   0x00000010   Code   RO         3724    i.__NVIC_GetPriorityGrouping  stm32h7xx_hal_cortex.o
    0x0800da34   0x0800da34   0x00000028   Code   RO         3725    i.__NVIC_SetPriority  stm32h7xx_hal_cortex.o
    0x0800da5c   0x0800da5c   0x0000000e   Code   RO        11796    i.__scatterload_copy  mc_w.l(handlers.o)
    0x0800da6a   0x0800da6a   0x00000002   Code   RO        11797    i.__scatterload_null  mc_w.l(handlers.o)
    0x0800da6c   0x0800da6c   0x0000000e   Code   RO        11798    i.__scatterload_zeroinit  mc_w.l(handlers.o)
    0x0800da7a   0x0800da7a   0x00000002   PAD
    0x0800da7c   0x0800da7c   0x00000044   Code   RO        10689    i.can_bsp_init      can_bsp.o
    0x0800dac0   0x0800dac0   0x0000003c   Code   RO        10690    i.can_filter_init   can_bsp.o
    0x0800dafc   0x0800dafc   0x00000028   Code   RO        10691    i.fdcan1_rx_callback  can_bsp.o
    0x0800db24   0x0800db24   0x00000028   Code   RO        10692    i.fdcan2_rx_callback  can_bsp.o
    0x0800db4c   0x0800db4c   0x00000014   Code   RO        10693    i.fdcan3_rx_callback  can_bsp.o
    0x0800db60   0x0800db60   0x00000024   Code   RO        10694    i.fdcanx_receive    can_bsp.o
    0x0800db84   0x0800db84   0x000001f0   Code   RO          254    i.main              main.o
    0x0800dd74   0x0800dd74   0x00000034   Code   RO         8760    i.prvResetNextTaskUnblockTime  tasks.o
    0x0800dda8   0x0800dda8   0x00000030   Code   RO        11168    i.uint16_to_float   cybergear_control.o
    0x0800ddd8   0x0800ddd8   0x00000028   Code   RO         8299    i.uxListRemove      list.o
    0x0800de00   0x0800de00   0x00000018   Code   RO         8303    i.vListInsertEnd    list.o
    0x0800de18   0x0800de18   0x0000008c   Code   RO         8793    i.vTaskSwitchContext  tasks.o
    0x0800dea4   0x0800dea4   0x00000044   Code   RO        11169    i.vofa_CyberGear    cybergear_control.o
    0x0800dee8   0x0800dee8   0x0000005c   Code   RO           14    i.vofa_send_data    vofa.o
    0x0800df44   0x0800df44   0x00000060   Code   RO           15    i.vofa_sendframetail  vofa.o
    0x0800dfa4   0x0800dfa4   0x0000001c   Code   RO           17    i.vofa_transmit     vofa.o
    0x0800dfc0   0x0800dfc0   0x00000148   Code   RO         8804    i.xTaskIncrementTick  tasks.o
    0x0800e108   0x0800e108   0x00000008   Data   RO         3027    .constdata          stm32h7xx_hal_dma.o
    0x0800e110   0x0800e110   0x0000005c   Data   RO         5443    .constdata          stm32h7xx_hal_fdcan.o
    0x0800e16c   0x0800e16c   0x00000018   Data   RO         7659    .constdata          stm32h7xx_hal_uart.o
    0x0800e184   0x0800e184   0x00000010   Data   RO         8030    .constdata          stm32h7xx_hal_uart_ex.o
    0x0800e194   0x0800e194   0x00000010   Data   RO         8139    .constdata          system_stm32h7xx.o
    0x0800e1a4   0x0800e1a4   0x00000020   Data   RO        11794    Region$$Table       anon$$obj.o


    Execution Region RW_IRAM1 (Exec base: 0x20000000, Load base: 0x0800e1c4, Size: 0x00000000, Max: 0x00020000, ABSOLUTE)

    **** No section assigned to this execution region ****


    Execution Region RW_IRAM2 (Exec base: 0x24000000, Load base: 0x0800e1c4, Size: 0x00001ee0, Max: 0x00050000, ABSOLUTE)

    Exec Addr    Load Addr    Size         Type   Attr      Idx    E Section Name        Object

    0x24000000   0x0800e1c4   0x00000008   Data   RW           19    .data               vofa.o
    0x24000008   0x0800e1cc   0x0000000c   Data   RW          257    .data               main.o
    0x24000014   0x0800e1d8   0x00000004   Data   RW          749    .data               fdcan.o
    0x24000018   0x0800e1dc   0x00000009   Data   RW         3905    .data               stm32h7xx_hal.o
    0x24000021   0x0800e1e5   0x00000003   PAD
    0x24000024   0x0800e1e8   0x00000008   Data   RW         8140    .data               system_stm32h7xx.o
    0x2400002c   0x0800e1f0   0x0000003c   Data   RW         8813    .data               tasks.o
    0x24000068   0x0800e22c   0x00000001   Data   RW        10003    .data               usbd_ctlreq.o
    0x24000069   0x0800e22d   0x00000018   Data   RW        10696    .data               can_bsp.o
    0x24000081   0x0800e245   0x00000003   PAD
    0x24000084        -       0x00000400   Zero   RW           18    .bss                vofa.o
    0x24000484        -       0x000000e8   Zero   RW          677    .bss                adc.o
    0x2400056c        -       0x000001e0   Zero   RW          748    .bss                fdcan.o
    0x2400074c        -       0x0000005c   Zero   RW          801    .bss                octospi.o
    0x240007a8        -       0x00000198   Zero   RW          845    .bss                spi.o
    0x24000940        -       0x00000130   Zero   RW          901    .bss                tim.o
    0x24000a70        -       0x000002e4   Zero   RW          968    .bss                usart.o
    0x24000d54        -       0x0000004c   Zero   RW         1205    .bss                stm32h7xx_hal_timebase_tim.o
    0x24000da0        -       0x0000072c   Zero   RW         1490    .bss                usbd_conf.o
    0x240014cc        -       0x000000f0   Zero   RW         8812    .bss                tasks.o
    0x240015bc        -       0x00000124   Zero   RW        11170    .bss                cybergear_control.o
    0x240016e0        -       0x00000800   Zero   RW            1    STACK               startup_stm32h723xx.o


==============================================================================

Image component sizes


      Code (inc. data)   RO Data    RW Data    ZI Data      Debug   Object Name

       496         42          0          0        232       2259   adc.o
       320         68          0         24          0       4766   can_bsp.o
       828         98          0          0        292      10959   cybergear_control.o
        52          4          0          0          0        922   dma.o
         0          0          0          0          0      15752   event_groups.o
       956         56          0          4        480       3625   fdcan.o
         0          0          0          0          0       7460   freertos.o
       472         26          0          0          0    1293512   gpio.o
        64          0          0          0          0       1896   list.o
       734         48          0         12          0       3830   main.o
       680         62          0          0         92       3072   octospi.o
       242         22          0          0          0       4106   port.o
       892         60          0          0        408       3547   spi.o
        36          8        716          0       2048        852   startup_stm32h723xx.o
       172         34          0          9          0      23130   stm32h7xx_hal.o
      3222        164          0          0          0      76248   stm32h7xx_hal_adc.o
       376         20          0          0          0      67511   stm32h7xx_hal_adc_ex.o
       258         22          0          0          0      39394   stm32h7xx_hal_cortex.o
      7030        138          8          0          0      11291   stm32h7xx_hal_dma.o
      3644         52         92          0          0      23777   stm32h7xx_hal_fdcan.o
       872         96          0          0          0       3198   stm32h7xx_hal_gpio.o
        48          6          0          0          0        982   stm32h7xx_hal_msp.o
      2422         38          0          0          0       6603   stm32h7xx_hal_ospi.o
      3076         16          0          0          0      11086   stm32h7xx_hal_pcd.o
         2          0          0          0          0       1153   stm32h7xx_hal_pcd_ex.o
        96          6          0          0          0        793   stm32h7xx_hal_pwr_ex.o
      3684        134          0          0          0       8689   stm32h7xx_hal_rcc.o
      7664        184          0          0          0      10863   stm32h7xx_hal_rcc_ex.o
       458         12          0          0          0       2247   stm32h7xx_hal_spi.o
      2338        234          0          0          0      13177   stm32h7xx_hal_tim.o
       466         46          0          0          0       4324   stm32h7xx_hal_tim_ex.o
       148         20          0          0         76       1668   stm32h7xx_hal_timebase_tim.o
      3892        154         24          0          0      32064   stm32h7xx_hal_uart.o
       512         14         16          0          0       6669   stm32h7xx_hal_uart_ex.o
       246         84          0          0          0      10218   stm32h7xx_it.o
      2540         60          0          0          0      15431   stm32h7xx_ll_usb.o
       224         32         16          8          0       1458   system_stm32h7xx.o
       520         78          0         60        240       9749   tasks.o
      1088         78          0          0        304       5036   tim.o
      1380         88          0          0        740       5114   usart.o
         0          0          0          0          0       5928   usb_device.o
       632          6          0          0       1836      14218   usbd_conf.o
      1112          0          0          0          0      13299   usbd_core.o
      2290         22          0          1          0      16935   usbd_ctlreq.o
       134          0          0          0          0       4208   usbd_ioreq.o
       216         26          0          8       1024    1180456   vofa.o

    ----------------------------------------------------------------------
     56568       2358        904        132       7772    2983475   Object Totals
         0          0         32          0          0          0   (incl. Generated)
        34          0          0          6          0          0   (incl. Padding)

    ----------------------------------------------------------------------

      Code (inc. data)   RO Data    RW Data    ZI Data      Debug   Library Member Name

         0          0          0          0          0          0   entry.o
         0          0          0          0          0          0   entry10a.o
         0          0          0          0          0          0   entry11a.o
         4          0          0          0          0          0   entry12b.o
         8          4          0          0          0          0   entry2.o
         4          0          0          0          0          0   entry5.o
         0          0          0          0          0          0   entry7b.o
         0          0          0          0          0          0   entry8b.o
         8          4          0          0          0          0   entry9a.o
        30          0          0          0          0          0   handlers.o
        36          8          0          0          0         68   init.o
        30          0          0          0          0         68   llshl.o
        32          0          0          0          0         68   llushr.o
        36          0          0          0          0         68   memcpya.o
        36          0          0          0          0        108   memseta.o
        98          0          0          0          0         92   uldiv.o

    ----------------------------------------------------------------------
       324         16          0          0          0        472   Library Totals
         2          0          0          0          0          0   (incl. Padding)

    ----------------------------------------------------------------------

      Code (inc. data)   RO Data    RW Data    ZI Data      Debug   Library Name

       322         16          0          0          0        472   mc_w.l

    ----------------------------------------------------------------------
       324         16          0          0          0        472   Library Totals

    ----------------------------------------------------------------------

==============================================================================


      Code (inc. data)   RO Data    RW Data    ZI Data      Debug   

     56892       2374        904        132       7772    2955295   Grand Totals
     56892       2374        904        132       7772    2955295   ELF Image Totals
     56892       2374        904        132          0          0   ROM Totals

==============================================================================

    Total RO  Size (Code + RO Data)                57796 (  56.44kB)
    Total RW  Size (RW Data + ZI Data)              7904 (   7.72kB)
    Total ROM Size (Code + RO Data + RW Data)      57928 (  56.57kB)

==============================================================================

