Component: ARM Compiler 5.06 update 7 (build 960) Tool: armlink [4d3601]

==============================================================================

Section Cross References

    startup_stm32h723xx.o(RESET) refers to startup_stm32h723xx.o(STACK) for __initial_sp
    startup_stm32h723xx.o(RESET) refers to startup_stm32h723xx.o(.text) for Reset_Handler
    startup_stm32h723xx.o(RESET) refers to stm32h7xx_it.o(i.NMI_Handler) for NMI_Handler
    startup_stm32h723xx.o(RESET) refers to stm32h7xx_it.o(i.HardFault_Handler) for HardFault_Handler
    startup_stm32h723xx.o(RESET) refers to stm32h7xx_it.o(i.MemManage_Handler) for MemManage_Handler
    startup_stm32h723xx.o(RESET) refers to stm32h7xx_it.o(i.BusFault_Handler) for BusFault_Handler
    startup_stm32h723xx.o(RESET) refers to stm32h7xx_it.o(i.UsageFault_Handler) for UsageFault_Handler
    startup_stm32h723xx.o(RESET) refers to port.o(.emb_text) for SVC_Handler
    startup_stm32h723xx.o(RESET) refers to stm32h7xx_it.o(i.DebugMon_Handler) for DebugMon_Handler
    startup_stm32h723xx.o(RESET) refers to port.o(i.SysTick_Handler) for SysTick_Handler
    startup_stm32h723xx.o(RESET) refers to stm32h7xx_it.o(i.DMA1_Stream0_IRQHandler) for DMA1_Stream0_IRQHandler
    startup_stm32h723xx.o(RESET) refers to stm32h7xx_it.o(i.FDCAN1_IT0_IRQHandler) for FDCAN1_IT0_IRQHandler
    startup_stm32h723xx.o(RESET) refers to stm32h7xx_it.o(i.FDCAN2_IT0_IRQHandler) for FDCAN2_IT0_IRQHandler
    startup_stm32h723xx.o(RESET) refers to stm32h7xx_it.o(i.FDCAN1_IT1_IRQHandler) for FDCAN1_IT1_IRQHandler
    startup_stm32h723xx.o(RESET) refers to stm32h7xx_it.o(i.FDCAN2_IT1_IRQHandler) for FDCAN2_IT1_IRQHandler
    startup_stm32h723xx.o(RESET) refers to stm32h7xx_it.o(i.USART1_IRQHandler) for USART1_IRQHandler
    startup_stm32h723xx.o(RESET) refers to stm32h7xx_it.o(i.USART2_IRQHandler) for USART2_IRQHandler
    startup_stm32h723xx.o(RESET) refers to stm32h7xx_it.o(i.USART3_IRQHandler) for USART3_IRQHandler
    startup_stm32h723xx.o(RESET) refers to stm32h7xx_it.o(i.OTG_HS_IRQHandler) for OTG_HS_IRQHandler
    startup_stm32h723xx.o(RESET) refers to stm32h7xx_it.o(i.UART7_IRQHandler) for UART7_IRQHandler
    startup_stm32h723xx.o(RESET) refers to stm32h7xx_it.o(i.USART10_IRQHandler) for USART10_IRQHandler
    startup_stm32h723xx.o(RESET) refers to stm32h7xx_it.o(i.FDCAN3_IT0_IRQHandler) for FDCAN3_IT0_IRQHandler
    startup_stm32h723xx.o(RESET) refers to stm32h7xx_it.o(i.FDCAN3_IT1_IRQHandler) for FDCAN3_IT1_IRQHandler
    startup_stm32h723xx.o(RESET) refers to stm32h7xx_it.o(i.TIM23_IRQHandler) for TIM23_IRQHandler
    startup_stm32h723xx.o(.text) refers to system_stm32h7xx.o(i.SystemInit) for SystemInit
    startup_stm32h723xx.o(.text) refers to entry.o(.ARM.Collect$$$$00000000) for __main
    vofa.o(i.vofa_demo) refers to sin.o(i.__hardfp_sin) for __hardfp_sin
    vofa.o(i.vofa_demo) refers to vofa.o(i.vofa_send_data) for vofa_send_data
    vofa.o(i.vofa_demo) refers to vofa.o(i.vofa_sendframetail) for vofa_sendframetail
    vofa.o(i.vofa_demo) refers to vofa.o(.data) for scnt
    vofa.o(i.vofa_send_data) refers to vofa.o(.data) for cnt
    vofa.o(i.vofa_send_data) refers to vofa.o(.bss) for send_buf
    vofa.o(i.vofa_sendframetail) refers to vofa.o(i.vofa_transmit) for vofa_transmit
    vofa.o(i.vofa_sendframetail) refers to vofa.o(.data) for cnt
    vofa.o(i.vofa_sendframetail) refers to vofa.o(.bss) for send_buf
    vofa.o(i.vofa_start) refers to vofa.o(i.vofa_demo) for vofa_demo
    vofa.o(i.vofa_transmit) refers to usbd_cdc_if.o(i.CDC_Transmit_HS) for CDC_Transmit_HS
    main.o(i.HAL_TIM_PeriodElapsedCallback) refers to stm32h7xx_hal.o(i.HAL_IncTick) for HAL_IncTick
    main.o(i.OSPI_W25Qxx_Test) refers to stm32h7xx_hal.o(i.HAL_GetTick) for HAL_GetTick
    main.o(i.OSPI_W25Qxx_Test) refers to w25q64.o(i.OSPI_W25Qxx_BlockErase_32K) for OSPI_W25Qxx_BlockErase_32K
    main.o(i.OSPI_W25Qxx_Test) refers to printfa.o(i.__0printf) for __2printf
    main.o(i.OSPI_W25Qxx_Test) refers to w25q64.o(i.OSPI_W25Qxx_WriteBuffer) for OSPI_W25Qxx_WriteBuffer
    main.o(i.OSPI_W25Qxx_Test) refers to w25q64.o(i.OSPI_W25Qxx_ReadBuffer) for OSPI_W25Qxx_ReadBuffer
    main.o(i.OSPI_W25Qxx_Test) refers to main.o(.data) for OSPI_Status
    main.o(i.OSPI_W25Qxx_Test) refers to main.o(.bss) for W25Qxx_WriteBuffer
    main.o(i.OSPI_W25Qxx_Test) refers to main.o(.conststring) for .conststring
    main.o(i.SystemClock_Config) refers to memseta.o(.text) for __aeabi_memclr4
    main.o(i.SystemClock_Config) refers to stm32h7xx_hal_pwr_ex.o(i.HAL_PWREx_ConfigSupply) for HAL_PWREx_ConfigSupply
    main.o(i.SystemClock_Config) refers to stm32h7xx_hal_rcc.o(i.HAL_RCC_OscConfig) for HAL_RCC_OscConfig
    main.o(i.SystemClock_Config) refers to main.o(i.Error_Handler) for Error_Handler
    main.o(i.SystemClock_Config) refers to stm32h7xx_hal_rcc.o(i.HAL_RCC_ClockConfig) for HAL_RCC_ClockConfig
    main.o(i.SystemClock_Config) refers to stm32h7xx_hal_rcc.o(i.HAL_RCC_MCOConfig) for HAL_RCC_MCOConfig
[...]
    USB_ReadDevInEPInterrupt                 0x080120bd   Thumb Code    50  stm32h7xx_ll_usb.o(i.USB_ReadDevInEPInterrupt)
    USB_ReadDevOutEPInterrupt                0x080120ef   Thumb Code    26  stm32h7xx_ll_usb.o(i.USB_ReadDevOutEPInterrupt)
    USB_ReadInterrupts                       0x08012109   Thumb Code    10  stm32h7xx_ll_usb.o(i.USB_ReadInterrupts)
    USB_ReadPacket                           0x08012113   Thumb Code    96  stm32h7xx_ll_usb.o(i.USB_ReadPacket)
    USB_SetCurrentMode                       0x08012173   Thumb Code   104  stm32h7xx_ll_usb.o(i.USB_SetCurrentMode)
    USB_SetDevAddress                        0x080121db   Thumb Code    42  stm32h7xx_ll_usb.o(i.USB_SetDevAddress)
    USB_SetDevSpeed                          0x08012205   Thumb Code    18  stm32h7xx_ll_usb.o(i.USB_SetDevSpeed)
    USB_SetTurnaroundTime                    0x08012219   Thumb Code   192  stm32h7xx_ll_usb.o(i.USB_SetTurnaroundTime)
    USB_WritePacket                          0x08012301   Thumb Code    68  stm32h7xx_ll_usb.o(i.USB_WritePacket)
    UsageFault_Handler                       0x08012345   Thumb Code     4  stm32h7xx_it.o(i.UsageFault_Handler)
    WS2812_Ctrl                              0x08012349   Thumb Code   170  ws2812.o(i.WS2812_Ctrl)
    __ARM_fpclassifyf                        0x080123f9   Thumb Code    38  fpclassifyf.o(i.__ARM_fpclassifyf)
    __hardfp_asinf                           0x08012459   Thumb Code   258  asinf.o(i.__hardfp_asinf)
    __hardfp_atan2f                          0x08012591   Thumb Code   594  atan2f.o(i.__hardfp_atan2f)
    __mathlib_flt_infnan                     0x08012845   Thumb Code     6  funder.o(i.__mathlib_flt_infnan)
    __mathlib_flt_infnan2                    0x0801284b   Thumb Code     6  funder.o(i.__mathlib_flt_infnan2)
    __mathlib_flt_invalid                    0x08012851   Thumb Code    10  funder.o(i.__mathlib_flt_invalid)
    __mathlib_flt_underflow                  0x08012861   Thumb Code    10  funder.o(i.__mathlib_flt_underflow)
    __scatterload_copy                       0x08012871   Thumb Code    14  handlers.o(i.__scatterload_copy)
    __scatterload_null                       0x0801287f   Thumb Code     2  handlers.o(i.__scatterload_null)
    __scatterload_zeroinit                   0x08012881   Thumb Code    14  handlers.o(i.__scatterload_zeroinit)
    __set_errno                              0x08012891   Thumb Code     6  errno.o(i.__set_errno)
    bmi088_accel_init                        0x0801289d   Thumb Code   290  bmi088driver.o(i.bmi088_accel_init)
    bmi088_gyro_init                         0x080129c5   Thumb Code   238  bmi088driver.o(i.bmi088_gyro_init)
    can_bsp_init                             0x08012ab9   Thumb Code    56  can_bsp.o(i.can_bsp_init)
    can_filter_init                          0x08012afd   Thumb Code    56  can_bsp.o(i.can_filter_init)
    fdcan1_rx_callback                       0x08012b39   Thumb Code    24  can_bsp.o(i.fdcan1_rx_callback)
    fdcan2_rx_callback                       0x08012b61   Thumb Code    12  can_bsp.o(i.fdcan2_rx_callback)
    fdcan3_rx_callback                       0x08012b75   Thumb Code    12  can_bsp.o(i.fdcan3_rx_callback)
    fdcanx_receive                           0x08012b89   Thumb Code    36  can_bsp.o(i.fdcanx_receive)
    fdcanx_send_data                         0x08012bad   Thumb Code    58  can_bsp.o(i.fdcanx_send_data)
    invSqrt                                  0x08012be9   Thumb Code    56  mahonyahrs.o(i.invSqrt)
    main                                     0x08012c25   Thumb Code   504  main.o(i.main)
    mypow                                    0x08012e4b   Thumb Code    22  lcd.o(i.mypow)
    osDelay                                  0x08012e61   Thumb Code    24  cmsis_os.o(i.osDelay)
    osKernelStart                            0x08012e79   Thumb Code    10  cmsis_os.o(i.osKernelStart)
    osThreadCreate                           0x08012e83   Thumb Code    94  cmsis_os.o(i.osThreadCreate)
    pvPortMalloc                             0x08013921   Thumb Code   306  heap_4.o(i.pvPortMalloc)
    pxPortInitialiseStack                    0x08013a6d   Thumb Code    38  port.o(i.pxPortInitialiseStack)
    sqrtf                                    0x08013a99   Thumb Code    62  sqrtf.o(i.sqrtf)
    uint16_to_float                          0x08013ad7   Thumb Code    48  cybergear_control.o(i.uint16_to_float)
    uxListRemove                             0x08013b07   Thumb Code    40  list.o(i.uxListRemove)
    vApplicationGetIdleTaskMemory            0x08013b31   Thumb Code    14  freertos.o(i.vApplicationGetIdleTaskMemory)
    vApplicationGetTimerTaskMemory           0x08013b49   Thumb Code    16  freertos.o(i.vApplicationGetTimerTaskMemory)
    vListInitialise                          0x08013b61   Thumb Code    26  list.o(i.vListInitialise)
    vListInitialiseItem                      0x08013b7b   Thumb Code     6  list.o(i.vListInitialiseItem)
    vListInsert                              0x08013b81   Thumb Code    52  list.o(i.vListInsert)
    vListInsertEnd                           0x08013bb5   Thumb Code    24  list.o(i.vListInsertEnd)
    vPortEnterCritical                       0x08013bcd   Thumb Code    76  port.o(i.vPortEnterCritical)
    vPortExitCritical                        0x08013c21   Thumb Code    56  port.o(i.vPortExitCritical)
    vPortFree                                0x08013c5d   Thumb Code   150  heap_4.o(i.vPortFree)
    vPortSetupTimerInterrupt                 0x08013d01   Thumb Code    36  port.o(i.vPortSetupTimerInterrupt)
    vPortValidateInterruptPriority           0x08013d29   Thumb Code   106  port.o(i.vPortValidateInterruptPriority)
    vQueueAddToRegistry                      0x08013da1   Thumb Code    38  queue.o(i.vQueueAddToRegistry)
    vQueueWaitForMessageRestricted           0x08013dcd   Thumb Code    74  queue.o(i.vQueueWaitForMessageRestricted)
    vTaskDelay                               0x08013e19   Thumb Code    82  tasks.o(i.vTaskDelay)
    vTaskInternalSetTimeOutState             0x08013e75   Thumb Code    14  tasks.o(i.vTaskInternalSetTimeOutState)
    vTaskMissedYield                         0x08013e8d   Thumb Code     8  tasks.o(i.vTaskMissedYield)
    vTaskPlaceOnEventList                    0x08013e99   Thumb Code    52  tasks.o(i.vTaskPlaceOnEventList)
    vTaskPlaceOnEventListRestricted          0x08013ed1   Thumb Code    60  tasks.o(i.vTaskPlaceOnEventListRestricted)
    vTaskStartScheduler                      0x08013f11   Thumb Code   156  tasks.o(i.vTaskStartScheduler)
    vTaskSuspendAll                          0x08013fc9   Thumb Code    12  tasks.o(i.vTaskSuspendAll)
    vTaskSwitchContext                       0x08013fd9   Thumb Code   118  tasks.o(i.vTaskSwitchContext)
    vofa_send_data                           0x08014065   Thumb Code    82  vofa.o(i.vofa_send_data)
    vofa_sendframetail                       0x080140c1   Thumb Code    86  vofa.o(i.vofa_sendframetail)
    vofa_transmit                            0x08014121   Thumb Code    16  vofa.o(i.vofa_transmit)
    xPortStartScheduler                      0x08014131   Thumb Code   330  port.o(i.xPortStartScheduler)
    xQueueGenericCreateStatic                0x08014299   Thumb Code   224  queue.o(i.xQueueGenericCreateStatic)
    xQueueGenericReset                       0x08014379   Thumb Code   146  queue.o(i.xQueueGenericReset)
    xQueueGenericSend                        0x08014411   Thumb Code   420  queue.o(i.xQueueGenericSend)
    xQueueGenericSendFromISR                 0x080145b9   Thumb Code   252  queue.o(i.xQueueGenericSendFromISR)
    xQueueReceive                            0x080146b5   Thumb Code   356  queue.o(i.xQueueReceive)
    xTaskCheckForTimeOut                     0x0801481d   Thumb Code   132  tasks.o(i.xTaskCheckForTimeOut)
    xTaskCreate                              0x080148a9   Thumb Code   100  tasks.o(i.xTaskCreate)
    xTaskCreateStatic                        0x0801490d   Thumb Code   186  tasks.o(i.xTaskCreateStatic)
    xTaskGetSchedulerState                   0x080149c9   Thumb Code    24  tasks.o(i.xTaskGetSchedulerState)
    xTaskGetTickCount                        0x080149e9   Thumb Code     6  tasks.o(i.xTaskGetTickCount)
    xTaskIncrementTick                       0x080149f5   Thumb Code   282  tasks.o(i.xTaskIncrementTick)
    xTaskPriorityDisinherit                  0x08014b3d   Thumb Code   188  tasks.o(i.xTaskPriorityDisinherit)
    xTaskRemoveFromEventList                 0x08014c05   Thumb Code   128  tasks.o(i.xTaskRemoveFromEventList)
    xTaskResumeAll                           0x08014c9d   Thumb Code   224  tasks.o(i.xTaskResumeAll)
    xTimerCreateTimerTask                    0x08014da1   Thumb Code   100  timers.o(i.xTimerCreateTimerTask)
    xTimerGenericCommand                     0x08014e19   Thumb Code   128  timers.o(i.xTimerGenericCommand)
    UARTPrescTable                           0x08014f8c   Data          24  stm32h7xx_hal_uart.o(.constdata)
    D1CorePrescTable                         0x08014fb4   Data          16  system_stm32h7xx.o(.constdata)
    ascii_1206                               0x08014fc4   Data        1140  lcd.o(.constdata)
    ascii_1608                               0x08015438   Data        1520  lcd.o(.constdata)
    ascii_2412                               0x08015a28   Data        4560  lcd.o(.constdata)
    ascii_3216                               0x08016bf8   Data        6080  lcd.o(.constdata)
    tfont12                                  0x080183b8   Data         104  lcd.o(.constdata)
    tfont16                                  0x08018420   Data         136  lcd.o(.constdata)
    tfont24                                  0x080184a8   Data         296  lcd.o(.constdata)
    tfont32                                  0x080185d0   Data         520  lcd.o(.constdata)
    gImage_1                                 0x080187d8   Data        3200  lcd_task.o(.constdata)
    Region$$Table$$Base                      0x08019484   Number         0  anon$$obj.o(Region$$Table)
    Region$$Table$$Limit                     0x080194a4   Number         0  anon$$obj.o(Region$$Table)
    cnt                                      0x24000000   Data           2  vofa.o(.data)
    defaultTaskHandle                        0x24000008   Data           4  freertos.o(.data)
    KeyTaskHandle                            0x2400000c   Data           4  freertos.o(.data)
    LcdTaskHandle                            0x24000010   Data           4  freertos.o(.data)
    ImuTaskHandle                            0x24000014   Data           4  freertos.o(.data)
    FunTestHandle                            0x24000018   Data           4  freertos.o(.data)
    HS_Desc                                  0x24000020   Data          32  usbd_desc.o(.data)
    USBD_HS_DeviceDesc                       0x24000040   Data          18  usbd_desc.o(.data)
    USBD_HS_BOSDesc                          0x24000054   Data          12  usbd_desc.o(.data)
    USBD_LangIDDesc                          0x24000060   Data           4  usbd_desc.o(.data)
    USBD_StringSerial                        0x24000064   Data          26  usbd_desc.o(.data)
    USBD_Interface_fops_HS                   0x24000080   Data          20  usbd_cdc_if.o(.data)
    uwTick                                   0x24000094   Data           4  stm32h7xx_hal.o(.data)
    uwTickPrio                               0x24000098   Data           4  stm32h7xx_hal.o(.data)
    uwTickFreq                               0x2400009c   Data           1  stm32h7xx_hal.o(.data)
    SystemCoreClock                          0x240000a0   Data           4  system_stm32h7xx.o(.data)
    SystemD2Clock                            0x240000a4   Data           4  system_stm32h7xx.o(.data)
    pxCurrentTCB                             0x240000a8   Data           4  tasks.o(.data)
    USBD_CDC                                 0x24000134   Data          56  usbd_cdc.o(.data)
    keyState                                 0x240001b4   Data           1  bsp_user_key.o(.data)
    overTick                                 0x240001b8   Data           4  bsp_user_key.o(.data)
    BMI088_ACCEL_SEN                         0x240001c0   Data           4  bmi088driver.o(.data)
    BMI088_GYRO_SEN                          0x240001c4   Data           4  bmi088driver.o(.data)
    rx_data1                                 0x240001ec   Data           8  can_bsp.o(.data)
    rx_data2                                 0x240001f4   Data           8  can_bsp.o(.data)
    rx_data3                                 0x240001fc   Data           8  can_bsp.o(.data)
    vbus                                     0x24000204   Data           4  key_task.o(.data)
    adc_val                                  0x24000208   Data           4  key_task.o(.data)
    out                                      0x24000210   Data           4  imu_task.o(.data)
    err                                      0x24000214   Data           4  imu_task.o(.data)
    err_l                                    0x24000218   Data           4  imu_task.o(.data)
    err_ll                                   0x2400021c   Data           4  imu_task.o(.data)
    u1Rx                                     0x24000220   Data           5  fun_test_task.o(.data)
    u1RxFlag                                 0x24000225   Data           1  fun_test_task.o(.data)
    u5Rx                                     0x24000226   Data           5  fun_test_task.o(.data)
    u5RxFlag                                 0x2400022b   Data           1  fun_test_task.o(.data)
    u7Rx                                     0x2400022c   Data           5  fun_test_task.o(.data)
    u7RxFlag                                 0x24000231   Data           1  fun_test_task.o(.data)
    u10Rx                                    0x24000232   Data           5  fun_test_task.o(.data)
    u10RxFlag                                0x24000237   Data           1  fun_test_task.o(.data)
    tx_data                                  0x24000238   Data           8  fun_test_task.o(.data)
    twoKp                                    0x24000240   Data           4  mahonyahrs.o(.data)
    twoKi                                    0x24000244   Data           4  mahonyahrs.o(.data)
    integralFBx                              0x24000248   Data           4  mahonyahrs.o(.data)
    integralFBy                              0x2400024c   Data           4  mahonyahrs.o(.data)
    integralFBz                              0x24000250   Data           4  mahonyahrs.o(.data)
    send_buf                                 0x24000258   Data        1024  vofa.o(.bss)
    KeyTaskBuffer                            0x24000658   Data         512  freertos.o(.bss)
    KeyTaskControlBlock                      0x24000858   Data          92  freertos.o(.bss)
    LcdTaskBuffer                            0x240008b4   Data        1024  freertos.o(.bss)
    LcdTaskControlBlock                      0x24000cb4   Data          92  freertos.o(.bss)
    ImuTaskBuffer                            0x24000d10   Data        4096  freertos.o(.bss)
    ImuTaskControlBlock                      0x24001d10   Data          92  freertos.o(.bss)
    FunTestBuffer                            0x24001d6c   Data         512  freertos.o(.bss)
    FunTestControlBlock                      0x24001f6c   Data          92  freertos.o(.bss)
    hadc1                                    0x24002680   Data         112  adc.o(.bss)
    hdma_adc1                                0x240026f0   Data         120  adc.o(.bss)
    hfdcan1                                  0x24002768   Data         160  fdcan.o(.bss)
    hfdcan2                                  0x24002808   Data         160  fdcan.o(.bss)
    hfdcan3                                  0x240028a8   Data         160  fdcan.o(.bss)
    hospi2                                   0x24002948   Data          92  octospi.o(.bss)
    hspi1                                    0x240029a4   Data         136  spi.o(.bss)
    hspi2                                    0x24002a2c   Data         136  spi.o(.bss)
    hspi6                                    0x24002ab4   Data         136  spi.o(.bss)
    htim1                                    0x24002b3c   Data          76  tim.o(.bss)
    htim2                                    0x24002b88   Data          76  tim.o(.bss)
    htim3                                    0x24002bd4   Data          76  tim.o(.bss)
    htim12                                   0x24002c20   Data          76  tim.o(.bss)
    huart7                                   0x24002c6c   Data         148  usart.o(.bss)
    huart1                                   0x24002d00   Data         148  usart.o(.bss)
    huart2                                   0x24002d94   Data         148  usart.o(.bss)
    huart3                                   0x24002e28   Data         148  usart.o(.bss)
    huart10                                  0x24002ebc   Data         148  usart.o(.bss)
    htim23                                   0x24002f50   Data          76  stm32h7xx_hal_timebase_tim.o(.bss)
    hUsbDeviceHS                             0x24002f9c   Data         732  usb_device.o(.bss)
    USBD_StrDesc                             0x24003278   Data         512  usbd_desc.o(.bss)
    UserRxBufferHS                           0x24003478   Data        2048  usbd_cdc_if.o(.bss)
    UserTxBufferHS                           0x24003c78   Data        2048  usbd_cdc_if.o(.bss)
    hpcd_USB_OTG_HS                          0x24004478   Data        1292  usbd_conf.o(.bss)
    xQueueRegistry                           0x24004ba4   Data          64  queue.o(.bss)
    gyro                                     0x240089ec   Data          12  imu_task.o(.bss)
    acc                                      0x240089f8   Data          12  imu_task.o(.bss)
    imuQuat                                  0x24008a04   Data          16  imu_task.o(.bss)
    imuAngle                                 0x24008a14   Data          12  imu_task.o(.bss)
    Clutch_Cyber                             0x24008a20   Data         108  cybergear_control.o(.bss)
    rxMsg                                    0x24008a8c   Data          40  cybergear_control.o(.bss)
    txMsg                                    0x24008ab4   Data          36  cybergear_control.o(.bss)
    __initial_sp                             0x240092d8   Data           0  startup_stm32h723xx.o(STACK)



==============================================================================

Memory Map of the image

  Image Entry point : 0x080002cd

  Load Region LR_IROM1 (Base: 0x08000000, Size: 0x000196fc, Max: 0x00100000, ABSOLUTE, COMPRESSED[0x000195b0])

    Execution Region ER_IROM1 (Exec base: 0x08000000, Load base: 0x08000000, Size: 0x000194a4, Max: 0x00100000, ABSOLUTE)

    Exec Addr    Load Addr    Size         Type   Attr      Idx    E Section Name        Object

    0x08000000   0x08000000   0x000002cc   Data   RO            3    RESET               startup_stm32h723xx.o
    0x080002cc   0x080002cc   0x00000000   Code   RO        11159  * .ARM.Collect$$$$00000000  mc_w.l(entry.o)
    0x080002cc   0x080002cc   0x00000004   Code   RO        11494    .ARM.Collect$$$$00000001  mc_w.l(entry2.o)
    0x080002d0   0x080002d0   0x00000004   Code   RO        11497    .ARM.Collect$$$$00000004  mc_w.l(entry5.o)
    0x080002d4   0x080002d4   0x00000000   Code   RO        11499    .ARM.Collect$$$$00000008  mc_w.l(entry7b.o)
    0x080002d4   0x080002d4   0x00000000   Code   RO        11501    .ARM.Collect$$$$0000000A  mc_w.l(entry8b.o)
    0x080002d4   0x080002d4   0x00000008   Code   RO        11502    .ARM.Collect$$$$0000000B  mc_w.l(entry9a.o)
    0x080002dc   0x080002dc   0x00000004   Code   RO        11509    .ARM.Collect$$$$0000000E  mc_w.l(entry12b.o)
    0x080002e0   0x080002e0   0x00000000   Code   RO        11504    .ARM.Collect$$$$0000000F  mc_w.l(entry10a.o)
    0x080002e0   0x080002e0   0x00000000   Code   RO        11506    .ARM.Collect$$$$00000011  mc_w.l(entry11a.o)
    0x080002e0   0x080002e0   0x00000004   Code   RO        11495    .ARM.Collect$$$$00002712  mc_w.l(entry2.o)
    0x080002e4   0x080002e4   0x000000be   Code   RO         9537    .emb_text           port.o
    0x080003a2   0x080003a2   0x00000002   PAD
    0x080003a4   0x080003a4   0x00000024   Code   RO            4    .text               startup_stm32h723xx.o
    0x080003c8   0x080003c8   0x00000062   Code   RO        11162    .text               mc_w.l(uldiv.o)
    0x0800042a   0x0800042a   0x00000024   Code   RO        11164    .text               mc_w.l(memcpya.o)
    0x0800044e   0x0800044e   0x00000024   Code   RO        11168    .text               mc_w.l(memseta.o)
    0x08000472   0x08000472   0x0000001a   Code   RO        11170    .text               mc_w.l(memcmp.o)
    0x0800048c   0x0800048c   0x0000001e   Code   RO        11513    .text               mc_w.l(llshl.o)
    0x080004aa   0x080004aa   0x00000020   Code   RO        11515    .text               mc_w.l(llushr.o)
    0x080004ca   0x080004ca   0x00000000   Code   RO        11524    .text               mc_w.l(iusefp.o)
    0x080004ca   0x080004ca   0x00000002   PAD
    0x080004cc   0x080004cc   0x00000024   Code   RO        11545    .text               mc_w.l(init.o)
    0x080004f0   0x080004f0   0x00000056   Code   RO        11559    .text               mc_w.l(__dczerorl2.o)
    0x08000546   0x08000546   0x00000002   PAD
    0x08000548   0x08000548   0x00000130   Code   RO         4592    i.ADC_ConfigureBoostMode  stm32h7xx_hal_adc.o
    0x08000678   0x08000678   0x00000092   Code   RO         4594    i.ADC_DMAConvCplt   stm32h7xx_hal_adc.o
    0x0800070a   0x0800070a   0x0000001e   Code   RO         4595    i.ADC_DMAError      stm32h7xx_hal_adc.o
    0x08000728   0x08000728   0x0000000e   Code   RO         4596    i.ADC_DMAHalfConvCplt  stm32h7xx_hal_adc.o
    0x08000736   0x08000736   0x00000002   PAD
    0x08000738   0x08000738   0x00000094   Code   RO         4597    i.ADC_Disable       stm32h7xx_hal_adc.o
    0x080007cc   0x080007cc   0x000000cc   Code   RO         4598    i.ADC_Enable        stm32h7xx_hal_adc.o
    0x08000898   0x08000898   0x00000028   Code   RO        10700    i.AHRS_init         imu_task.o
    0x080008c0   0x080008c0   0x00000040   Code   RO        10701    i.AHRS_update       imu_task.o
    0x08000900   0x08000900   0x00000014   Code   RO        10402    i.BMI088_ACCEL_NS_H  bmi088middleware.o
    0x08000914   0x08000914   0x00000014   Code   RO        10403    i.BMI088_ACCEL_NS_L  bmi088middleware.o
    0x08000928   0x08000928   0x00000002   Code   RO        10404    i.BMI088_GPIO_init  bmi088middleware.o
    0x0800092a   0x0800092a   0x00000002   PAD
    0x0800092c   0x0800092c   0x00000014   Code   RO        10405    i.BMI088_GYRO_NS_H  bmi088middleware.o
    0x08000940   0x08000940   0x00000014   Code   RO        10406    i.BMI088_GYRO_NS_L  bmi088middleware.o
    0x08000954   0x08000954   0x00000002   Code   RO        10407    i.BMI088_com_init   bmi088middleware.o
    0x08000956   0x08000956   0x0000001a   Code   RO        10408    i.BMI088_delay_ms   bmi088middleware.o
    0x08000970   0x08000970   0x0000004a   Code   RO        10409    i.BMI088_delay_us   bmi088middleware.o
    0x080009ba   0x080009ba   0x0000001c   Code   RO        10333    i.BMI088_init       bmi088driver.o
    0x080009d6   0x080009d6   0x00000002   PAD
    0x080009d8   0x080009d8   0x0000017c   Code   RO        10334    i.BMI088_read       bmi088driver.o
    0x08000b54   0x08000b54   0x00000026   Code   RO        10335    i.BMI088_read_muli_reg  bmi088driver.o
    0x08000b7a   0x08000b7a   0x00000018   Code   RO        10336    i.BMI088_read_single_reg  bmi088driver.o
    0x08000b92   0x08000b92   0x00000002   PAD
    0x08000b94   0x08000b94   0x00000020   Code   RO        10410    i.BMI088_read_write_byte  bmi088middleware.o
    0x08000bb4   0x08000bb4   0x00000014   Code   RO        10337    i.BMI088_write_single_reg  bmi088driver.o
    0x08000bc8   0x08000bc8   0x00000010   Code   RO        10093    i.BSP_Buzzer_Init   bsp_buzzer.o
    0x08000bd8   0x08000bd8   0x00000014   Code   RO        10094    i.BSP_Buzzer_Off    bsp_buzzer.o
    0x08000bec   0x08000bec   0x00000018   Code   RO        10095    i.BSP_Buzzer_On     bsp_buzzer.o
    0x08000c04   0x08000c04   0x0000001c   Code   RO        10096    i.BSP_Buzzer_Toggle  bsp_buzzer.o
    0x08000c20   0x08000c20   0x0000007c   Code   RO        10063    i.BSP_UserKey_Detect  bsp_user_key.o
    0x08000c9c   0x08000c9c   0x00000004   Code   RO          857    i.BusFault_Handler  stm32h7xx_it.o
    0x08000ca0   0x08000ca0   0x00000044   Code   RO         1193    i.CDC_Control_HS    usbd_cdc_if.o
    0x08000ce4   0x08000ce4   0x00000004   Code   RO         1194    i.CDC_DeInit_HS     usbd_cdc_if.o
    0x08000ce8   0x08000ce8   0x00000024   Code   RO         1195    i.CDC_Init_HS       usbd_cdc_if.o
    0x08000d0c   0x08000d0c   0x0000001c   Code   RO         1196    i.CDC_Receive_HS    usbd_cdc_if.o
    0x08000d28   0x08000d28   0x0000000c   Code   RO         1197    i.CDC_TransmitCplt_HS  usbd_cdc_if.o
    0x08000d34   0x08000d34   0x00000038   Code   RO         1198    i.CDC_Transmit_HS   usbd_cdc_if.o
    0x08000d6c   0x08000d6c   0x00000010   Code   RO          858    i.DMA1_Stream0_IRQHandler  stm32h7xx_it.o
    0x08000d7c   0x08000d7c   0x000000ec   Code   RO         2805    i.DMA_CalcBaseAndBitshift  stm32h7xx_hal_dma.o
    0x08000e68   0x08000e68   0x000000c4   Code   RO         2806    i.DMA_CalcDMAMUXChannelBaseAndMask  stm32h7xx_hal_dma.o
    0x08000f2c   0x08000f2c   0x00000098   Code   RO         2807    i.DMA_CalcDMAMUXRequestGenBaseAndMask  stm32h7xx_hal_dma.o
    0x08000fc4   0x08000fc4   0x000000ae   Code   RO         2808    i.DMA_CheckFifoParam  stm32h7xx_hal_dma.o
    0x08001072   0x08001072   0x00000002   PAD
    0x08001074   0x08001074   0x00000274   Code   RO         2809    i.DMA_SetConfig     stm32h7xx_hal_dma.o
    0x080012e8   0x080012e8   0x00000002   Code   RO          859    i.DebugMon_Handler  stm32h7xx_it.o
    0x080012ea   0x080012ea   0x00000006   Code   RO          246    i.Error_Handler     main.o
    0x080012f0   0x080012f0   0x00000010   Code   RO          860    i.FDCAN1_IT0_IRQHandler  stm32h7xx_it.o
    0x08001300   0x08001300   0x00000010   Code   RO          861    i.FDCAN1_IT1_IRQHandler  stm32h7xx_it.o
    0x08001310   0x08001310   0x00000010   Code   RO          862    i.FDCAN2_IT0_IRQHandler  stm32h7xx_it.o
    0x08001320   0x08001320   0x00000010   Code   RO          863    i.FDCAN2_IT1_IRQHandler  stm32h7xx_it.o
    0x08001330   0x08001330   0x00000010   Code   RO          864    i.FDCAN3_IT0_IRQHandler  stm32h7xx_it.o
    0x08001340   0x08001340   0x00000010   Code   RO          865    i.FDCAN3_IT1_IRQHandler  stm32h7xx_it.o
    0x08001350   0x08001350   0x00000220   Code   RO         5138    i.FDCAN_CalcultateRamBlockAddresses  stm32h7xx_hal_fdcan.o
    0x08001570   0x08001570   0x000000d4   Code   RO         5139    i.FDCAN_CopyMessageToRAM  stm32h7xx_hal_fdcan.o
    0x08001644   0x08001644   0x0000016c   Code   RO        10756    i.FunTest_Entry     fun_test_task.o
    0x080017b0   0x080017b0   0x000000dc   Code   RO        10702    i.GetAngle          imu_task.o
    0x0800188c   0x0800188c   0x00000034   Code   RO         1097    i.Get_SerialNum     usbd_desc.o
    0x080018c0   0x080018c0   0x000000b8   Code   RO         4869    i.HAL_ADCEx_Calibration_Start  stm32h7xx_hal_adc_ex.o
    0x08001978   0x08001978   0x00000164   Code   RO         4889    i.HAL_ADCEx_MultiModeConfigChannel  stm32h7xx_hal_adc_ex.o
    0x08001adc   0x08001adc   0x00000788   Code   RO         4600    i.HAL_ADC_ConfigChannel  stm32h7xx_hal_adc.o
    0x08002264   0x08002264   0x00000002   Code   RO         4601    i.HAL_ADC_ConvCpltCallback  stm32h7xx_hal_adc.o
    0x08002266   0x08002266   0x00000002   Code   RO         4602    i.HAL_ADC_ConvHalfCpltCallback  stm32h7xx_hal_adc.o
    0x08002268   0x08002268   0x00000002   Code   RO         4604    i.HAL_ADC_ErrorCallback  stm32h7xx_hal_adc.o
    0x0800226a   0x0800226a   0x00000002   PAD
    0x0800226c   0x0800226c   0x00000340   Code   RO         4609    i.HAL_ADC_Init      stm32h7xx_hal_adc.o
    0x080025ac   0x080025ac   0x0000012c   Code   RO          499    i.HAL_ADC_MspInit   adc.o
    0x080026d8   0x080026d8   0x00000170   Code   RO         4616    i.HAL_ADC_Start_DMA  stm32h7xx_hal_adc.o
    0x08002848   0x08002848   0x000004dc   Code   RO         2810    i.HAL_DMA_Abort     stm32h7xx_hal_dma.o
    0x08002d24   0x08002d24   0x00000398   Code   RO         2811    i.HAL_DMA_Abort_IT  stm32h7xx_hal_dma.o
    0x080030bc   0x080030bc   0x00000af8   Code   RO         2815    i.HAL_DMA_IRQHandler  stm32h7xx_hal_dma.o
    0x08003bb4   0x08003bb4   0x00000514   Code   RO         2816    i.HAL_DMA_Init      stm32h7xx_hal_dma.o
    0x080040c8   0x080040c8   0x000003e0   Code   RO         2820    i.HAL_DMA_Start_IT  stm32h7xx_hal_dma.o
    0x080044a8   0x080044a8   0x00000028   Code   RO         3653    i.HAL_Delay         stm32h7xx_hal.o
    0x080044d0   0x080044d0   0x000000a8   Code   RO         5141    i.HAL_FDCAN_ActivateNotification  stm32h7xx_hal_fdcan.o
    0x08004578   0x08004578   0x00000090   Code   RO         5143    i.HAL_FDCAN_AddMessageToTxFifoQ  stm32h7xx_hal_fdcan.o
    0x08004608   0x08004608   0x00000002   Code   RO         5144    i.HAL_FDCAN_ClockCalibrationCallback  stm32h7xx_hal_fdcan.o
    0x0800460a   0x0800460a   0x0000006c   Code   RO         5147    i.HAL_FDCAN_ConfigFifoWatermark  stm32h7xx_hal_fdcan.o
    0x08004676   0x08004676   0x000000a8   Code   RO         5148    i.HAL_FDCAN_ConfigFilter  stm32h7xx_hal_fdcan.o
    0x0800471e   0x0800471e   0x00000002   Code   RO         5170    i.HAL_FDCAN_ErrorCallback  stm32h7xx_hal_fdcan.o
    0x08004720   0x08004720   0x00000002   Code   RO         5171    i.HAL_FDCAN_ErrorStatusCallback  stm32h7xx_hal_fdcan.o
    0x08004722   0x08004722   0x00000002   PAD
    0x08004724   0x08004724   0x000001f4   Code   RO         5182    i.HAL_FDCAN_GetRxMessage  stm32h7xx_hal_fdcan.o
    0x08004918   0x08004918   0x00000002   Code   RO         5188    i.HAL_FDCAN_HighPriorityMessageCallback  stm32h7xx_hal_fdcan.o
    0x0800491a   0x0800491a   0x00000002   PAD
    0x0800491c   0x0800491c   0x000003d4   Code   RO         5189    i.HAL_FDCAN_IRQHandler  stm32h7xx_hal_fdcan.o
    0x08004cf0   0x08004cf0   0x000002e0   Code   RO         5190    i.HAL_FDCAN_Init    stm32h7xx_hal_fdcan.o
    0x08004fd0   0x08004fd0   0x0000023c   Code   RO          565    i.HAL_FDCAN_MspInit  fdcan.o
    0x0800520c   0x0800520c   0x00000002   Code   RO         5199    i.HAL_FDCAN_RxBufferNewMessageCallback  stm32h7xx_hal_fdcan.o
    0x0800520e   0x0800520e   0x00000002   PAD
    0x08005210   0x08005210   0x00000038   Code   RO        10475    i.HAL_FDCAN_RxFifo0Callback  can_bsp.o
    0x08005248   0x08005248   0x00000002   Code   RO         5201    i.HAL_FDCAN_RxFifo1Callback  stm32h7xx_hal_fdcan.o
    0x0800524a   0x0800524a   0x00000034   Code   RO         5202    i.HAL_FDCAN_Start   stm32h7xx_hal_fdcan.o
    0x0800527e   0x0800527e   0x00000002   Code   RO         5224    i.HAL_FDCAN_TT_GlobalTimeCallback  stm32h7xx_hal_fdcan.o
    0x08005280   0x08005280   0x00000002   Code   RO         5225    i.HAL_FDCAN_TT_ScheduleSyncCallback  stm32h7xx_hal_fdcan.o
    0x08005282   0x08005282   0x00000002   Code   RO         5230    i.HAL_FDCAN_TT_StopWatchCallback  stm32h7xx_hal_fdcan.o
    0x08005284   0x08005284   0x00000002   Code   RO         5231    i.HAL_FDCAN_TT_TimeMarkCallback  stm32h7xx_hal_fdcan.o
    0x08005286   0x08005286   0x00000002   Code   RO         5232    i.HAL_FDCAN_TimeoutOccurredCallback  stm32h7xx_hal_fdcan.o
    0x08005288   0x08005288   0x00000002   Code   RO         5233    i.HAL_FDCAN_TimestampWraparoundCallback  stm32h7xx_hal_fdcan.o
    0x0800528a   0x0800528a   0x00000002   Code   RO         5234    i.HAL_FDCAN_TxBufferAbortCallback  stm32h7xx_hal_fdcan.o
    0x0800528c   0x0800528c   0x00000002   Code   RO         5235    i.HAL_FDCAN_TxBufferCompleteCallback  stm32h7xx_hal_fdcan.o
    0x0800528e   0x0800528e   0x00000002   Code   RO         5236    i.HAL_FDCAN_TxEventFifoCallback  stm32h7xx_hal_fdcan.o
    0x08005290   0x08005290   0x00000002   Code   RO         5237    i.HAL_FDCAN_TxFifoEmptyCallback  stm32h7xx_hal_fdcan.o
    0x08005292   0x08005292   0x00000002   PAD
    0x08005294   0x08005294   0x0000016c   Code   RO         2655    i.HAL_GPIO_DeInit   stm32h7xx_hal_gpio.o
    0x08005400   0x08005400   0x000001f0   Code   RO         2658    i.HAL_GPIO_Init     stm32h7xx_hal_gpio.o
    0x080055f0   0x080055f0   0x00000010   Code   RO         2660    i.HAL_GPIO_ReadPin  stm32h7xx_hal_gpio.o
    0x08005600   0x08005600   0x0000000c   Code   RO         2662    i.HAL_GPIO_WritePin  stm32h7xx_hal_gpio.o
    0x0800560c   0x0800560c   0x0000000c   Code   RO         3669    i.HAL_GetTick       stm32h7xx_hal.o
    0x08005618   0x08005618   0x00000018   Code   RO         3675    i.HAL_IncTick       stm32h7xx_hal.o
    0x08005630   0x08005630   0x00000060   Code   RO         3676    i.HAL_Init          stm32h7xx_hal.o
    0x08005690   0x08005690   0x00000094   Code   RO         1023    i.HAL_InitTick      stm32h7xx_hal_timebase_tim.o
    0x08005724   0x08005724   0x00000030   Code   RO          999    i.HAL_MspInit       stm32h7xx_hal_msp.o
    0x08005754   0x08005754   0x00000028   Code   RO         3506    i.HAL_NVIC_EnableIRQ  stm32h7xx_hal_cortex.o
    0x0800577c   0x0800577c   0x0000007a   Code   RO         3512    i.HAL_NVIC_SetPriority  stm32h7xx_hal_cortex.o
    0x080057f6   0x080057f6   0x00000002   PAD
    0x080057f8   0x080057f8   0x00000028   Code   RO         3513    i.HAL_NVIC_SetPriorityGrouping  stm32h7xx_hal_cortex.o
    0x08005820   0x08005820   0x000006f8   Code   RO         5756    i.HAL_OSPIM_Config  stm32h7xx_hal_ospi.o
    0x08005f18   0x08005f18   0x00000032   Code   RO         5765    i.HAL_OSPI_DeInit   stm32h7xx_hal_ospi.o
    0x08005f4a   0x08005f4a   0x00000002   PAD
    0x08005f4c   0x08005f4c   0x00000110   Code   RO         5774    i.HAL_OSPI_Init     stm32h7xx_hal_ospi.o
    0x0800605c   0x0800605c   0x00000060   Code   RO          619    i.HAL_OSPI_MspDeInit  octospi.o
    0x080060bc   0x080060bc   0x000001a4   Code   RO          620    i.HAL_OSPI_MspInit  octospi.o
    0x08006260   0x08006260   0x00000008   Code   RO         5784    i.HAL_OSPI_SetTimeout  stm32h7xx_hal_ospi.o
    0x08006268   0x08006268   0x00000028   Code   RO         1703    i.HAL_PCDEx_ActivateLPM  stm32h7xx_hal_pcd_ex.o
    0x08006290   0x08006290   0x00000002   Code   RO         1708    i.HAL_PCDEx_LPM_Callback  stm32h7xx_hal_pcd_ex.o
    0x08006292   0x08006292   0x0000000a   Code   RO         1709    i.HAL_PCDEx_SetRxFiFo  stm32h7xx_hal_pcd_ex.o
    0x0800629c   0x0800629c   0x0000004e   Code   RO         1710    i.HAL_PCDEx_SetTxFiFo  stm32h7xx_hal_pcd_ex.o
    0x080062ea   0x080062ea   0x0000000e   Code   RO         1254    i.HAL_PCD_ConnectCallback  usbd_conf.o
    0x080062f8   0x080062f8   0x00000020   Code   RO         1255    i.HAL_PCD_DataInStageCallback  usbd_conf.o
    0x08006318   0x08006318   0x00000020   Code   RO         1256    i.HAL_PCD_DataOutStageCallback  usbd_conf.o
    0x08006338   0x08006338   0x0000000e   Code   RO         1257    i.HAL_PCD_DisconnectCallback  usbd_conf.o
    0x08006346   0x08006346   0x00000042   Code   RO         1474    i.HAL_PCD_EP_Abort  stm32h7xx_hal_pcd.o
    0x08006388   0x08006388   0x0000006a   Code   RO         1475    i.HAL_PCD_EP_Close  stm32h7xx_hal_pcd.o
    0x080063f2   0x080063f2   0x0000007c   Code   RO         1476    i.HAL_PCD_EP_ClrStall  stm32h7xx_hal_pcd.o
    0x0800646e   0x0800646e   0x00000016   Code   RO         1478    i.HAL_PCD_EP_GetRxCount  stm32h7xx_hal_pcd.o
    0x08006484   0x08006484   0x0000008c   Code   RO         1479    i.HAL_PCD_EP_Open   stm32h7xx_hal_pcd.o
    0x08006510   0x08006510   0x00000046   Code   RO         1480    i.HAL_PCD_EP_Receive  stm32h7xx_hal_pcd.o
    0x08006556   0x08006556   0x0000008a   Code   RO         1481    i.HAL_PCD_EP_SetStall  stm32h7xx_hal_pcd.o
    0x080065e0   0x080065e0   0x00000048   Code   RO         1482    i.HAL_PCD_EP_Transmit  stm32h7xx_hal_pcd.o
    0x08006628   0x08006628   0x0000070e   Code   RO         1484    i.HAL_PCD_IRQHandler  stm32h7xx_hal_pcd.o
    0x08006d36   0x08006d36   0x00000012   Code   RO         1258    i.HAL_PCD_ISOINIncompleteCallback  usbd_conf.o
    0x08006d48   0x08006d48   0x00000012   Code   RO         1259    i.HAL_PCD_ISOOUTIncompleteCallback  usbd_conf.o
    0x08006d5a   0x08006d5a   0x00000172   Code   RO         1487    i.HAL_PCD_Init      stm32h7xx_hal_pcd.o
    0x08006ecc   0x08006ecc   0x00000070   Code   RO         1261    i.HAL_PCD_MspInit   usbd_conf.o
    0x08006f3c   0x08006f3c   0x00000030   Code   RO         1262    i.HAL_PCD_ResetCallback  usbd_conf.o
    0x08006f6c   0x08006f6c   0x0000000e   Code   RO         1263    i.HAL_PCD_ResumeCallback  usbd_conf.o
    0x08006f7a   0x08006f7a   0x0000000e   Code   RO         1264    i.HAL_PCD_SOFCallback  usbd_conf.o
    0x08006f88   0x08006f88   0x00000036   Code   RO         1493    i.HAL_PCD_SetAddress  stm32h7xx_hal_pcd.o
    0x08006fbe   0x08006fbe   0x00000012   Code   RO         1265    i.HAL_PCD_SetupStageCallback  usbd_conf.o
    0x08006fd0   0x08006fd0   0x0000004c   Code   RO         1496    i.HAL_PCD_Start     stm32h7xx_hal_pcd.o
    0x0800701c   0x0800701c   0x00000034   Code   RO         1266    i.HAL_PCD_SuspendCallback  usbd_conf.o
    0x08007050   0x08007050   0x00000060   Code   RO         3259    i.HAL_PWREx_ConfigSupply  stm32h7xx_hal_pwr_ex.o
    0x080070b0   0x080070b0   0x00000014   Code   RO         3276    i.HAL_PWREx_EnableUSBVoltageDetector  stm32h7xx_hal_pwr_ex.o
    0x080070c4   0x080070c4   0x00000024   Code   RO         2201    i.HAL_RCCEx_GetD3PCLK1Freq  stm32h7xx_hal_rcc_ex.o
    0x080070e8   0x080070e8   0x00000230   Code   RO         2202    i.HAL_RCCEx_GetPLL1ClockFreq  stm32h7xx_hal_rcc_ex.o
    0x08007318   0x08007318   0x00000230   Code   RO         2203    i.HAL_RCCEx_GetPLL2ClockFreq  stm32h7xx_hal_rcc_ex.o
    0x08007548   0x08007548   0x00000230   Code   RO         2204    i.HAL_RCCEx_GetPLL3ClockFreq  stm32h7xx_hal_rcc_ex.o
    0x08007778   0x08007778   0x000007ac   Code   RO         2206    i.HAL_RCCEx_GetPeriphCLKFreq  stm32h7xx_hal_rcc_ex.o
    0x08007f24   0x08007f24   0x00000cc8   Code   RO         2210    i.HAL_RCCEx_PeriphCLKConfig  stm32h7xx_hal_rcc_ex.o
    0x08008bec   0x08008bec   0x00000320   Code   RO         2086    i.HAL_RCC_ClockConfig  stm32h7xx_hal_rcc.o
    0x08008f0c   0x08008f0c   0x0000006c   Code   RO         2090    i.HAL_RCC_GetClockConfig  stm32h7xx_hal_rcc.o
    0x08008f78   0x08008f78   0x0000004c   Code   RO         2091    i.HAL_RCC_GetHCLKFreq  stm32h7xx_hal_rcc.o
    0x08008fc4   0x08008fc4   0x00000024   Code   RO         2093    i.HAL_RCC_GetPCLK1Freq  stm32h7xx_hal_rcc.o
    0x08008fe8   0x08008fe8   0x00000024   Code   RO         2094    i.HAL_RCC_GetPCLK2Freq  stm32h7xx_hal_rcc.o
    0x0800900c   0x0800900c   0x0000022c   Code   RO         2095    i.HAL_RCC_GetSysClockFreq  stm32h7xx_hal_rcc.o
    0x08009238   0x08009238   0x000000bc   Code   RO         2096    i.HAL_RCC_MCOConfig  stm32h7xx_hal_rcc.o
    0x080092f4   0x080092f4   0x0000075c   Code   RO         2098    i.HAL_RCC_OscConfig  stm32h7xx_hal_rcc.o
    0x08009a50   0x08009a50   0x00000098   Code   RO         7808    i.HAL_RS485Ex_Init  stm32h7xx_hal_uart_ex.o
    0x08009ae8   0x08009ae8   0x000001b0   Code   RO         6031    i.HAL_SPI_Init      stm32h7xx_hal_spi.o
    0x08009c98   0x08009c98   0x00000250   Code   RO          662    i.HAL_SPI_MspInit   spi.o
    0x08009ee8   0x08009ee8   0x000002d4   Code   RO         6040    i.HAL_SPI_Transmit  stm32h7xx_hal_spi.o
    0x0800a1bc   0x0800a1bc   0x00000302   Code   RO         6041    i.HAL_SPI_TransmitReceive  stm32h7xx_hal_spi.o
    0x0800a4be   0x0800a4be   0x00000002   Code   RO         7081    i.HAL_TIMEx_Break2Callback  stm32h7xx_hal_tim_ex.o
    0x0800a4c0   0x0800a4c0   0x00000002   Code   RO         7082    i.HAL_TIMEx_BreakCallback  stm32h7xx_hal_tim_ex.o
    0x0800a4c2   0x0800a4c2   0x00000002   Code   RO         7083    i.HAL_TIMEx_CommutCallback  stm32h7xx_hal_tim_ex.o
    0x0800a4c4   0x0800a4c4   0x000000e8   Code   RO         7085    i.HAL_TIMEx_ConfigBreakDeadTime  stm32h7xx_hal_tim_ex.o
    0x0800a5ac   0x0800a5ac   0x000000e4   Code   RO         7104    i.HAL_TIMEx_MasterConfigSynchronization  stm32h7xx_hal_tim_ex.o
    0x0800a690   0x0800a690   0x0000006e   Code   RO         6356    i.HAL_TIM_Base_Init  stm32h7xx_hal_tim.o
    0x0800a6fe   0x0800a6fe   0x00000002   Code   RO         6358    i.HAL_TIM_Base_MspInit  stm32h7xx_hal_tim.o
    0x0800a700   0x0800a700   0x000000cc   Code   RO         6361    i.HAL_TIM_Base_Start_IT  stm32h7xx_hal_tim.o
    0x0800a7cc   0x0800a7cc   0x00000002   Code   RO         6390    i.HAL_TIM_IC_CaptureCallback  stm32h7xx_hal_tim.o
    0x0800a7ce   0x0800a7ce   0x000001b8   Code   RO         6404    i.HAL_TIM_IRQHandler  stm32h7xx_hal_tim.o
    0x0800a986   0x0800a986   0x00000002   PAD
    0x0800a988   0x0800a988   0x00000130   Code   RO          715    i.HAL_TIM_MspPostInit  tim.o
    0x0800aab8   0x0800aab8   0x00000002   Code   RO         6407    i.HAL_TIM_OC_DelayElapsedCallback  stm32h7xx_hal_tim.o
    0x0800aaba   0x0800aaba   0x00000170   Code   RO         6428    i.HAL_TIM_PWM_ConfigChannel  stm32h7xx_hal_tim.o
    0x0800ac2a   0x0800ac2a   0x0000006e   Code   RO         6431    i.HAL_TIM_PWM_Init  stm32h7xx_hal_tim.o
    0x0800ac98   0x0800ac98   0x000000b0   Code   RO          717    i.HAL_TIM_PWM_MspInit  tim.o
    0x0800ad48   0x0800ad48   0x00000002   Code   RO         6434    i.HAL_TIM_PWM_PulseFinishedCallback  stm32h7xx_hal_tim.o
    0x0800ad4a   0x0800ad4a   0x00000002   PAD
    0x0800ad4c   0x0800ad4c   0x0000017c   Code   RO         6436    i.HAL_TIM_PWM_Start  stm32h7xx_hal_tim.o
    0x0800aec8   0x0800aec8   0x00000018   Code   RO          247    i.HAL_TIM_PeriodElapsedCallback  main.o
    0x0800aee0   0x0800aee0   0x00000002   Code   RO         6447    i.HAL_TIM_TriggerCallback  stm32h7xx_hal_tim.o
    0x0800aee2   0x0800aee2   0x0000004e   Code   RO         7809    i.HAL_UARTEx_DisableFifoMode  stm32h7xx_hal_uart_ex.o
    0x0800af30   0x0800af30   0x00000002   Code   RO         7393    i.HAL_UARTEx_RxEventCallback  stm32h7xx_hal_uart.o
    0x0800af32   0x0800af32   0x00000002   Code   RO         7817    i.HAL_UARTEx_RxFifoFullCallback  stm32h7xx_hal_uart_ex.o
    0x0800af34   0x0800af34   0x0000005e   Code   RO         7818    i.HAL_UARTEx_SetRxFifoThreshold  stm32h7xx_hal_uart_ex.o
    0x0800af92   0x0800af92   0x0000005e   Code   RO         7819    i.HAL_UARTEx_SetTxFifoThreshold  stm32h7xx_hal_uart_ex.o
    0x0800aff0   0x0800aff0   0x00000002   Code   RO         7821    i.HAL_UARTEx_TxFifoEmptyCallback  stm32h7xx_hal_uart_ex.o
    0x0800aff2   0x0800aff2   0x00000002   Code   RO         7822    i.HAL_UARTEx_WakeupCallback  stm32h7xx_hal_uart_ex.o
    0x0800aff4   0x0800aff4   0x00000002   Code   RO         7409    i.HAL_UART_ErrorCallback  stm32h7xx_hal_uart.o
    0x0800aff6   0x0800aff6   0x00000002   PAD
    0x0800aff8   0x0800aff8   0x00000494   Code   RO         7412    i.HAL_UART_IRQHandler  stm32h7xx_hal_uart.o
    0x0800b48c   0x0800b48c   0x00000078   Code   RO         7413    i.HAL_UART_Init     stm32h7xx_hal_uart.o
    0x0800b504   0x0800b504   0x00000340   Code   RO          782    i.HAL_UART_MspInit  usart.o
    0x0800b844   0x0800b844   0x0000005c   Code   RO         7418    i.HAL_UART_Receive_IT  stm32h7xx_hal_uart.o
    0x0800b8a0   0x0800b8a0   0x0000009c   Code   RO        10757    i.HAL_UART_RxCpltCallback  fun_test_task.o
    0x0800b93c   0x0800b93c   0x000000c2   Code   RO         7422    i.HAL_UART_Transmit  stm32h7xx_hal_uart.o
    0x0800b9fe   0x0800b9fe   0x00000002   Code   RO         7425    i.HAL_UART_TxCpltCallback  stm32h7xx_hal_uart.o
    0x0800ba00   0x0800ba00   0x00000004   Code   RO          866    i.HardFault_Handler  stm32h7xx_it.o
    0x0800ba04   0x0800ba04   0x00000184   Code   RO        10703    i.ImuTask_Entry     imu_task.o
    0x0800bb88   0x0800bb88   0x00000030   Code   RO        10908    i.Init_Cyber        cybergear_control.o
    0x0800bbb8   0x0800bbb8   0x0000003e   Code   RO         1098    i.IntToUnicode      usbd_desc.o
    0x0800bbf6   0x0800bbf6   0x00000002   PAD
    0x0800bbf8   0x0800bbf8   0x00000078   Code   RO        10636    i.KeyTask_Entry     key_task.o
    0x0800bc70   0x0800bc70   0x00000042   Code   RO        10141    i.LCD_Address_Set   lcd.o
    0x0800bcb2   0x0800bcb2   0x000000ac   Code   RO        10142    i.LCD_DrawLine      lcd.o
    0x0800bd5e   0x0800bd5e   0x0000001c   Code   RO        10143    i.LCD_DrawPoint     lcd.o
    0x0800bd7a   0x0800bd7a   0x0000004a   Code   RO        10145    i.LCD_Fill          lcd.o
    0x0800bdc4   0x0800bdc4   0x0000019c   Code   RO        10146    i.LCD_Init          lcd.o
    0x0800bf60   0x0800bf60   0x00000158   Code   RO        10147    i.LCD_ShowChar      lcd.o
    0x0800c0b8   0x0800c0b8   0x0000008c   Code   RO        10148    i.LCD_ShowChinese   lcd.o
    0x0800c144   0x0800c144   0x00000148   Code   RO        10149    i.LCD_ShowChinese12x12  lcd.o
    0x0800c28c   0x0800c28c   0x00000138   Code   RO        10150    i.LCD_ShowChinese16x16  lcd.o
    0x0800c3c4   0x0800c3c4   0x00000148   Code   RO        10151    i.LCD_ShowChinese24x24  lcd.o
    0x0800c50c   0x0800c50c   0x00000138   Code   RO        10152    i.LCD_ShowChinese32x32  lcd.o
    0x0800c644   0x0800c644   0x00000130   Code   RO        10153    i.LCD_ShowFloatNum  lcd.o
    0x0800c774   0x0800c774   0x00000066   Code   RO        10156    i.LCD_ShowPicture   lcd.o
    0x0800c7da   0x0800c7da   0x00000042   Code   RO        10157    i.LCD_ShowString    lcd.o
    0x0800c81c   0x0800c81c   0x00000012   Code   RO        10158    i.LCD_WR_DATA       lcd.o
    0x0800c82e   0x0800c82e   0x0000000c   Code   RO        10159    i.LCD_WR_DATA8      lcd.o
    0x0800c83a   0x0800c83a   0x00000002   PAD
    0x0800c83c   0x0800c83c   0x00000028   Code   RO        10160    i.LCD_WR_REG        lcd.o
    0x0800c864   0x0800c864   0x00000030   Code   RO        10161    i.LCD_Writ_Bus      lcd.o
    0x0800c894   0x0800c894   0x00000010   Code   RO         4622    i.LL_ADC_Enable     stm32h7xx_hal_adc.o
    0x0800c8a4   0x0800c8a4   0x0000000a   Code   RO         4624    i.LL_ADC_GetMultimode  stm32h7xx_hal_adc.o
    0x0800c8ae   0x0800c8ae   0x00000012   Code   RO         4625    i.LL_ADC_GetOffsetChannel  stm32h7xx_hal_adc.o
    0x0800c8c0   0x0800c8c0   0x0000000a   Code   RO         4626    i.LL_ADC_INJ_IsConversionOngoing  stm32h7xx_hal_adc.o
    0x0800c8ca   0x0800c8ca   0x0000000a   Code   RO         4627    i.LL_ADC_IsDisableOngoing  stm32h7xx_hal_adc.o
    0x0800c8d4   0x0800c8d4   0x0000000a   Code   RO         4628    i.LL_ADC_IsEnabled  stm32h7xx_hal_adc.o
    0x0800c8de   0x0800c8de   0x0000000a   Code   RO         4902    i.LL_ADC_IsEnabled  stm32h7xx_hal_adc_ex.o
    0x0800c8e8   0x0800c8e8   0x0000000a   Code   RO         4629    i.LL_ADC_IsInternalRegulatorEnabled  stm32h7xx_hal_adc.o
    0x0800c8f2   0x0800c8f2   0x0000000a   Code   RO         4630    i.LL_ADC_REG_IsConversionOngoing  stm32h7xx_hal_adc.o
    0x0800c8fc   0x0800c8fc   0x0000000a   Code   RO         4903    i.LL_ADC_REG_IsConversionOngoing  stm32h7xx_hal_adc_ex.o
    0x0800c906   0x0800c906   0x00000012   Code   RO         4631    i.LL_ADC_REG_IsTriggerSourceSWStart  stm32h7xx_hal_adc.o
    0x0800c918   0x0800c918   0x00000010   Code   RO         4632    i.LL_ADC_REG_StartConversion  stm32h7xx_hal_adc.o
    0x0800c928   0x0800c928   0x00000028   Code   RO         4634    i.LL_ADC_SetChannelSamplingTime  stm32h7xx_hal_adc.o
    0x0800c950   0x0800c950   0x0000000c   Code   RO         4635    i.LL_ADC_SetCommonPathInternalCh  stm32h7xx_hal_adc.o
    0x0800c95c   0x0800c95c   0x00000030   Code   RO         4636    i.LL_ADC_SetOffsetState  stm32h7xx_hal_adc.o
    0x0800c98c   0x0800c98c   0x000000c8   Code   RO        10666    i.LcdTask_Entry     lcd_task.o
    0x0800ca54   0x0800ca54   0x000000c4   Code   RO          500    i.MX_ADC1_Init      adc.o
    0x0800cb18   0x0800cb18   0x00000034   Code   RO          540    i.MX_DMA_Init       dma.o
    0x0800cb4c   0x0800cb4c   0x00000080   Code   RO          566    i.MX_FDCAN1_Init    fdcan.o
    0x0800cbcc   0x0800cbcc   0x0000007c   Code   RO          567    i.MX_FDCAN2_Init    fdcan.o
    0x0800cc48   0x0800cc48   0x0000007c   Code   RO          568    i.MX_FDCAN3_Init    fdcan.o
    0x0800ccc4   0x0800ccc4   0x00000098   Code   RO          422    i.MX_FREERTOS_Init  freertos.o
    0x0800cd5c   0x0800cd5c   0x000001d8   Code   RO          394    i.MX_GPIO_Init      gpio.o
    0x0800cf34   0x0800cf34   0x000000a4   Code   RO          621    i.MX_OCTOSPI2_Init  octospi.o
    0x0800cfd8   0x0800cfd8   0x00000064   Code   RO          663    i.MX_SPI1_Init      spi.o
    0x0800d03c   0x0800d03c   0x00000064   Code   RO          664    i.MX_SPI2_Init      spi.o
    0x0800d0a0   0x0800d0a0   0x00000064   Code   RO          665    i.MX_SPI6_Init      spi.o
    0x0800d104   0x0800d104   0x0000007c   Code   RO          718    i.MX_TIM12_Init     tim.o
    0x0800d180   0x0800d180   0x000000d4   Code   RO          719    i.MX_TIM1_Init      tim.o
    0x0800d254   0x0800d254   0x00000090   Code   RO          720    i.MX_TIM2_Init      tim.o
    0x0800d2e4   0x0800d2e4   0x00000080   Code   RO          721    i.MX_TIM3_Init      tim.o
    0x0800d364   0x0800d364   0x0000006c   Code   RO          783    i.MX_UART7_Init     usart.o
    0x0800d3d0   0x0800d3d0   0x0000006c   Code   RO          784    i.MX_USART10_UART_Init  usart.o
    0x0800d43c   0x0800d43c   0x0000006c   Code   RO          785    i.MX_USART1_UART_Init  usart.o
    0x0800d4a8   0x0800d4a8   0x00000070   Code   RO          786    i.MX_USART2_UART_Init  usart.o
    0x0800d518   0x0800d518   0x00000070   Code   RO          787    i.MX_USART3_UART_Init  usart.o
    0x0800d588   0x0800d588   0x00000050   Code   RO         1062    i.MX_USB_DEVICE_Init  usb_device.o
    0x0800d5d8   0x0800d5d8   0x000002f8   Code   RO        10790    i.MahonyAHRSupdateIMU  mahonyahrs.o
    0x0800d8d0   0x0800d8d0   0x00000004   Code   RO          867    i.MemManage_Handler  stm32h7xx_it.o
    0x0800d8d4   0x0800d8d4   0x00000090   Code   RO        10912    i.Motor_Data_Handler  cybergear_control.o
    0x0800d964   0x0800d964   0x00000004   Code   RO          868    i.NMI_Handler       stm32h7xx_it.o
    0x0800d968   0x0800d968   0x000000e8   Code   RO         5792    i.OSPIM_GetConfig   stm32h7xx_hal_ospi.o
    0x0800da50   0x0800da50   0x0000004c   Code   RO         5797    i.OSPI_WaitFlagStateUntilTimeout  stm32h7xx_hal_ospi.o
    0x0800da9c   0x0800da9c   0x00000010   Code   RO          869    i.OTG_HS_IRQHandler  stm32h7xx_it.o
    0x0800daac   0x0800daac   0x00000064   Code   RO         1499    i.PCD_EP_OutSetupPacket_int  stm32h7xx_hal_pcd.o
    0x0800db10   0x0800db10   0x00000144   Code   RO         1500    i.PCD_EP_OutXfrComplete_int  stm32h7xx_hal_pcd.o
    0x0800dc54   0x0800dc54   0x000000b6   Code   RO         1501    i.PCD_WriteEmptyTxFifo  stm32h7xx_hal_pcd.o
    0x0800dd0a   0x0800dd0a   0x00000002   PAD
    0x0800dd0c   0x0800dd0c   0x00000164   Code   RO         2213    i.RCCEx_PLL2_Config  stm32h7xx_hal_rcc_ex.o
    0x0800de70   0x0800de70   0x00000164   Code   RO         2214    i.RCCEx_PLL3_Config  stm32h7xx_hal_rcc_ex.o
    0x0800dfd4   0x0800dfd4   0x000000d6   Code   RO         6051    i.SPI_CloseTransfer  stm32h7xx_hal_spi.o
    0x0800e0aa   0x0800e0aa   0x0000001a   Code   RO         6062    i.SPI_GetPacketSize  stm32h7xx_hal_spi.o
    0x0800e0c4   0x0800e0c4   0x00000042   Code   RO         6069    i.SPI_WaitOnFlagUntilTimeout  stm32h7xx_hal_spi.o
    0x0800e106   0x0800e106   0x00000012   Code   RO         9783    i.SWAPBYTE          usbd_ctlreq.o
    0x0800e118   0x0800e118   0x0000001c   Code   RO        10916    i.Set_Cyber_Mode    cybergear_control.o
    0x0800e134   0x0800e134   0x00000064   Code   RO        10917    i.Set_Cyber_Parameter  cybergear_control.o
    0x0800e198   0x0800e198   0x00000044   Code   RO        10918    i.Set_Cyber_Pos     cybergear_control.o
    0x0800e1dc   0x0800e1dc   0x00000030   Code   RO        10920    i.Set_Cyber_ZeroPos  cybergear_control.o
    0x0800e20c   0x0800e20c   0x00000026   Code   RO        10921    i.Set_Cyber_limitSp  cybergear_control.o
    0x0800e232   0x0800e232   0x00000026   Code   RO        10922    i.Set_Cyber_limitTor  cybergear_control.o
    0x0800e258   0x0800e258   0x0000000e   Code   RO          423    i.StartDefaultTask  freertos.o
    0x0800e266   0x0800e266   0x00000002   PAD
    0x0800e268   0x0800e268   0x0000002c   Code   RO        10924    i.Start_Cyber       cybergear_control.o
    0x0800e294   0x0800e294   0x0000002c   Code   RO        10926    i.Stop_Cyber        cybergear_control.o
    0x0800e2c0   0x0800e2c0   0x00000034   Code   RO         9538    i.SysTick_Handler   port.o
    0x0800e2f4   0x0800e2f4   0x000000d0   Code   RO          249    i.SystemClock_Config  main.o
    0x0800e3c4   0x0800e3c4   0x000000e0   Code   RO         7933    i.SystemInit        system_stm32h7xx.o
    0x0800e4a4   0x0800e4a4   0x00000010   Code   RO          870    i.TIM23_IRQHandler  stm32h7xx_it.o
    0x0800e4b4   0x0800e4b4   0x000000e0   Code   RO         6449    i.TIM_Base_SetConfig  stm32h7xx_hal_tim.o
    0x0800e594   0x0800e594   0x00000022   Code   RO         6450    i.TIM_CCxChannelCmd  stm32h7xx_hal_tim.o
    0x0800e5b6   0x0800e5b6   0x00000002   PAD
    0x0800e5b8   0x0800e5b8   0x000000ac   Code   RO         6462    i.TIM_OC1_SetConfig  stm32h7xx_hal_tim.o
    0x0800e664   0x0800e664   0x000000b4   Code   RO         6463    i.TIM_OC2_SetConfig  stm32h7xx_hal_tim.o
    0x0800e718   0x0800e718   0x000000b4   Code   RO         6464    i.TIM_OC3_SetConfig  stm32h7xx_hal_tim.o
    0x0800e7cc   0x0800e7cc   0x00000074   Code   RO         6465    i.TIM_OC4_SetConfig  stm32h7xx_hal_tim.o
    0x0800e840   0x0800e840   0x00000070   Code   RO         6466    i.TIM_OC5_SetConfig  stm32h7xx_hal_tim.o
    0x0800e8b0   0x0800e8b0   0x00000070   Code   RO         6467    i.TIM_OC6_SetConfig  stm32h7xx_hal_tim.o
    0x0800e920   0x0800e920   0x00000010   Code   RO          871    i.UART7_IRQHandler  stm32h7xx_it.o
    0x0800e930   0x0800e930   0x00000058   Code   RO         7823    i.UARTEx_SetNbDataToProcess  stm32h7xx_hal_uart_ex.o
    0x0800e988   0x0800e988   0x000000f8   Code   RO         7427    i.UART_AdvFeatureConfig  stm32h7xx_hal_uart.o
    0x0800ea80   0x0800ea80   0x000000ea   Code   RO         7428    i.UART_CheckIdleState  stm32h7xx_hal_uart.o
    0x0800eb6a   0x0800eb6a   0x00000018   Code   RO         7429    i.UART_DMAAbortOnError  stm32h7xx_hal_uart.o
    0x0800eb82   0x0800eb82   0x00000002   PAD
    0x0800eb84   0x0800eb84   0x0000006c   Code   RO         7439    i.UART_EndRxTransfer  stm32h7xx_hal_uart.o
    0x0800ebf0   0x0800ebf0   0x00000030   Code   RO         7440    i.UART_EndTransmit_IT  stm32h7xx_hal_uart.o
    0x0800ec20   0x0800ec20   0x00000104   Code   RO         7442    i.UART_RxISR_16BIT  stm32h7xx_hal_uart.o
    0x0800ed24   0x0800ed24   0x000001fc   Code   RO         7443    i.UART_RxISR_16BIT_FIFOEN  stm32h7xx_hal_uart.o
    0x0800ef20   0x0800ef20   0x00000104   Code   RO         7444    i.UART_RxISR_8BIT   stm32h7xx_hal_uart.o
    0x0800f024   0x0800f024   0x000001f8   Code   RO         7445    i.UART_RxISR_8BIT_FIFOEN  stm32h7xx_hal_uart.o
    0x0800f21c   0x0800f21c   0x00000628   Code   RO         7446    i.UART_SetConfig    stm32h7xx_hal_uart.o
    0x0800f844   0x0800f844   0x0000015c   Code   RO         7448    i.UART_Start_Receive_IT  stm32h7xx_hal_uart.o
    0x0800f9a0   0x0800f9a0   0x000000a2   Code   RO         7453    i.UART_WaitOnFlagUntilTimeout  stm32h7xx_hal_uart.o
    0x0800fa42   0x0800fa42   0x00000002   PAD
    0x0800fa44   0x0800fa44   0x00000010   Code   RO          872    i.USART10_IRQHandler  stm32h7xx_it.o
    0x0800fa54   0x0800fa54   0x00000010   Code   RO          873    i.USART1_IRQHandler  stm32h7xx_it.o
    0x0800fa64   0x0800fa64   0x00000010   Code   RO          874    i.USART2_IRQHandler  stm32h7xx_it.o
    0x0800fa74   0x0800fa74   0x00000010   Code   RO          875    i.USART3_IRQHandler  stm32h7xx_it.o
    0x0800fa84   0x0800fa84   0x000000c4   Code   RO         9954    i.USBD_CDC_DataIn   usbd_cdc.o
    0x0800fb48   0x0800fb48   0x00000048   Code   RO         9955    i.USBD_CDC_DataOut  usbd_cdc.o
    0x0800fb90   0x0800fb90   0x000000d4   Code   RO         9956    i.USBD_CDC_DeInit   usbd_cdc.o
    0x0800fc64   0x0800fc64   0x00000050   Code   RO         9957    i.USBD_CDC_EP0_RxReady  usbd_cdc.o
    0x0800fcb4   0x0800fcb4   0x00000010   Code   RO         9958    i.USBD_CDC_GetDeviceQualifierDescriptor  usbd_cdc.o
    0x0800fcc4   0x0800fcc4   0x00000044   Code   RO         9959    i.USBD_CDC_GetFSCfgDesc  usbd_cdc.o
    0x0800fd08   0x0800fd08   0x00000048   Code   RO         9960    i.USBD_CDC_GetHSCfgDesc  usbd_cdc.o
    0x0800fd50   0x0800fd50   0x00000044   Code   RO         9961    i.USBD_CDC_GetOtherSpeedCfgDesc  usbd_cdc.o
    0x0800fd94   0x0800fd94   0x000001a0   Code   RO         9962    i.USBD_CDC_Init     usbd_cdc.o
    0x0800ff34   0x0800ff34   0x00000050   Code   RO         9963    i.USBD_CDC_ReceivePacket  usbd_cdc.o
    0x0800ff84   0x0800ff84   0x00000018   Code   RO         9964    i.USBD_CDC_RegisterInterface  usbd_cdc.o
    0x0800ff9c   0x0800ff9c   0x0000001e   Code   RO         9965    i.USBD_CDC_SetRxBuffer  usbd_cdc.o
    0x0800ffba   0x0800ffba   0x00000024   Code   RO         9966    i.USBD_CDC_SetTxBuffer  usbd_cdc.o
    0x0800ffde   0x0800ffde   0x00000140   Code   RO         9967    i.USBD_CDC_Setup    usbd_cdc.o
    0x0801011e   0x0801011e   0x00000002   PAD
    0x08010120   0x08010120   0x0000005c   Code   RO         9968    i.USBD_CDC_TransmitPacket  usbd_cdc.o
    0x0801017c   0x0801017c   0x0000001c   Code   RO         9617    i.USBD_ClrClassConfig  usbd_core.o
    0x08010198   0x08010198   0x0000003e   Code   RO         9784    i.USBD_ClrFeature   usbd_ctlreq.o
    0x080101d6   0x080101d6   0x00000006   Code   RO         9618    i.USBD_CoreFindEP   usbd_core.o
    0x080101dc   0x080101dc   0x00000006   Code   RO         9619    i.USBD_CoreFindIF   usbd_core.o
    0x080101e2   0x080101e2   0x00000018   Code   RO         9890    i.USBD_CtlContinueRx  usbd_ioreq.o
    0x080101fa   0x080101fa   0x00000018   Code   RO         9891    i.USBD_CtlContinueSendData  usbd_ioreq.o
    0x08010212   0x08010212   0x00000018   Code   RO         9785    i.USBD_CtlError     usbd_ctlreq.o
    0x0801022a   0x0801022a   0x00000028   Code   RO         9892    i.USBD_CtlPrepareRx  usbd_ioreq.o
    0x08010252   0x08010252   0x0000001a   Code   RO         9893    i.USBD_CtlReceiveStatus  usbd_ioreq.o
    0x0801026c   0x0801026c   0x00000022   Code   RO         9894    i.USBD_CtlSendData  usbd_ioreq.o
    0x0801028e   0x0801028e   0x0000001a   Code   RO         9895    i.USBD_CtlSendStatus  usbd_ioreq.o
    0x080102a8   0x080102a8   0x00000056   Code   RO         9786    i.USBD_GetConfig    usbd_ctlreq.o
    0x080102fe   0x080102fe   0x00000232   Code   RO         9787    i.USBD_GetDescriptor  usbd_ctlreq.o
    0x08010530   0x08010530   0x00000050   Code   RO         9621    i.USBD_GetEpDesc    usbd_core.o
    0x08010580   0x08010580   0x00000016   Code   RO         9788    i.USBD_GetLen       usbd_ctlreq.o
    0x08010596   0x08010596   0x00000014   Code   RO         9622    i.USBD_GetNextDesc  usbd_core.o
    0x080105aa   0x080105aa   0x0000005a   Code   RO         9789    i.USBD_GetStatus    usbd_ctlreq.o
    0x08010604   0x08010604   0x00000054   Code   RO         9790    i.USBD_GetString    usbd_ctlreq.o
    0x08010658   0x08010658   0x0000002c   Code   RO         1267    i.USBD_Get_USB_Status  usbd_conf.o
    0x08010684   0x08010684   0x00000034   Code   RO         1099    i.USBD_HS_ConfigStrDescriptor  usbd_desc.o
    0x080106b8   0x080106b8   0x00000010   Code   RO         1100    i.USBD_HS_DeviceDescriptor  usbd_desc.o
    0x080106c8   0x080106c8   0x00000038   Code   RO         1101    i.USBD_HS_InterfaceStrDescriptor  usbd_desc.o
    0x08010700   0x08010700   0x00000010   Code   RO         1102    i.USBD_HS_LangIDStrDescriptor  usbd_desc.o
    0x08010710   0x08010710   0x0000002c   Code   RO         1103    i.USBD_HS_ManufacturerStrDescriptor  usbd_desc.o
    0x0801073c   0x0801073c   0x00000040   Code   RO         1104    i.USBD_HS_ProductStrDescriptor  usbd_desc.o
    0x0801077c   0x0801077c   0x00000018   Code   RO         1105    i.USBD_HS_SerialStrDescriptor  usbd_desc.o
    0x08010794   0x08010794   0x0000003a   Code   RO         9623    i.USBD_Init         usbd_core.o
    0x080107ce   0x080107ce   0x00000026   Code   RO         1268    i.USBD_LL_ClearStallEP  usbd_conf.o
    0x080107f4   0x080107f4   0x00000026   Code   RO         1269    i.USBD_LL_CloseEP   usbd_conf.o
    0x0801081a   0x0801081a   0x00000108   Code   RO         9624    i.USBD_LL_DataInStage  usbd_core.o
    0x08010922   0x08010922   0x00000102   Code   RO         9625    i.USBD_LL_DataOutStage  usbd_core.o
    0x08010a24   0x08010a24   0x00000006   Code   RO         9626    i.USBD_LL_DevConnected  usbd_core.o
    0x08010a2a   0x08010a2a   0x00000026   Code   RO         9627    i.USBD_LL_DevDisconnected  usbd_core.o
    0x08010a50   0x08010a50   0x00000012   Code   RO         1273    i.USBD_LL_GetRxDataSize  usbd_conf.o
    0x08010a62   0x08010a62   0x00000002   PAD
    0x08010a64   0x08010a64   0x00000070   Code   RO         1274    i.USBD_LL_Init      usbd_conf.o
    0x08010ad4   0x08010ad4   0x00000038   Code   RO         1275    i.USBD_LL_IsStallEP  usbd_conf.o
    0x08010b0c   0x08010b0c   0x00000048   Code   RO         9628    i.USBD_LL_IsoINIncomplete  usbd_core.o
    0x08010b54   0x08010b54   0x00000048   Code   RO         9629    i.USBD_LL_IsoOUTIncomplete  usbd_core.o
    0x08010b9c   0x08010b9c   0x00000030   Code   RO         1276    i.USBD_LL_OpenEP    usbd_conf.o
    0x08010bcc   0x08010bcc   0x00000030   Code   RO         1277    i.USBD_LL_PrepareReceive  usbd_conf.o
    0x08010bfc   0x08010bfc   0x0000006c   Code   RO         9630    i.USBD_LL_Reset     usbd_core.o
    0x08010c68   0x08010c68   0x00000016   Code   RO         9631    i.USBD_LL_Resume    usbd_core.o
    0x08010c7e   0x08010c7e   0x00000028   Code   RO         9632    i.USBD_LL_SOF       usbd_core.o
    0x08010ca6   0x08010ca6   0x00000008   Code   RO         9633    i.USBD_LL_SetSpeed  usbd_core.o
    0x08010cae   0x08010cae   0x00000026   Code   RO         1278    i.USBD_LL_SetUSBAddress  usbd_conf.o
    0x08010cd4   0x08010cd4   0x00000076   Code   RO         9634    i.USBD_LL_SetupStage  usbd_core.o
    0x08010d4a   0x08010d4a   0x00000026   Code   RO         1279    i.USBD_LL_StallEP   usbd_conf.o
    0x08010d70   0x08010d70   0x0000001e   Code   RO         1280    i.USBD_LL_Start     usbd_conf.o
    0x08010d8e   0x08010d8e   0x0000001c   Code   RO         9635    i.USBD_LL_Suspend   usbd_core.o
    0x08010daa   0x08010daa   0x00000030   Code   RO         1282    i.USBD_LL_Transmit  usbd_conf.o
    0x08010dda   0x08010dda   0x00000036   Code   RO         9791    i.USBD_ParseSetupRequest  usbd_ctlreq.o
    0x08010e10   0x08010e10   0x00000048   Code   RO         9636    i.USBD_RegisterClass  usbd_core.o
    0x08010e58   0x08010e58   0x00000006   Code   RO         9637    i.USBD_RunTestMode  usbd_core.o
    0x08010e5e   0x08010e5e   0x0000005a   Code   RO         9792    i.USBD_SetAddress   usbd_ctlreq.o
    0x08010eb8   0x08010eb8   0x00000020   Code   RO         9638    i.USBD_SetClassConfig  usbd_core.o
    0x08010ed8   0x08010ed8   0x00000104   Code   RO         9793    i.USBD_SetConfig    usbd_ctlreq.o
    0x08010fdc   0x08010fdc   0x00000038   Code   RO         9794    i.USBD_SetFeature   usbd_ctlreq.o
    0x08011014   0x08011014   0x0000000c   Code   RO         9639    i.USBD_Start        usbd_core.o
    0x08011020   0x08011020   0x000000ae   Code   RO         9795    i.USBD_StdDevReq    usbd_ctlreq.o
    0x080110ce   0x080110ce   0x00000280   Code   RO         9796    i.USBD_StdEPReq     usbd_ctlreq.o
    0x0801134e   0x0801134e   0x000000ae   Code   RO         9797    i.USBD_StdItfReq    usbd_ctlreq.o
    0x080113fc   0x080113fc   0x00000002   Code   RO         1283    i.USBD_static_free  usbd_conf.o
    0x080113fe   0x080113fe   0x00000002   PAD
    0x08011400   0x08011400   0x0000000c   Code   RO         1284    i.USBD_static_malloc  usbd_conf.o
    0x0801140c   0x0801140c   0x000000d0   Code   RO         1775    i.USB_ActivateEndpoint  stm32h7xx_ll_usb.o
    0x080114dc   0x080114dc   0x00000028   Code   RO         1777    i.USB_ActivateSetup  stm32h7xx_ll_usb.o
    0x08011504   0x08011504   0x00000098   Code   RO         1779    i.USB_CoreInit      stm32h7xx_ll_usb.o
    0x0801159c   0x0801159c   0x00000058   Code   RO         1780    i.USB_CoreReset     stm32h7xx_ll_usb.o
    0x080115f4   0x080115f4   0x0000014c   Code   RO         1783    i.USB_DeactivateEndpoint  stm32h7xx_ll_usb.o
    0x08011740   0x08011740   0x00000024   Code   RO         1784    i.USB_DevConnect    stm32h7xx_ll_usb.o
    0x08011764   0x08011764   0x00000024   Code   RO         1785    i.USB_DevDisconnect  stm32h7xx_ll_usb.o
    0x08011788   0x08011788   0x000001d8   Code   RO         1786    i.USB_DevInit       stm32h7xx_ll_usb.o
    0x08011960   0x08011960   0x0000000e   Code   RO         1787    i.USB_DisableGlobalInt  stm32h7xx_ll_usb.o
    0x0801196e   0x0801196e   0x00000002   PAD
    0x08011970   0x08011970   0x00000070   Code   RO         1790    i.USB_EP0_OutStart  stm32h7xx_ll_usb.o
    0x080119e0   0x080119e0   0x0000008e   Code   RO         1791    i.USB_EPClearStall  stm32h7xx_ll_usb.o
    0x08011a6e   0x08011a6e   0x0000009a   Code   RO         1792    i.USB_EPSetStall    stm32h7xx_ll_usb.o
    0x08011b08   0x08011b08   0x000003b4   Code   RO         1793    i.USB_EPStartXfer   stm32h7xx_ll_usb.o
    0x08011ebc   0x08011ebc   0x000000ec   Code   RO         1794    i.USB_EPStopXfer    stm32h7xx_ll_usb.o
    0x08011fa8   0x08011fa8   0x0000000e   Code   RO         1795    i.USB_EnableGlobalInt  stm32h7xx_ll_usb.o
    0x08011fb6   0x08011fb6   0x00000002   PAD
    0x08011fb8   0x08011fb8   0x00000054   Code   RO         1796    i.USB_FlushRxFifo   stm32h7xx_ll_usb.o
    0x0801200c   0x0801200c   0x00000058   Code   RO         1797    i.USB_FlushTxFifo   stm32h7xx_ll_usb.o
    0x08012064   0x08012064   0x00000026   Code   RO         1799    i.USB_GetDevSpeed   stm32h7xx_ll_usb.o
    0x0801208a   0x0801208a   0x0000000a   Code   RO         1801    i.USB_GetMode       stm32h7xx_ll_usb.o
    0x08012094   0x08012094   0x00000014   Code   RO         1809    i.USB_ReadDevAllInEpInterrupt  stm32h7xx_ll_usb.o
    0x080120a8   0x080120a8   0x00000014   Code   RO         1810    i.USB_ReadDevAllOutEpInterrupt  stm32h7xx_ll_usb.o
    0x080120bc   0x080120bc   0x00000032   Code   RO         1811    i.USB_ReadDevInEPInterrupt  stm32h7xx_ll_usb.o
    0x080120ee   0x080120ee   0x0000001a   Code   RO         1812    i.USB_ReadDevOutEPInterrupt  stm32h7xx_ll_usb.o
    0x08012108   0x08012108   0x0000000a   Code   RO         1813    i.USB_ReadInterrupts  stm32h7xx_ll_usb.o
    0x08012112   0x08012112   0x00000060   Code   RO         1814    i.USB_ReadPacket    stm32h7xx_ll_usb.o
    0x08012172   0x08012172   0x00000068   Code   RO         1816    i.USB_SetCurrentMode  stm32h7xx_ll_usb.o
    0x080121da   0x080121da   0x0000002a   Code   RO         1817    i.USB_SetDevAddress  stm32h7xx_ll_usb.o
    0x08012204   0x08012204   0x00000012   Code   RO         1818    i.USB_SetDevSpeed   stm32h7xx_ll_usb.o
    0x08012216   0x08012216   0x00000002   PAD
    0x08012218   0x08012218   0x000000e8   Code   RO         1819    i.USB_SetTurnaroundTime  stm32h7xx_ll_usb.o
    0x08012300   0x08012300   0x00000044   Code   RO         1822    i.USB_WritePacket   stm32h7xx_ll_usb.o
    0x08012344   0x08012344   0x00000004   Code   RO          876    i.UsageFault_Handler  stm32h7xx_it.o
    0x08012348   0x08012348   0x000000b0   Code   RO        10305    i.WS2812_Ctrl       ws2812.o
    0x080123f8   0x080123f8   0x00000026   Code   RO        11452    i.__ARM_fpclassifyf  m_wv.l(fpclassifyf.o)
    0x0801241e   0x0801241e   0x00000002   PAD
    0x08012420   0x08012420   0x00000010   Code   RO         3519    i.__NVIC_GetPriorityGrouping  stm32h7xx_hal_cortex.o
    0x08012430   0x08012430   0x00000028   Code   RO         3520    i.__NVIC_SetPriority  stm32h7xx_hal_cortex.o
    0x08012458   0x08012458   0x00000138   Code   RO        11099    i.__hardfp_asinf    m_wv.l(asinf.o)
    0x08012590   0x08012590   0x000002b4   Code   RO        11111    i.__hardfp_atan2f   m_wv.l(atan2f.o)
    0x08012844   0x08012844   0x00000006   Code   RO        11455    i.__mathlib_flt_infnan  m_wv.l(funder.o)
    0x0801284a   0x0801284a   0x00000006   Code   RO        11456    i.__mathlib_flt_infnan2  m_wv.l(funder.o)
    0x08012850   0x08012850   0x00000010   Code   RO        11457    i.__mathlib_flt_invalid  m_wv.l(funder.o)
    0x08012860   0x08012860   0x00000010   Code   RO        11460    i.__mathlib_flt_underflow  m_wv.l(funder.o)
    0x08012870   0x08012870   0x0000000e   Code   RO        11553    i.__scatterload_copy  mc_w.l(handlers.o)
    0x0801287e   0x0801287e   0x00000002   Code   RO        11554    i.__scatterload_null  mc_w.l(handlers.o)
    0x08012880   0x08012880   0x0000000e   Code   RO        11555    i.__scatterload_zeroinit  mc_w.l(handlers.o)
    0x0801288e   0x0801288e   0x00000002   PAD
    0x08012890   0x08012890   0x0000000c   Code   RO        11519    i.__set_errno       mc_w.l(errno.o)
    0x0801289c   0x0801289c   0x00000128   Code   RO        10338    i.bmi088_accel_init  bmi088driver.o
    0x080129c4   0x080129c4   0x000000f4   Code   RO        10339    i.bmi088_gyro_init  bmi088driver.o
    0x08012ab8   0x08012ab8   0x00000044   Code   RO        10476    i.can_bsp_init      can_bsp.o
    0x08012afc   0x08012afc   0x0000003c   Code   RO        10477    i.can_filter_init   can_bsp.o
    0x08012b38   0x08012b38   0x00000028   Code   RO        10478    i.fdcan1_rx_callback  can_bsp.o
    0x08012b60   0x08012b60   0x00000014   Code   RO        10479    i.fdcan2_rx_callback  can_bsp.o
    0x08012b74   0x08012b74   0x00000014   Code   RO        10480    i.fdcan3_rx_callback  can_bsp.o
    0x08012b88   0x08012b88   0x00000024   Code   RO        10481    i.fdcanx_receive    can_bsp.o
    0x08012bac   0x08012bac   0x0000003a   Code   RO        10482    i.fdcanx_send_data  can_bsp.o
    0x08012be6   0x08012be6   0x00000002   PAD
    0x08012be8   0x08012be8   0x0000003c   Code   RO        10791    i.invSqrt           mahonyahrs.o
    0x08012c24   0x08012c24   0x00000218   Code   RO          250    i.main              main.o
    0x08012e3c   0x08012e3c   0x0000000e   Code   RO         9103    i.makeFreeRtosPriority  cmsis_os.o
    0x08012e4a   0x08012e4a   0x00000016   Code   RO        10162    i.mypow             lcd.o
    0x08012e60   0x08012e60   0x00000018   Code   RO         9105    i.osDelay           cmsis_os.o
    0x08012e78   0x08012e78   0x0000000a   Code   RO         9108    i.osKernelStart     cmsis_os.o
    0x08012e82   0x08012e82   0x0000005e   Code   RO         9142    i.osThreadCreate    cmsis_os.o
    0x08012ee0   0x08012ee0   0x00000098   Code   RO         8547    i.prvAddCurrentTaskToDelayedList  tasks.o
    0x08012f78   0x08012f78   0x000000b8   Code   RO         8548    i.prvAddNewTaskToReadyList  tasks.o
    0x08013030   0x08013030   0x00000074   Code   RO         8923    i.prvCheckForValidListAndQueue  timers.o
    0x080130a4   0x080130a4   0x00000048   Code   RO         8549    i.prvCheckTasksWaitingTermination  tasks.o
    0x080130ec   0x080130ec   0x0000002a   Code   RO         8134    i.prvCopyDataFromQueue  queue.o
    0x08013116   0x08013116   0x0000007e   Code   RO         8135    i.prvCopyDataToQueue  queue.o
    0x08013194   0x08013194   0x00000050   Code   RO         8550    i.prvDeleteTCB      tasks.o
    0x080131e4   0x080131e4   0x00000028   Code   RO         8924    i.prvGetNextExpireTime  timers.o
    0x0801320c   0x0801320c   0x0000007c   Code   RO         9482    i.prvHeapInit       heap_4.o
    0x08013288   0x08013288   0x00000028   Code   RO         8551    i.prvIdleTask       tasks.o
    0x080132b0   0x080132b0   0x0000002a   Code   RO         8138    i.prvInitialiseNewQueue  queue.o
    0x080132da   0x080132da   0x000000be   Code   RO         8552    i.prvInitialiseNewTask  tasks.o
    0x08013398   0x08013398   0x00000068   Code   RO         8553    i.prvInitialiseTaskLists  tasks.o
    0x08013400   0x08013400   0x00000068   Code   RO         9483    i.prvInsertBlockIntoFreeList  heap_4.o
    0x08013468   0x08013468   0x00000058   Code   RO         8926    i.prvInsertTimerInActiveList  timers.o
    0x080134c0   0x080134c0   0x0000001a   Code   RO         8139    i.prvIsQueueEmpty   queue.o
    0x080134da   0x080134da   0x0000001e   Code   RO         8140    i.prvIsQueueFull    queue.o
    0x080134f8   0x080134f8   0x00000074   Code   RO         8927    i.prvProcessExpiredTimer  timers.o
    0x0801356c   0x0801356c   0x00000164   Code   RO         8928    i.prvProcessReceivedCommands  timers.o
    0x080136d0   0x080136d0   0x00000074   Code   RO         8929    i.prvProcessTimerOrBlockTask  timers.o
    0x08013744   0x08013744   0x00000034   Code   RO         8555    i.prvResetNextTaskUnblockTime  tasks.o
    0x08013778   0x08013778   0x0000002c   Code   RO         8930    i.prvSampleTimeNow  timers.o
    0x080137a4   0x080137a4   0x000000a4   Code   RO         8931    i.prvSwitchTimerLists  timers.o
    0x08013848   0x08013848   0x00000040   Code   RO         9539    i.prvTaskExitError  port.o
    0x08013888   0x08013888   0x0000001a   Code   RO         8932    i.prvTimerTask      timers.o
    0x080138a2   0x080138a2   0x0000007e   Code   RO         8141    i.prvUnlockQueue    queue.o
    0x08013920   0x08013920   0x0000014c   Code   RO         9484    i.pvPortMalloc      heap_4.o
    0x08013a6c   0x08013a6c   0x0000002c   Code   RO         9540    i.pxPortInitialiseStack  port.o
    0x08013a98   0x08013a98   0x0000003e   Code   RO        11484    i.sqrtf             m_wv.l(sqrtf.o)
    0x08013ad6   0x08013ad6   0x00000030   Code   RO        10931    i.uint16_to_float   cybergear_control.o
    0x08013b06   0x08013b06   0x00000028   Code   RO         8094    i.uxListRemove      list.o
    0x08013b2e   0x08013b2e   0x00000002   PAD
    0x08013b30   0x08013b30   0x00000018   Code   RO          424    i.vApplicationGetIdleTaskMemory  freertos.o
    0x08013b48   0x08013b48   0x00000018   Code   RO          425    i.vApplicationGetTimerTaskMemory  freertos.o
    0x08013b60   0x08013b60   0x0000001a   Code   RO         8095    i.vListInitialise   list.o
    0x08013b7a   0x08013b7a   0x00000006   Code   RO         8096    i.vListInitialiseItem  list.o
    0x08013b80   0x08013b80   0x00000034   Code   RO         8097    i.vListInsert       list.o
    0x08013bb4   0x08013bb4   0x00000018   Code   RO         8098    i.vListInsertEnd    list.o
    0x08013bcc   0x08013bcc   0x00000054   Code   RO         9542    i.vPortEnterCritical  port.o
    0x08013c20   0x08013c20   0x0000003c   Code   RO         9543    i.vPortExitCritical  port.o
    0x08013c5c   0x08013c5c   0x000000a4   Code   RO         9485    i.vPortFree         heap_4.o
    0x08013d00   0x08013d00   0x00000028   Code   RO         9544    i.vPortSetupTimerInterrupt  port.o
    0x08013d28   0x08013d28   0x00000078   Code   RO         9545    i.vPortValidateInterruptPriority  port.o
    0x08013da0   0x08013da0   0x0000002c   Code   RO         8147    i.vQueueAddToRegistry  queue.o
    0x08013dcc   0x08013dcc   0x0000004a   Code   RO         8151    i.vQueueWaitForMessageRestricted  queue.o
    0x08013e16   0x08013e16   0x00000002   PAD
    0x08013e18   0x08013e18   0x0000005c   Code   RO         8568    i.vTaskDelay        tasks.o
    0x08013e74   0x08013e74   0x00000018   Code   RO         8573    i.vTaskInternalSetTimeOutState  tasks.o
    0x08013e8c   0x08013e8c   0x0000000c   Code   RO         8574    i.vTaskMissedYield  tasks.o
    0x08013e98   0x08013e98   0x00000038   Code   RO         8576    i.vTaskPlaceOnEventList  tasks.o
    0x08013ed0   0x08013ed0   0x00000040   Code   RO         8577    i.vTaskPlaceOnEventListRestricted  tasks.o
    0x08013f10   0x08013f10   0x000000b8   Code   RO         8585    i.vTaskStartScheduler  tasks.o
    0x08013fc8   0x08013fc8   0x00000010   Code   RO         8587    i.vTaskSuspendAll   tasks.o
    0x08013fd8   0x08013fd8   0x0000008c   Code   RO         8588    i.vTaskSwitchContext  tasks.o
    0x08014064   0x08014064   0x0000005c   Code   RO           14    i.vofa_send_data    vofa.o
    0x080140c0   0x080140c0   0x00000060   Code   RO           15    i.vofa_sendframetail  vofa.o
    0x08014120   0x08014120   0x00000010   Code   RO           17    i.vofa_transmit     vofa.o
    0x08014130   0x08014130   0x00000168   Code   RO         9546    i.xPortStartScheduler  port.o
    0x08014298   0x08014298   0x000000e0   Code   RO         8157    i.xQueueGenericCreateStatic  queue.o
    0x08014378   0x08014378   0x00000098   Code   RO         8158    i.xQueueGenericReset  queue.o
    0x08014410   0x08014410   0x000001a8   Code   RO         8159    i.xQueueGenericSend  queue.o
    0x080145b8   0x080145b8   0x000000fc   Code   RO         8160    i.xQueueGenericSendFromISR  queue.o
    0x080146b4   0x080146b4   0x00000168   Code   RO         8169    i.xQueueReceive     queue.o
    0x0801481c   0x0801481c   0x0000008c   Code   RO         8590    i.xTaskCheckForTimeOut  tasks.o
    0x080148a8   0x080148a8   0x00000064   Code   RO         8591    i.xTaskCreate       tasks.o
    0x0801490c   0x0801490c   0x000000ba   Code   RO         8592    i.xTaskCreateStatic  tasks.o
    0x080149c6   0x080149c6   0x00000002   PAD
    0x080149c8   0x080149c8   0x00000020   Code   RO         8596    i.xTaskGetSchedulerState  tasks.o
    0x080149e8   0x080149e8   0x0000000c   Code   RO         8597    i.xTaskGetTickCount  tasks.o
    0x080149f4   0x080149f4   0x00000148   Code   RO         8599    i.xTaskIncrementTick  tasks.o
    0x08014b3c   0x08014b3c   0x000000c8   Code   RO         8602    i.xTaskPriorityDisinherit  tasks.o
    0x08014c04   0x08014c04   0x00000098   Code   RO         8604    i.xTaskRemoveFromEventList  tasks.o
    0x08014c9c   0x08014c9c   0x00000104   Code   RO         8605    i.xTaskResumeAll    tasks.o
    0x08014da0   0x08014da0   0x00000078   Code   RO         8941    i.xTimerCreateTimerTask  timers.o
    0x08014e18   0x08014e18   0x00000084   Code   RO         8942    i.xTimerGenericCommand  timers.o
    0x08014e9c   0x08014e9c   0x0000008c   Data   RO          427    .constdata          freertos.o
    0x08014f28   0x08014f28   0x00000008   Data   RO         2822    .constdata          stm32h7xx_hal_dma.o
    0x08014f30   0x08014f30   0x0000005c   Data   RO         5238    .constdata          stm32h7xx_hal_fdcan.o
    0x08014f8c   0x08014f8c   0x00000018   Data   RO         7454    .constdata          stm32h7xx_hal_uart.o
    0x08014fa4   0x08014fa4   0x00000010   Data   RO         7825    .constdata          stm32h7xx_hal_uart_ex.o
    0x08014fb4   0x08014fb4   0x00000010   Data   RO         7934    .constdata          system_stm32h7xx.o
    0x08014fc4   0x08014fc4   0x00003814   Data   RO        10163    .constdata          lcd.o
    0x080187d8   0x080187d8   0x00000c80   Data   RO        10667    .constdata          lcd_task.o
    0x08019458   0x08019458   0x0000002c   Data   RO          428    .conststring        freertos.o
    0x08019484   0x08019484   0x00000020   Data   RO        11551    Region$$Table       anon$$obj.o


    Execution Region RW_IRAM1 (Exec base: 0x20000000, Load base: 0x080194a4, Size: 0x00000000, Max: 0x00020000, ABSOLUTE)

    **** No section assigned to this execution region ****


    Execution Region RW_IRAM2 (Exec base: 0x24000000, Load base: 0x080194a4, Size: 0x000092d8, Max: 0x00050000, ABSOLUTE, COMPRESSED[0x0000010c])

    Exec Addr    Load Addr    Size         Type   Attr      Idx    E Section Name        Object

    0x24000000   COMPRESSED   0x00000008   Data   RW           19    .data               vofa.o
    0x24000008   COMPRESSED   0x00000014   Data   RW          429    .data               freertos.o
    0x2400001c   COMPRESSED   0x00000004   Data   RW          570    .data               fdcan.o
    0x24000020   COMPRESSED   0x0000005e   Data   RW         1108    .data               usbd_desc.o
    0x2400007e   COMPRESSED   0x00000002   PAD
    0x24000080   COMPRESSED   0x00000014   Data   RW         1200    .data               usbd_cdc_if.o
    0x24000094   COMPRESSED   0x00000009   Data   RW         3700    .data               stm32h7xx_hal.o
    0x2400009d   COMPRESSED   0x00000003   PAD
    0x240000a0   COMPRESSED   0x00000008   Data   RW         7935    .data               system_stm32h7xx.o
    0x240000a8   COMPRESSED   0x0000003c   Data   RW         8608    .data               tasks.o
    0x240000e4   COMPRESSED   0x00000014   Data   RW         8950    .data               timers.o
    0x240000f8   COMPRESSED   0x00000020   Data   RW         9491    .data               heap_4.o
    0x24000118   COMPRESSED   0x0000000c   Data   RW         9547    .data               port.o
    0x24000124   COMPRESSED   0x00000001   Data   RW         9798    .data               usbd_ctlreq.o
    0x24000125   COMPRESSED   0x00000003   PAD
    0x24000128   COMPRESSED   0x0000008a   Data   RW         9969    .data               usbd_cdc.o
    0x240001b2   COMPRESSED   0x00000002   PAD
    0x240001b4   COMPRESSED   0x00000008   Data   RW        10064    .data               bsp_user_key.o
    0x240001bc   COMPRESSED   0x00000001   Data   RW        10097    .data               bsp_buzzer.o
    0x240001bd   COMPRESSED   0x00000003   PAD
    0x240001c0   COMPRESSED   0x0000002c   Data   RW        10340    .data               bmi088driver.o
    0x240001ec   COMPRESSED   0x00000018   Data   RW        10483    .data               can_bsp.o
    0x24000204   COMPRESSED   0x00000008   Data   RW        10637    .data               key_task.o
    0x2400020c   COMPRESSED   0x00000014   Data   RW        10705    .data               imu_task.o
    0x24000220   COMPRESSED   0x00000020   Data   RW        10758    .data               fun_test_task.o
    0x24000240   COMPRESSED   0x00000014   Data   RW        10792    .data               mahonyahrs.o
    0x24000254   COMPRESSED   0x00000004   Data   RW        11520    .data               mc_w.l(errno.o)
    0x24000258        -       0x00000400   Zero   RW           18    .bss                vofa.o
    0x24000658        -       0x00002028   Zero   RW          426    .bss                freertos.o
    0x24002680        -       0x000000e8   Zero   RW          501    .bss                adc.o
    0x24002768        -       0x000001e0   Zero   RW          569    .bss                fdcan.o
    0x24002948        -       0x0000005c   Zero   RW          622    .bss                octospi.o
    0x240029a4        -       0x00000198   Zero   RW          666    .bss                spi.o
    0x24002b3c        -       0x00000130   Zero   RW          722    .bss                tim.o
    0x24002c6c        -       0x000002e4   Zero   RW          789    .bss                usart.o
    0x24002f50        -       0x0000004c   Zero   RW         1026    .bss                stm32h7xx_hal_timebase_tim.o
    0x24002f9c        -       0x000002dc   Zero   RW         1063    .bss                usb_device.o
    0x24003278        -       0x00000200   Zero   RW         1107    .bss                usbd_desc.o
    0x24003478        -       0x00001000   Zero   RW         1199    .bss                usbd_cdc_if.o
    0x24004478        -       0x0000072c   Zero   RW         1285    .bss                usbd_conf.o
    0x24004ba4        -       0x00000040   Zero   RW         8173    .bss                queue.o
    0x24004be4        -       0x000000f0   Zero   RW         8607    .bss                tasks.o
    0x24004cd4        -       0x00000118   Zero   RW         8949    .bss                timers.o
    0x24004dec        -       0x00003c00   Zero   RW         9490    .bss                heap_4.o
    0x240089ec        -       0x00000034   Zero   RW        10704    .bss                imu_task.o
    0x24008a20        -       0x000000b8   Zero   RW        10932    .bss                cybergear_control.o
    0x24008ad8        -       0x00000800   Zero   RW            1    STACK               startup_stm32h723xx.o


==============================================================================

Image component sizes


      Code (inc. data)   RO Data    RW Data    ZI Data      Debug   Object Name

       496         42          0          0        232       2259   adc.o
      1030         20          0         44          0       6534   bmi088driver.o
       216         28          0          0          0       4884   bmi088middleware.o
        88         28          0          1          0       2151   bsp_buzzer.o
       124         12          0          8          0       1401   bsp_user_key.o
       358         60          0         24          0       5617   can_bsp.o
       142          0          0          0          0      23271   cmsis_os.o
       648         82          0          0        184      10266   cybergear_control.o
        52          4          0          0          0        922   dma.o
         0          0          0          0          0      19860   event_groups.o
       948         54          0          4        480       3645   fdcan.o
       214         44        184         20       8232       4267   freertos.o
       520        180          0         32          0       2446   fun_test_task.o
       472         26          0          0          0       1347   gpio.o
       724         74          0         32      15360       5103   heap_4.o
       712         68          0         20         52       3570   imu_task.o
       120         20          0          8          0       1431   key_task.o
      3128         58      14356          0          0      17233   lcd.o
       200         30       3200          0          0       1079   lcd_task.o
       148          0          0          0          0       3806   list.o
       820         38          0         20          0       2302   mahonyahrs.o
       774         42          0          0          0      35656   main.o
       680         62          0          0         92       3072   octospi.o
      1014         92          0         12          0      12385   port.o
      1922         20          0          0         64      17840   queue.o
       892         60          0          0        408       3547   spi.o
        36          8        716          0       2048        856   startup_stm32h723xx.o
       172         34          0          9          0      23130   stm32h7xx_hal.o
      4208        234          0          0          0      86060   stm32h7xx_hal_adc.o
       560         30          0          0          0      68733   stm32h7xx_hal_adc_ex.o
       258         22          0          0          0      39394   stm32h7xx_hal_cortex.o
      8650        164          8          0          0      13654   stm32h7xx_hal_dma.o
      3644         52         92          0          0      23777   stm32h7xx_hal_fdcan.o
       888         96          0          0          0       3893   stm32h7xx_hal_gpio.o
        48          6          0          0          0        982   stm32h7xx_hal_msp.o
      2422         38          0          0          0       6603   stm32h7xx_hal_ospi.o
      3650         16          0          0          0      14304   stm32h7xx_hal_pcd.o
       130          4          0          0          0       3313   stm32h7xx_hal_pcd_ex.o
       116         12          0          0          0       1382   stm32h7xx_hal_pwr_ex.o
      3684        134          0          0          0       8689   stm32h7xx_hal_rcc.o
      7664        184          0          0          0      10863   stm32h7xx_hal_rcc_ex.o
      2232         12          0          0          0       6908   stm32h7xx_hal_spi.o
      2752        284          0          0          0      14845   stm32h7xx_hal_tim.o
       466         46          0          0          0       4324   stm32h7xx_hal_tim_ex.o
       148         20          0          0         76       1668   stm32h7xx_hal_timebase_tim.o
      5864        210         24          0          0      38986   stm32h7xx_hal_uart.o
       512         14         16          0          0       6669   stm32h7xx_hal_uart_ex.o
       246         84          0          0          0      10218   stm32h7xx_it.o
      3890        100          0          0          0      23552   stm32h7xx_ll_usb.o
         0          0          0          0          0        392   stream_buffer.o
       224         32         16          8          0       1458   system_stm32h7xx.o
      2872        346          0         60        240      28170   tasks.o
      1088         78          0          0        304       5036   tim.o
      1318        124          0         20        280      31203   timers.o
      1380         88          0          0        740       5114   usart.o
        80         16          0          0        732        824   usb_device.o
      1782         54          0        138          0      14749   usbd_cdc.o
       204         22          0         20       4096       4552   usbd_cdc_if.o
       956         30          0          0       1836      18268   usbd_conf.o
      1354          0          0          0          0      17133   usbd_core.o
      2396         22          0          1          0      18448   usbd_ctlreq.o
       386        122          0         94        512       7301   usbd_desc.o
       174          0          0          0          0       4984   usbd_ioreq.o
       204         20          0          8       1024    1312540   vofa.o
       176          6          0          0          0        890   ws2812.o

    ----------------------------------------------------------------------
     83342       3908      18644        596      36992    2079759   Object Totals
         0          0         32          0          0          0   (incl. Generated)
        66          0          0         13          0          0   (incl. Padding)

    ----------------------------------------------------------------------

      Code (inc. data)   RO Data    RW Data    ZI Data      Debug   Library Member Name

       312         54          0          0          0        176   asinf.o
       692         98          0          0          0        208   atan2f.o
        38          0          0          0          0        116   fpclassifyf.o
        44         12          0          0          0        464   funder.o
        62          0          0          0          0        136   sqrtf.o
        86          0          0          0          0          0   __dczerorl2.o
         0          0          0          0          0          0   entry.o
         0          0          0          0          0          0   entry10a.o
         0          0          0          0          0          0   entry11a.o
         4          0          0          0          0          0   entry12b.o
         8          4          0          0          0          0   entry2.o
         4          0          0          0          0          0   entry5.o
         0          0          0          0          0          0   entry7b.o
         0          0          0          0          0          0   entry8b.o
         8          4          0          0          0          0   entry9a.o
        12          6          0          4          0         68   errno.o
        30          0          0          0          0          0   handlers.o
        36          8          0          0          0         68   init.o
         0          0          0          0          0          0   iusefp.o
        30          0          0          0          0         68   llshl.o
        32          0          0          0          0         68   llushr.o
        26          0          0          0          0         80   memcmp.o
        36          0          0          0          0         68   memcpya.o
        36          0          0          0          0        108   memseta.o
        98          0          0          0          0         92   uldiv.o

    ----------------------------------------------------------------------
      1602        186          0          4          0       1720   Library Totals
         8          0          0          0          0          0   (incl. Padding)

    ----------------------------------------------------------------------

      Code (inc. data)   RO Data    RW Data    ZI Data      Debug   Library Name

      1148        164          0          0          0       1100   m_wv.l
       446         22          0          4          0        620   mc_w.l

    ----------------------------------------------------------------------
      1602        186          0          4          0       1720   Library Totals

    ----------------------------------------------------------------------

==============================================================================


      Code (inc. data)   RO Data    RW Data    ZI Data      Debug   

     84944       4094      18644        600      36992    2031055   Grand Totals
     84944       4094      18644        268      36992    2031055   ELF Image Totals (compressed)
     84944       4094      18644        268          0          0   ROM Totals

==============================================================================

    Total RO  Size (Code + RO Data)               103588 ( 101.16kB)
    Total RW  Size (RW Data + ZI Data)             37592 (  36.71kB)
    Total ROM Size (Code + RO Data + RW Data)     103856 ( 101.42kB)

==============================================================================

