Component: ARM Compiler 5.06 update 7 (build 960) Tool: armlink [4d3601]

==============================================================================

Section Cross References

    main.o(i.HAL_TIM_PeriodElapsedCallback) refers to sa_adc.o(i.Collect_CurrentData) for Collect_CurrentData
    main.o(i.HAL_TIM_PeriodElapsedCallback) refers to fmul.o(.text) for __aeabi_fmul
    main.o(i.HAL_TIM_PeriodElapsedCallback) refers to ffixui.o(.text) for __aeabi_f2uiz
    main.o(i.HAL_TIM_PeriodElapsedCallback) refers to ffixi.o(.text) for __aeabi_f2iz
    main.o(i.HAL_TIM_PeriodElapsedCallback) refers to tim.o(.bss) for htim2
    main.o(i.HAL_TIM_PeriodElapsedCallback) refers to hmi.o(.data) for Info
    main.o(i.HAL_TIM_PeriodElapsedCallback) refers to main.o(.bss) for .bss
    main.o(i.SystemClock_Config) refers to memseta.o(.text) for __aeabi_memclr4
    main.o(i.SystemClock_Config) refers to stm32f1xx_hal_rcc.o(i.HAL_RCC_OscConfig) for HAL_RCC_OscConfig
    main.o(i.SystemClock_Config) refers to stm32f1xx_hal_rcc.o(i.HAL_RCC_ClockConfig) for HAL_RCC_ClockConfig
    main.o(i.SystemClock_Config) refers to stm32f1xx_hal_rcc_ex.o(i.HAL_RCCEx_PeriphCLKConfig) for HAL_RCCEx_PeriphCLKConfig
    main.o(i.main) refers to stm32f1xx_hal.o(i.HAL_Init) for HAL_Init
    main.o(i.main) refers to main.o(i.SystemClock_Config) for SystemClock_Config
    main.o(i.main) refers to gpio.o(i.MX_GPIO_Init) for MX_GPIO_Init
    main.o(i.main) refers to dma.o(i.MX_DMA_Init) for MX_DMA_Init
    main.o(i.main) refers to usart.o(i.MX_USART1_UART_Init) for MX_USART1_UART_Init
    main.o(i.main) refers to usart.o(i.MX_USART2_UART_Init) for MX_USART2_UART_Init
    main.o(i.main) refers to usart.o(i.MX_USART3_UART_Init) for MX_USART3_UART_Init
    main.o(i.main) refers to adc.o(i.MX_ADC1_Init) for MX_ADC1_Init
    main.o(i.main) refers to spi.o(i.MX_SPI1_Init) for MX_SPI1_Init
    main.o(i.main) refers to tim.o(i.MX_TIM2_Init) for MX_TIM2_Init
    main.o(i.main) refers to tim.o(i.MX_TIM3_Init) for MX_TIM3_Init
    main.o(i.main) refers to sa_flash.o(i.Store_Init) for Store_Init
    main.o(i.main) refers to sa_karman.o(i.Kalman_Init) for Kalman_Init
    main.o(i.main) refers to sa_adc.o(i.ADC_I_Init) for ADC_I_Init
    main.o(i.main) refers to stm32f1xx_hal_tim.o(i.HAL_TIM_Base_Start_IT) for HAL_TIM_Base_Start_IT
    main.o(i.main) refers to sa_usart.o(i.HMI_Uart_DMA_RX_Init) for HMI_Uart_DMA_RX_Init
    main.o(i.main) refers to hmi.o(i.HMI_Send_EveryInfo) for HMI_Send_EveryInfo
    main.o(i.main) refers to fflti.o(.text) for __aeabi_i2f
    main.o(i.main) refers to sa_usart.o(i.JustFloat_4) for JustFloat_4
    main.o(i.main) refers to hmi.o(i.HMI_key_get_state) for HMI_key_get_state
    main.o(i.main) refers to sa_adc.o(i.ADC_I_DATA) for ADC_I_DATA
    main.o(i.main) refers to hmi.o(i.HMI_key_clear_state) for HMI_key_clear_state
    main.o(i.main) refers to stm32f1xx_hal_gpio.o(i.HAL_GPIO_WritePin) for HAL_GPIO_WritePin
    main.o(i.main) refers to main.o(.bss) for .bss
    main.o(i.main) refers to tim.o(.bss) for htim2
    main.o(i.main) refers to hmi.o(.data) for Info
    main.o(i.main) refers to main.o(.data) for .data
    gpio.o(i.MX_GPIO_Init) refers to stm32f1xx_hal_gpio.o(i.HAL_GPIO_WritePin) for HAL_GPIO_WritePin
    gpio.o(i.MX_GPIO_Init) refers to stm32f1xx_hal_gpio.o(i.HAL_GPIO_Init) for HAL_GPIO_Init
    adc.o(i.HAL_ADC_MspDeInit) refers to stm32f1xx_hal_gpio.o(i.HAL_GPIO_DeInit) for HAL_GPIO_DeInit
    adc.o(i.HAL_ADC_MspDeInit) refers to stm32f1xx_hal_dma.o(i.HAL_DMA_DeInit) for HAL_DMA_DeInit
    adc.o(i.HAL_ADC_MspInit) refers to stm32f1xx_hal_gpio.o(i.HAL_GPIO_Init) for HAL_GPIO_Init
    adc.o(i.HAL_ADC_MspInit) refers to stm32f1xx_hal_dma.o(i.HAL_DMA_Init) for HAL_DMA_Init
    adc.o(i.HAL_ADC_MspInit) refers to main.o(i.Error_Handler) for Error_Handler
    adc.o(i.HAL_ADC_MspInit) refers to adc.o(.bss) for .bss
    adc.o(i.MX_ADC1_Init) refers to stm32f1xx_hal_adc.o(i.HAL_ADC_Init) for HAL_ADC_Init
    adc.o(i.MX_ADC1_Init) refers to main.o(i.Error_Handler) for Error_Handler
    adc.o(i.MX_ADC1_Init) refers to stm32f1xx_hal_adc.o(i.HAL_ADC_ConfigChannel) for HAL_ADC_ConfigChannel
    adc.o(i.MX_ADC1_Init) refers to adc.o(.bss) for .bss
    dma.o(i.MX_DMA_Init) refers to stm32f1xx_hal_cortex.o(i.HAL_NVIC_SetPriority) for HAL_NVIC_SetPriority
    dma.o(i.MX_DMA_Init) refers to stm32f1xx_hal_cortex.o(i.HAL_NVIC_EnableIRQ) for HAL_NVIC_EnableIRQ
    spi.o(i.HAL_SPI_MspDeInit) refers to stm32f1xx_hal_gpio.o(i.HAL_GPIO_DeInit) for HAL_GPIO_DeInit
    spi.o(i.HAL_SPI_MspInit) refers to stm32f1xx_hal_gpio.o(i.HAL_GPIO_Init) for HAL_GPIO_Init
    spi.o(i.MX_SPI1_Init) refers to stm32f1xx_hal_spi.o(i.HAL_SPI_Init) for HAL_SPI_Init
    spi.o(i.MX_SPI1_Init) refers to main.o(i.Error_Handler) for Error_Handler
    spi.o(i.MX_SPI1_Init) refers to spi.o(.bss) for .bss
    tim.o(i.HAL_TIM_Base_MspDeInit) refers to stm32f1xx_hal_cortex.o(i.HAL_NVIC_DisableIRQ) for HAL_NVIC_DisableIRQ
[...]
    ../clib/microlib/string/strlen.c         0x00000000   Number         0  strlen.o ABSOLUTE
    ../clib/microlib/stubs.s                 0x00000000   Number         0  iusefp.o ABSOLUTE
    ../fplib/microlib/d2f.c                  0x00000000   Number         0  d2f.o ABSOLUTE
    ../fplib/microlib/f2d.c                  0x00000000   Number         0  f2d.o ABSOLUTE
    ../fplib/microlib/fpadd.c                0x00000000   Number         0  dadd.o ABSOLUTE
    ../fplib/microlib/fpadd.c                0x00000000   Number         0  fadd.o ABSOLUTE
    ../fplib/microlib/fpdiv.c                0x00000000   Number         0  ddiv.o ABSOLUTE
    ../fplib/microlib/fpdiv.c                0x00000000   Number         0  fdiv.o ABSOLUTE
    ../fplib/microlib/fpepilogue.c           0x00000000   Number         0  depilogue.o ABSOLUTE
    ../fplib/microlib/fpepilogue.c           0x00000000   Number         0  fepilogue.o ABSOLUTE
    ../fplib/microlib/fpfix.c                0x00000000   Number         0  ffixui.o ABSOLUTE
    ../fplib/microlib/fpfix.c                0x00000000   Number         0  ffixi.o ABSOLUTE
    ../fplib/microlib/fpfix.c                0x00000000   Number         0  dfixul.o ABSOLUTE
    ../fplib/microlib/fpflt.c                0x00000000   Number         0  ffltui.o ABSOLUTE
    ../fplib/microlib/fpflt.c                0x00000000   Number         0  fflti.o ABSOLUTE
    ../fplib/microlib/fpmul.c                0x00000000   Number         0  dmul.o ABSOLUTE
    ../fplib/microlib/fpmul.c                0x00000000   Number         0  fmul.o ABSOLUTE
    ..\Core\Src\adc.c                        0x00000000   Number         0  adc.o ABSOLUTE
    ..\Core\Src\dma.c                        0x00000000   Number         0  dma.o ABSOLUTE
    ..\Core\Src\gpio.c                       0x00000000   Number         0  gpio.o ABSOLUTE
    ..\Core\Src\main.c                       0x00000000   Number         0  main.o ABSOLUTE
    ..\Core\Src\spi.c                        0x00000000   Number         0  spi.o ABSOLUTE
    ..\Core\Src\stm32f1xx_hal_msp.c          0x00000000   Number         0  stm32f1xx_hal_msp.o ABSOLUTE
    ..\Core\Src\stm32f1xx_it.c               0x00000000   Number         0  stm32f1xx_it.o ABSOLUTE
    ..\Core\Src\system_stm32f1xx.c           0x00000000   Number         0  system_stm32f1xx.o ABSOLUTE
    ..\Core\Src\tim.c                        0x00000000   Number         0  tim.o ABSOLUTE
    ..\Core\Src\usart.c                      0x00000000   Number         0  usart.o ABSOLUTE
    ..\Drivers\STM32F1xx_HAL_Driver\Src\stm32f1xx_hal.c 0x00000000   Number         0  stm32f1xx_hal.o ABSOLUTE
    ..\Drivers\STM32F1xx_HAL_Driver\Src\stm32f1xx_hal_adc.c 0x00000000   Number         0  stm32f1xx_hal_adc.o ABSOLUTE
    ..\Drivers\STM32F1xx_HAL_Driver\Src\stm32f1xx_hal_adc_ex.c 0x00000000   Number         0  stm32f1xx_hal_adc_ex.o ABSOLUTE
    ..\Drivers\STM32F1xx_HAL_Driver\Src\stm32f1xx_hal_cortex.c 0x00000000   Number         0  stm32f1xx_hal_cortex.o ABSOLUTE
    ..\Drivers\STM32F1xx_HAL_Driver\Src\stm32f1xx_hal_dma.c 0x00000000   Number         0  stm32f1xx_hal_dma.o ABSOLUTE
    ..\Drivers\STM32F1xx_HAL_Driver\Src\stm32f1xx_hal_exti.c 0x00000000   Number         0  stm32f1xx_hal_exti.o ABSOLUTE
    ..\Drivers\STM32F1xx_HAL_Driver\Src\stm32f1xx_hal_flash.c 0x00000000   Number         0  stm32f1xx_hal_flash.o ABSOLUTE
    ..\Drivers\STM32F1xx_HAL_Driver\Src\stm32f1xx_hal_flash_ex.c 0x00000000   Number         0  stm32f1xx_hal_flash_ex.o ABSOLUTE
    ..\Drivers\STM32F1xx_HAL_Driver\Src\stm32f1xx_hal_gpio.c 0x00000000   Number         0  stm32f1xx_hal_gpio.o ABSOLUTE
    ..\Drivers\STM32F1xx_HAL_Driver\Src\stm32f1xx_hal_gpio_ex.c 0x00000000   Number         0  stm32f1xx_hal_gpio_ex.o ABSOLUTE
    ..\Drivers\STM32F1xx_HAL_Driver\Src\stm32f1xx_hal_pwr.c 0x00000000   Number         0  stm32f1xx_hal_pwr.o ABSOLUTE
    ..\Drivers\STM32F1xx_HAL_Driver\Src\stm32f1xx_hal_rcc.c 0x00000000   Number         0  stm32f1xx_hal_rcc.o ABSOLUTE
    ..\Drivers\STM32F1xx_HAL_Driver\Src\stm32f1xx_hal_rcc_ex.c 0x00000000   Number         0  stm32f1xx_hal_rcc_ex.o ABSOLUTE
    ..\Drivers\STM32F1xx_HAL_Driver\Src\stm32f1xx_hal_spi.c 0x00000000   Number         0  stm32f1xx_hal_spi.o ABSOLUTE
    ..\Drivers\STM32F1xx_HAL_Driver\Src\stm32f1xx_hal_tim.c 0x00000000   Number         0  stm32f1xx_hal_tim.o ABSOLUTE
    ..\Drivers\STM32F1xx_HAL_Driver\Src\stm32f1xx_hal_tim_ex.c 0x00000000   Number         0  stm32f1xx_hal_tim_ex.o ABSOLUTE
    ..\Drivers\STM32F1xx_HAL_Driver\Src\stm32f1xx_hal_uart.c 0x00000000   Number         0  stm32f1xx_hal_uart.o ABSOLUTE
    ..\Sourse_Library\1_SA_Library\HMI.c     0x00000000   Number         0  hmi.o ABSOLUTE
    ..\Sourse_Library\1_SA_Library\SA_ADC.c  0x00000000   Number         0  sa_adc.o ABSOLUTE
    ..\Sourse_Library\1_SA_Library\SA_Flash.c 0x00000000   Number         0  sa_flash.o ABSOLUTE
    ..\Sourse_Library\1_SA_Library\SA_Key.c  0x00000000   Number         0  sa_key.o ABSOLUTE
    ..\Sourse_Library\1_SA_Library\SA_Usart.c 0x00000000   Number         0  sa_usart.o ABSOLUTE
    ..\Sourse_Library\1_SA_Library\SA_karman.c 0x00000000   Number         0  sa_karman.o ABSOLUTE
    ..\Sourse_Library\2_SA_peripheral\GUI.c  0x00000000   Number         0  gui.o ABSOLUTE
    ..\Sourse_Library\2_SA_peripheral\lcd.c  0x00000000   Number         0  lcd.o ABSOLUTE
    ..\Sourse_Library\3_SA_Starup\common.c   0x00000000   Number         0  common.o ABSOLUTE
    ..\\Sourse_Library\\1_SA_Library\\HMI.c  0x00000000   Number         0  hmi.o ABSOLUTE
    ..\\Sourse_Library\\1_SA_Library\\SA_ADC.c 0x00000000   Number         0  sa_adc.o ABSOLUTE
    ..\\Sourse_Library\\1_SA_Library\\SA_Flash.c 0x00000000   Number         0  sa_flash.o ABSOLUTE
    ..\\Sourse_Library\\1_SA_Library\\SA_Key.c 0x00000000   Number         0  sa_key.o ABSOLUTE
    ..\\Sourse_Library\\1_SA_Library\\SA_Usart.c 0x00000000   Number         0  sa_usart.o ABSOLUTE
    ..\\Sourse_Library\\2_SA_peripheral\\GUI.c 0x00000000   Number         0  gui.o ABSOLUTE
    ..\\Sourse_Library\\2_SA_peripheral\\lcd.c 0x00000000   Number         0  lcd.o ABSOLUTE
    cdrcmple.s                               0x00000000   Number         0  cdrcmple.o ABSOLUTE
    cfrcmple.s                               0x00000000   Number         0  cfrcmple.o ABSOLUTE
    dc.s                                     0x00000000   Number         0  dc.o ABSOLUTE
    handlers.s                               0x00000000   Number         0  handlers.o ABSOLUTE
    init.s                                   0x00000000   Number         0  init.o ABSOLUTE
    startup_stm32f103xb.s                    0x00000000   Number         0  startup_stm32f103xb.o ABSOLUTE
    RESET                                    0x08000000   Section      236  startup_stm32f103xb.o(RESET)
    .ARM.Collect$$$$00000000                 0x080000ec   Section        0  entry.o(.ARM.Collect$$$$00000000)
    .ARM.Collect$$$$00000001                 0x080000ec   Section        4  entry2.o(.ARM.Collect$$$$00000001)
    .ARM.Collect$$$$00000004                 0x080000f0   Section        4  entry5.o(.ARM.Collect$$$$00000004)
    .ARM.Collect$$$$00000008                 0x080000f4   Section        0  entry7b.o(.ARM.Collect$$$$00000008)
    .ARM.Collect$$$$0000000A                 0x080000f4   Section        0  entry8b.o(.ARM.Collect$$$$0000000A)
    .ARM.Collect$$$$0000000B                 0x080000f4   Section        8  entry9a.o(.ARM.Collect$$$$0000000B)
    .ARM.Collect$$$$0000000E                 0x080000fc   Section        4  entry12b.o(.ARM.Collect$$$$0000000E)
    .ARM.Collect$$$$0000000F                 0x08000100   Section        0  entry10a.o(.ARM.Collect$$$$0000000F)
    .ARM.Collect$$$$00000011                 0x08000100   Section        0  entry11a.o(.ARM.Collect$$$$00000011)
    .ARM.Collect$$$$00002712                 0x08000100   Section        4  entry2.o(.ARM.Collect$$$$00002712)
    __lit__00000000                          0x08000100   Data           4  entry2.o(.ARM.Collect$$$$00002712)
    .text                                    0x08000104   Section       36  startup_stm32f103xb.o(.text)
    .text                                    0x08000128   Section        0  llushr.o(.text)
    .text                                    0x08000148   Section        0  memseta.o(.text)
    .text                                    0x0800016c   Section        0  fadd.o(.text)
    .text                                    0x0800021c   Section        0  fmul.o(.text)
    .text                                    0x08000280   Section        0  fdiv.o(.text)
    .text                                    0x080002fc   Section        0  dadd.o(.text)
    .text                                    0x0800044a   Section        0  fflti.o(.text)
    .text                                    0x0800045c   Section        0  ffltui.o(.text)
    .text                                    0x08000466   Section        0  ffixi.o(.text)
    .text                                    0x08000498   Section        0  ffixui.o(.text)
    .text                                    0x080004c0   Section        0  f2d.o(.text)
    .text                                    0x080004e6   Section        0  d2f.o(.text)
    .text                                    0x08000520   Section       20  cfrcmple.o(.text)
    .text                                    0x08000534   Section        0  uidiv.o(.text)
    .text                                    0x08000560   Section        0  llshl.o(.text)
    .text                                    0x0800057e   Section        0  llsshr.o(.text)
    .text                                    0x080005a2   Section        0  fepilogue.o(.text)
    .text                                    0x080005a2   Section        0  iusefp.o(.text)
    .text                                    0x08000610   Section        0  depilogue.o(.text)
    .text                                    0x080006cc   Section       36  init.o(.text)
    i.ADC_ConversionStop_Disable             0x080006f0   Section        0  stm32f1xx_hal_adc.o(i.ADC_ConversionStop_Disable)
    i.ADC_DMAConvCplt                        0x08000746   Section        0  stm32f1xx_hal_adc.o(i.ADC_DMAConvCplt)
    i.ADC_DMAError                           0x08000794   Section        0  stm32f1xx_hal_adc.o(i.ADC_DMAError)
    i.ADC_DMAHalfConvCplt                    0x080007ae   Section        0  stm32f1xx_hal_adc.o(i.ADC_DMAHalfConvCplt)
    i.ADC_Enable                             0x080007b8   Section        0  stm32f1xx_hal_adc.o(i.ADC_Enable)
    i.ADC_I_DATA                             0x08000834   Section        0  sa_adc.o(i.ADC_I_DATA)
    i.ADC_I_Init                             0x08000900   Section        0  sa_adc.o(i.ADC_I_Init)
    i.BusFault_Handler                       0x080009b4   Section        0  stm32f1xx_it.o(i.BusFault_Handler)
    i.Collect_CurrentData                    0x080009b8   Section        0  sa_adc.o(i.Collect_CurrentData)
    i.DMA1_Channel1_IRQHandler               0x08000a90   Section        0  stm32f1xx_it.o(i.DMA1_Channel1_IRQHandler)
    i.DMA1_Channel3_IRQHandler               0x08000a9c   Section        0  stm32f1xx_it.o(i.DMA1_Channel3_IRQHandler)
    i.DMA1_Channel5_IRQHandler               0x08000aa8   Section        0  stm32f1xx_it.o(i.DMA1_Channel5_IRQHandler)
    i.DMA_SetConfig                          0x08000ab4   Section        0  stm32f1xx_hal_dma.o(i.DMA_SetConfig)
    DMA_SetConfig                            0x08000ab5   Thumb Code    42  stm32f1xx_hal_dma.o(i.DMA_SetConfig)
    i.DebugMon_Handler                       0x08000ade   Section        0  stm32f1xx_it.o(i.DebugMon_Handler)
    i.Error_Handler                          0x08000ae0   Section        0  main.o(i.Error_Handler)
    i.FLASH_ErasePage                        0x08000ae4   Section        0  sa_flash.o(i.FLASH_ErasePage)
    i.FLASH_MassErase                        0x08000b28   Section        0  stm32f1xx_hal_flash_ex.o(i.FLASH_MassErase)
    FLASH_MassErase                          0x08000b29   Thumb Code    26  stm32f1xx_hal_flash_ex.o(i.FLASH_MassErase)
    i.FLASH_PageErase                        0x08000b4c   Section        0  stm32f1xx_hal_flash_ex.o(i.FLASH_PageErase)
    i.FLASH_Program_HalfWord                 0x08000b70   Section        0  stm32f1xx_hal_flash.o(i.FLASH_Program_HalfWord)
    FLASH_Program_HalfWord                   0x08000b71   Thumb Code    20  stm32f1xx_hal_flash.o(i.FLASH_Program_HalfWord)
    i.FLASH_SetErrorCode                     0x08000b8c   Section        0  stm32f1xx_hal_flash.o(i.FLASH_SetErrorCode)
    FLASH_SetErrorCode                       0x08000b8d   Thumb Code    84  stm32f1xx_hal_flash.o(i.FLASH_SetErrorCode)
    i.FLASH_WaitForLastOperation             0x08000be8   Section        0  stm32f1xx_hal_flash.o(i.FLASH_WaitForLastOperation)
    i.Float_to_Byte_usart                    0x08000c3c   Section        0  sa_usart.o(i.Float_to_Byte_usart)
    i.Get_Data                               0x08000c4c   Section        0  sa_usart.o(i.Get_Data)
    i.Get_I_Data                             0x08000d88   Section        0  sa_adc.o(i.Get_I_Data)
    i.HAL_ADCEx_Calibration_Start            0x08000db4   Section        0  stm32f1xx_hal_adc_ex.o(i.HAL_ADCEx_Calibration_Start)
    i.HAL_ADC_ConfigChannel                  0x08000e8c   Section        0  stm32f1xx_hal_adc.o(i.HAL_ADC_ConfigChannel)
    i.HAL_ADC_ConvCpltCallback               0x08000f88   Section        0  stm32f1xx_hal_adc.o(i.HAL_ADC_ConvCpltCallback)
    i.HAL_ADC_ConvHalfCpltCallback           0x08000f8a   Section        0  stm32f1xx_hal_adc.o(i.HAL_ADC_ConvHalfCpltCallback)
    i.HAL_ADC_ErrorCallback                  0x08000f8c   Section        0  stm32f1xx_hal_adc.o(i.HAL_ADC_ErrorCallback)
    i.HAL_ADC_Init                           0x08000f90   Section        0  stm32f1xx_hal_adc.o(i.HAL_ADC_Init)
    i.HAL_ADC_MspInit                        0x080010ac   Section        0  adc.o(i.HAL_ADC_MspInit)
    i.HAL_ADC_Start_DMA                      0x08001138   Section        0  stm32f1xx_hal_adc.o(i.HAL_ADC_Start_DMA)
    i.HAL_DMA_Abort                          0x08001244   Section        0  stm32f1xx_hal_dma.o(i.HAL_DMA_Abort)
    i.HAL_DMA_Abort_IT                       0x0800128c   Section        0  stm32f1xx_hal_dma.o(i.HAL_DMA_Abort_IT)
    i.HAL_DMA_IRQHandler                     0x08001324   Section        0  stm32f1xx_hal_dma.o(i.HAL_DMA_IRQHandler)
    i.HAL_DMA_Init                           0x08001478   Section        0  stm32f1xx_hal_dma.o(i.HAL_DMA_Init)
    i.HAL_DMA_Start_IT                       0x080014d4   Section        0  stm32f1xx_hal_dma.o(i.HAL_DMA_Start_IT)
    i.HAL_Delay                              0x08001544   Section        0  stm32f1xx_hal.o(i.HAL_Delay)
    i.HAL_FLASHEx_Erase                      0x08001568   Section        0  stm32f1xx_hal_flash_ex.o(i.HAL_FLASHEx_Erase)
    i.HAL_FLASH_Lock                         0x08001610   Section        0  stm32f1xx_hal_flash.o(i.HAL_FLASH_Lock)
    i.HAL_FLASH_Program                      0x08001624   Section        0  stm32f1xx_hal_flash.o(i.HAL_FLASH_Program)
    i.HAL_FLASH_Unlock                       0x080016a4   Section        0  stm32f1xx_hal_flash.o(i.HAL_FLASH_Unlock)
    i.HAL_GPIO_Init                          0x080016cc   Section        0  stm32f1xx_hal_gpio.o(i.HAL_GPIO_Init)
    i.HAL_GPIO_WritePin                      0x080018ac   Section        0  stm32f1xx_hal_gpio.o(i.HAL_GPIO_WritePin)
    i.HAL_GetTick                            0x080018b8   Section        0  stm32f1xx_hal.o(i.HAL_GetTick)
    i.HAL_IncTick                            0x080018c4   Section        0  stm32f1xx_hal.o(i.HAL_IncTick)
    i.HAL_Init                               0x080018d4   Section        0  stm32f1xx_hal.o(i.HAL_Init)
    i.HAL_InitTick                           0x080018f8   Section        0  stm32f1xx_hal.o(i.HAL_InitTick)
    i.HAL_MspInit                            0x08001938   Section        0  stm32f1xx_hal_msp.o(i.HAL_MspInit)
    i.HAL_NVIC_EnableIRQ                     0x08001974   Section        0  stm32f1xx_hal_cortex.o(i.HAL_NVIC_EnableIRQ)
    i.HAL_NVIC_SetPriority                   0x08001990   Section        0  stm32f1xx_hal_cortex.o(i.HAL_NVIC_SetPriority)
    i.HAL_NVIC_SetPriorityGrouping           0x080019d0   Section        0  stm32f1xx_hal_cortex.o(i.HAL_NVIC_SetPriorityGrouping)
    i.HAL_RCCEx_GetPeriphCLKFreq             0x080019f4   Section        0  stm32f1xx_hal_rcc_ex.o(i.HAL_RCCEx_GetPeriphCLKFreq)
    i.HAL_RCCEx_PeriphCLKConfig              0x08001a98   Section        0  stm32f1xx_hal_rcc_ex.o(i.HAL_RCCEx_PeriphCLKConfig)
    i.HAL_RCC_ClockConfig                    0x08001b84   Section        0  stm32f1xx_hal_rcc.o(i.HAL_RCC_ClockConfig)
    i.HAL_RCC_GetPCLK1Freq                   0x08001cb0   Section        0  stm32f1xx_hal_rcc.o(i.HAL_RCC_GetPCLK1Freq)
    i.HAL_RCC_GetPCLK2Freq                   0x08001cd0   Section        0  stm32f1xx_hal_rcc.o(i.HAL_RCC_GetPCLK2Freq)
    i.HAL_RCC_GetSysClockFreq                0x08001cf0   Section        0  stm32f1xx_hal_rcc.o(i.HAL_RCC_GetSysClockFreq)
    i.HAL_RCC_OscConfig                      0x08001d3c   Section        0  stm32f1xx_hal_rcc.o(i.HAL_RCC_OscConfig)
    i.HAL_SPI_Init                           0x0800205c   Section        0  stm32f1xx_hal_spi.o(i.HAL_SPI_Init)
    i.HAL_SPI_MspInit                        0x08002110   Section        0  spi.o(i.HAL_SPI_MspInit)
    i.HAL_SYSTICK_Config                     0x0800216c   Section        0  stm32f1xx_hal_cortex.o(i.HAL_SYSTICK_Config)
    i.HAL_TIMEx_BreakCallback                0x08002194   Section        0  stm32f1xx_hal_tim_ex.o(i.HAL_TIMEx_BreakCallback)
    i.HAL_TIMEx_CommutCallback               0x08002196   Section        0  stm32f1xx_hal_tim_ex.o(i.HAL_TIMEx_CommutCallback)
    i.HAL_TIMEx_MasterConfigSynchronization  0x08002198   Section        0  stm32f1xx_hal_tim_ex.o(i.HAL_TIMEx_MasterConfigSynchronization)
    i.HAL_TIM_Base_Init                      0x08002200   Section        0  stm32f1xx_hal_tim.o(i.HAL_TIM_Base_Init)
    i.HAL_TIM_Base_MspInit                   0x0800225c   Section        0  tim.o(i.HAL_TIM_Base_MspInit)
    i.HAL_TIM_Base_Start_IT                  0x080022bc   Section        0  stm32f1xx_hal_tim.o(i.HAL_TIM_Base_Start_IT)
    i.HAL_TIM_ConfigClockSource              0x08002314   Section        0  stm32f1xx_hal_tim.o(i.HAL_TIM_ConfigClockSource)
    i.HAL_TIM_IC_CaptureCallback             0x080023f0   Section        0  stm32f1xx_hal_tim.o(i.HAL_TIM_IC_CaptureCallback)
    i.HAL_TIM_IRQHandler                     0x080023f2   Section        0  stm32f1xx_hal_tim.o(i.HAL_TIM_IRQHandler)
    i.HAL_TIM_OC_DelayElapsedCallback        0x08002522   Section        0  stm32f1xx_hal_tim.o(i.HAL_TIM_OC_DelayElapsedCallback)
    i.HAL_TIM_PWM_PulseFinishedCallback      0x08002524   Section        0  stm32f1xx_hal_tim.o(i.HAL_TIM_PWM_PulseFinishedCallback)
    i.HAL_TIM_PeriodElapsedCallback          0x08002528   Section        0  main.o(i.HAL_TIM_PeriodElapsedCallback)
    i.HAL_TIM_TriggerCallback                0x080025a8   Section        0  stm32f1xx_hal_tim.o(i.HAL_TIM_TriggerCallback)
    i.HAL_UARTEx_RxEventCallback             0x080025aa   Section        0  stm32f1xx_hal_uart.o(i.HAL_UARTEx_RxEventCallback)
    i.HAL_UART_ErrorCallback                 0x080025ac   Section        0  stm32f1xx_hal_uart.o(i.HAL_UART_ErrorCallback)
    i.HAL_UART_IRQHandler                    0x080025b0   Section        0  stm32f1xx_hal_uart.o(i.HAL_UART_IRQHandler)
    i.HAL_UART_Init                          0x0800281c   Section        0  stm32f1xx_hal_uart.o(i.HAL_UART_Init)
    i.HAL_UART_MspInit                       0x08002880   Section        0  usart.o(i.HAL_UART_MspInit)
    i.HAL_UART_Receive_DMA                   0x08002a18   Section        0  stm32f1xx_hal_uart.o(i.HAL_UART_Receive_DMA)
    i.HAL_UART_RxCpltCallback                0x08002a34   Section        0  sa_usart.o(i.HAL_UART_RxCpltCallback)
    i.HAL_UART_RxHalfCpltCallback            0x08002ab0   Section        0  stm32f1xx_hal_uart.o(i.HAL_UART_RxHalfCpltCallback)
    i.HAL_UART_Transmit                      0x08002ab2   Section        0  stm32f1xx_hal_uart.o(i.HAL_UART_Transmit)
    i.HAL_UART_TxCpltCallback                0x08002b52   Section        0  stm32f1xx_hal_uart.o(i.HAL_UART_TxCpltCallback)
    i.HMI_Send_EveryInfo                     0x08002b54   Section        0  hmi.o(i.HMI_Send_EveryInfo)
    i.HMI_Uart_DMA_RX_Init                   0x08002c68   Section        0  sa_usart.o(i.HMI_Uart_DMA_RX_Init)
    i.HMI_VOFA                               0x08002c90   Section        0  hmi.o(i.HMI_VOFA)
    i.HMI_key_clear_state                    0x08002cbc   Section        0  hmi.o(i.HMI_key_clear_state)
    i.HMI_key_get_state                      0x08002cc8   Section        0  hmi.o(i.HMI_key_get_state)
    i.HMI_key_scanner                        0x08002cd4   Section        0  hmi.o(i.HMI_key_scanner)
    i.HMI_send_number                        0x08002d30   Section        0  hmi.o(i.HMI_send_number)
    i.HardFault_Handler                      0x08002d48   Section        0  stm32f1xx_it.o(i.HardFault_Handler)
    i.JustFloat_4                            0x08002d4c   Section        0  sa_usart.o(i.JustFloat_4)
    i.KalmanFilter                           0x08002dcc   Section        0  sa_karman.o(i.KalmanFilter)
    i.Kalman_Init                            0x08002e24   Section        0  sa_karman.o(i.Kalman_Init)
    i.MX_ADC1_Init                           0x08002e3c   Section        0  adc.o(i.MX_ADC1_Init)
    i.MX_DMA_Init                            0x08002e88   Section        0  dma.o(i.MX_DMA_Init)
    i.MX_GPIO_Init                           0x08002ed4   Section        0  gpio.o(i.MX_GPIO_Init)
    i.MX_SPI1_Init                           0x08002fc0   Section        0  spi.o(i.MX_SPI1_Init)
    i.MX_TIM2_Init                           0x08003008   Section        0  tim.o(i.MX_TIM2_Init)
    i.MX_TIM3_Init                           0x08003070   Section        0  tim.o(i.MX_TIM3_Init)
    i.MX_USART1_UART_Init                    0x080030d8   Section        0  usart.o(i.MX_USART1_UART_Init)
    i.MX_USART2_UART_Init                    0x08003110   Section        0  usart.o(i.MX_USART2_UART_Init)
    i.MX_USART3_UART_Init                    0x08003148   Section        0  usart.o(i.MX_USART3_UART_Init)
    i.MemManage_Handler                      0x08003180   Section        0  stm32f1xx_it.o(i.MemManage_Handler)
    i.NMI_Handler                            0x08003182   Section        0  stm32f1xx_it.o(i.NMI_Handler)
    i.PendSV_Handler                         0x08003184   Section        0  stm32f1xx_it.o(i.PendSV_Handler)
    i.SVC_Handler                            0x08003186   Section        0  stm32f1xx_it.o(i.SVC_Handler)
    i.Store_Init                             0x08003188   Section        0  sa_flash.o(i.Store_Init)
    i.Store_Save                             0x08003224   Section        0  sa_flash.o(i.Store_Save)
    i.SysTick_Handler                        0x08003260   Section        0  stm32f1xx_it.o(i.SysTick_Handler)
    i.SystemClock_Config                     0x08003264   Section        0  main.o(i.SystemClock_Config)
    i.SystemInit                             0x080032dc   Section        0  system_stm32f1xx.o(i.SystemInit)
    i.TIM2_IRQHandler                        0x080032e0   Section        0  stm32f1xx_it.o(i.TIM2_IRQHandler)
    i.TIM3_IRQHandler                        0x080032ec   Section        0  stm32f1xx_it.o(i.TIM3_IRQHandler)
    i.TIM_Base_SetConfig                     0x080032f8   Section        0  stm32f1xx_hal_tim.o(i.TIM_Base_SetConfig)
    i.TIM_ETR_SetConfig                      0x08003370   Section        0  stm32f1xx_hal_tim.o(i.TIM_ETR_SetConfig)
    i.TIM_ITRx_SetConfig                     0x08003384   Section        0  stm32f1xx_hal_tim.o(i.TIM_ITRx_SetConfig)
    TIM_ITRx_SetConfig                       0x08003385   Thumb Code    16  stm32f1xx_hal_tim.o(i.TIM_ITRx_SetConfig)
    i.TIM_TI1_ConfigInputStage               0x08003394   Section        0  stm32f1xx_hal_tim.o(i.TIM_TI1_ConfigInputStage)
    TIM_TI1_ConfigInputStage                 0x08003395   Thumb Code    34  stm32f1xx_hal_tim.o(i.TIM_TI1_ConfigInputStage)
    i.TIM_TI2_ConfigInputStage               0x080033b6   Section        0  stm32f1xx_hal_tim.o(i.TIM_TI2_ConfigInputStage)
    TIM_TI2_ConfigInputStage                 0x080033b7   Thumb Code    36  stm32f1xx_hal_tim.o(i.TIM_TI2_ConfigInputStage)
    i.UART_DMAAbortOnError                   0x080033da   Section        0  stm32f1xx_hal_uart.o(i.UART_DMAAbortOnError)
    UART_DMAAbortOnError                     0x080033db   Thumb Code    16  stm32f1xx_hal_uart.o(i.UART_DMAAbortOnError)
    i.UART_DMAError                          0x080033ea   Section        0  stm32f1xx_hal_uart.o(i.UART_DMAError)
    UART_DMAError                            0x080033eb   Thumb Code    74  stm32f1xx_hal_uart.o(i.UART_DMAError)
    i.UART_DMAReceiveCplt                    0x08003434   Section        0  stm32f1xx_hal_uart.o(i.UART_DMAReceiveCplt)
    UART_DMAReceiveCplt                      0x08003435   Thumb Code   134  stm32f1xx_hal_uart.o(i.UART_DMAReceiveCplt)
    i.UART_DMARxHalfCplt                     0x080034ba   Section        0  stm32f1xx_hal_uart.o(i.UART_DMARxHalfCplt)
    UART_DMARxHalfCplt                       0x080034bb   Thumb Code    30  stm32f1xx_hal_uart.o(i.UART_DMARxHalfCplt)
    i.UART_EndRxTransfer                     0x080034d8   Section        0  stm32f1xx_hal_uart.o(i.UART_EndRxTransfer)
    UART_EndRxTransfer                       0x080034d9   Thumb Code    78  stm32f1xx_hal_uart.o(i.UART_EndRxTransfer)
    i.UART_EndTxTransfer                     0x08003526   Section        0  stm32f1xx_hal_uart.o(i.UART_EndTxTransfer)
    UART_EndTxTransfer                       0x08003527   Thumb Code    28  stm32f1xx_hal_uart.o(i.UART_EndTxTransfer)
    i.UART_Receive_IT                        0x08003542   Section        0  stm32f1xx_hal_uart.o(i.UART_Receive_IT)
    UART_Receive_IT                          0x08003543   Thumb Code   194  stm32f1xx_hal_uart.o(i.UART_Receive_IT)
    i.UART_SetConfig                         0x08003604   Section        0  stm32f1xx_hal_uart.o(i.UART_SetConfig)
    UART_SetConfig                           0x08003605   Thumb Code   178  stm32f1xx_hal_uart.o(i.UART_SetConfig)
    i.UART_Start_Receive_DMA                 0x080036bc   Section        0  stm32f1xx_hal_uart.o(i.UART_Start_Receive_DMA)
    i.UART_WaitOnFlagUntilTimeout            0x0800374c   Section        0  stm32f1xx_hal_uart.o(i.UART_WaitOnFlagUntilTimeout)
    UART_WaitOnFlagUntilTimeout              0x0800374d   Thumb Code   114  stm32f1xx_hal_uart.o(i.UART_WaitOnFlagUntilTimeout)
    i.USART1_IRQHandler                      0x080037c0   Section        0  stm32f1xx_it.o(i.USART1_IRQHandler)
    i.USART2_IRQHandler                      0x080037cc   Section        0  stm32f1xx_it.o(i.USART2_IRQHandler)
    i.USART3_IRQHandler                      0x080037d8   Section        0  stm32f1xx_it.o(i.USART3_IRQHandler)
    i.UsageFault_Handler                     0x080037e4   Section        0  stm32f1xx_it.o(i.UsageFault_Handler)
    i.__0printf$3                            0x080037e8   Section        0  printf3.o(i.__0printf$3)
    i.__NVIC_SetPriority                     0x08003808   Section        0  stm32f1xx_hal_cortex.o(i.__NVIC_SetPriority)
    __NVIC_SetPriority                       0x08003809   Thumb Code    32  stm32f1xx_hal_cortex.o(i.__NVIC_SetPriority)
    i.__scatterload_copy                     0x08003828   Section       14  handlers.o(i.__scatterload_copy)
    i.__scatterload_null                     0x08003836   Section        2  handlers.o(i.__scatterload_null)
    i.__scatterload_zeroinit                 0x08003838   Section       14  handlers.o(i.__scatterload_zeroinit)
    i._printf_core                           0x08003848   Section        0  printf3.o(i._printf_core)
    _printf_core                             0x08003849   Thumb Code   436  printf3.o(i._printf_core)
    i.float_to_uint16_mem_high               0x08003a00   Section        0  sa_flash.o(i.float_to_uint16_mem_high)
    i.float_to_uint16_mem_low                0x08003a04   Section        0  sa_flash.o(i.float_to_uint16_mem_low)
    i.fputc                                  0x08003a08   Section        0  sa_usart.o(i.fputc)
    i.main                                   0x08003a24   Section        0  main.o(i.main)
    i.uint16s_to_float                       0x08003b2c   Section        0  sa_flash.o(i.uint16s_to_float)
    .constdata                               0x08003b32   Section       18  stm32f1xx_hal_rcc.o(.constdata)
    aPredivFactorTable                       0x08003b32   Data           2  stm32f1xx_hal_rcc.o(.constdata)
    aPLLMULFactorTable                       0x08003b34   Data          16  stm32f1xx_hal_rcc.o(.constdata)
    .constdata                               0x08003b44   Section       18  stm32f1xx_hal_rcc_ex.o(.constdata)
    aPredivFactorTable                       0x08003b44   Data           2  stm32f1xx_hal_rcc_ex.o(.constdata)
    aPLLMULFactorTable                       0x08003b46   Data          16  stm32f1xx_hal_rcc_ex.o(.constdata)
    .constdata                               0x08003b56   Section       16  system_stm32f1xx.o(.constdata)
    .constdata                               0x08003b66   Section        8  system_stm32f1xx.o(.constdata)
    .data                                    0x20000000   Section       12  main.o(.data)
    .data                                    0x2000000c   Section       64  hmi.o(.data)
    HMI_key_state                            0x2000000c   Data           6  hmi.o(.data)
    .data                                    0x2000004c   Section        1  sa_flash.o(.data)
    .data                                    0x20000050   Section       76  sa_usart.o(.data)
    .data                                    0x2000009c   Section        8  sa_adc.o(.data)
    sample_count                             0x2000009d   Data           1  sa_adc.o(.data)
    window_sum                               0x200000a0   Data           4  sa_adc.o(.data)
    .data                                    0x200000a4   Section       12  stm32f1xx_hal.o(.data)
    .data                                    0x200000b0   Section        4  system_stm32f1xx.o(.data)
    .data                                    0x200000b4   Section        4  stdout.o(.data)
    .bss                                     0x200000b8   Section       60  main.o(.bss)
    .bss                                     0x200000f4   Section      116  adc.o(.bss)
    .bss                                     0x20000168   Section       88  spi.o(.bss)
    .bss                                     0x200001c0   Section      144  tim.o(.bss)
    .bss                                     0x20000250   Section      352  usart.o(.bss)
    .bss                                     0x200003b0   Section      128  sa_flash.o(.bss)
    .bss                                     0x20000430   Section       20  sa_usart.o(.bss)
    .bss                                     0x20000444   Section      400  sa_adc.o(.bss)
    window_buffer                            0x20000444   Data         400  sa_adc.o(.bss)
    .bss                                     0x200005d8   Section       32  stm32f1xx_hal_flash.o(.bss)
    STACK                                    0x200005f8   Section     1024  startup_stm32f103xb.o(STACK)

    Global Symbols

    Symbol Name                              Value     Ov Type        Size  Object(Section)

    BuildAttributes$$THM_ISAv4$P$D$K$B$S$PE$A:L22UL41UL21$X:L11$S22US41US21$IEEE1$IW$USESV6$~STKCKD$USESV7$~SHL$OTIME$ROPI$EBA8$MICROLIB$REQ8$PRES8$EABIv2 0x00000000   Number         0  anon$$obj.o ABSOLUTE
    __ARM_use_no_argv                        0x00000000   Number         0  main.o ABSOLUTE
    _printf_a                                0x00000000   Number         0  stubs.o ABSOLUTE
    _printf_c                                0x00000000   Number         0  stubs.o ABSOLUTE
    _printf_charcount                        0x00000000   Number         0  stubs.o ABSOLUTE
    _printf_d                                0x00000000   Number         0  stubs.o ABSOLUTE
    _printf_e                                0x00000000   Number         0  stubs.o ABSOLUTE
    _printf_f                                0x00000000   Number         0  stubs.o ABSOLUTE
    _printf_flags                            0x00000000   Number         0  stubs.o ABSOLUTE
    _printf_fp_dec                           0x00000000   Number         0  stubs.o ABSOLUTE
    _printf_fp_hex                           0x00000000   Number         0  stubs.o ABSOLUTE
    _printf_g                                0x00000000   Number         0  stubs.o ABSOLUTE
    _printf_i                                0x00000000   Number         0  stubs.o ABSOLUTE
    _printf_int_dec                          0x00000000   Number         0  stubs.o ABSOLUTE
    _printf_l                                0x00000000   Number         0  stubs.o ABSOLUTE
    _printf_lc                               0x00000000   Number         0  stubs.o ABSOLUTE
    _printf_ll                               0x00000000   Number         0  stubs.o ABSOLUTE
    _printf_lld                              0x00000000   Number         0  stubs.o ABSOLUTE
    _printf_lli                              0x00000000   Number         0  stubs.o ABSOLUTE
    _printf_llo                              0x00000000   Number         0  stubs.o ABSOLUTE
    _printf_llu                              0x00000000   Number         0  stubs.o ABSOLUTE
    _printf_llx                              0x00000000   Number         0  stubs.o ABSOLUTE
    _printf_longlong_dec                     0x00000000   Number         0  stubs.o ABSOLUTE
    _printf_longlong_hex                     0x00000000   Number         0  stubs.o ABSOLUTE
    _printf_longlong_oct                     0x00000000   Number         0  stubs.o ABSOLUTE
    _printf_ls                               0x00000000   Number         0  stubs.o ABSOLUTE
    _printf_mbtowc                           0x00000000   Number         0  stubs.o ABSOLUTE
    _printf_n                                0x00000000   Number         0  stubs.o ABSOLUTE
    _printf_o                                0x00000000   Number         0  stubs.o ABSOLUTE
    _printf_p                                0x00000000   Number         0  stubs.o ABSOLUTE
    _printf_percent                          0x00000000   Number         0  stubs.o ABSOLUTE
    _printf_pre_padding                      0x00000000   Number         0  stubs.o ABSOLUTE
    _printf_return_value                     0x00000000   Number         0  stubs.o ABSOLUTE
    _printf_s                                0x00000000   Number         0  stubs.o ABSOLUTE
    _printf_sizespec                         0x00000000   Number         0  stubs.o ABSOLUTE
    _printf_str                              0x00000000   Number         0  stubs.o ABSOLUTE
    _printf_truncate_signed                  0x00000000   Number         0  stubs.o ABSOLUTE
    _printf_truncate_unsigned                0x00000000   Number         0  stubs.o ABSOLUTE
    _printf_u                                0x00000000   Number         0  stubs.o ABSOLUTE
    _printf_wc                               0x00000000   Number         0  stubs.o ABSOLUTE
    _printf_wctomb                           0x00000000   Number         0  stubs.o ABSOLUTE
    _printf_widthprec                        0x00000000   Number         0  stubs.o ABSOLUTE
    _printf_x                                0x00000000   Number         0  stubs.o ABSOLUTE
    __arm_fini_                               - Undefined Weak Reference
    __cpp_initialize__aeabi_                  - Undefined Weak Reference
    __cxa_finalize                            - Undefined Weak Reference
    __decompress                              - Undefined Weak Reference
    _clock_init                               - Undefined Weak Reference
    _microlib_exit                            - Undefined Weak Reference
    __Vectors_Size                           0x000000ec   Number         0  startup_stm32f103xb.o ABSOLUTE
    __Vectors                                0x08000000   Data           4  startup_stm32f103xb.o(RESET)
    __Vectors_End                            0x080000ec   Data           0  startup_stm32f103xb.o(RESET)
    __main                                   0x080000ed   Thumb Code     0  entry.o(.ARM.Collect$$$$00000000)
    _main_stk                                0x080000ed   Thumb Code     0  entry2.o(.ARM.Collect$$$$00000001)
    _main_scatterload                        0x080000f1   Thumb Code     0  entry5.o(.ARM.Collect$$$$00000004)
    __main_after_scatterload                 0x080000f5   Thumb Code     0  entry5.o(.ARM.Collect$$$$00000004)
    _main_clock                              0x080000f5   Thumb Code     0  entry7b.o(.ARM.Collect$$$$00000008)
    _main_cpp_init                           0x080000f5   Thumb Code     0  entry8b.o(.ARM.Collect$$$$0000000A)
    _main_init                               0x080000f5   Thumb Code     0  entry9a.o(.ARM.Collect$$$$0000000B)
    __rt_lib_shutdown_fini                   0x080000fd   Thumb Code     0  entry12b.o(.ARM.Collect$$$$0000000E)
    __rt_final_cpp                           0x08000101   Thumb Code     0  entry10a.o(.ARM.Collect$$$$0000000F)
    __rt_final_exit                          0x08000101   Thumb Code     0  entry11a.o(.ARM.Collect$$$$00000011)
    Reset_Handler                            0x08000105   Thumb Code     8  startup_stm32f103xb.o(.text)
    ADC1_2_IRQHandler                        0x0800011f   Thumb Code     0  startup_stm32f103xb.o(.text)
    CAN1_RX1_IRQHandler                      0x0800011f   Thumb Code     0  startup_stm32f103xb.o(.text)
    CAN1_SCE_IRQHandler                      0x0800011f   Thumb Code     0  startup_stm32f103xb.o(.text)
    DMA1_Channel2_IRQHandler                 0x0800011f   Thumb Code     0  startup_stm32f103xb.o(.text)
    DMA1_Channel4_IRQHandler                 0x0800011f   Thumb Code     0  startup_stm32f103xb.o(.text)
    DMA1_Channel6_IRQHandler                 0x0800011f   Thumb Code     0  startup_stm32f103xb.o(.text)
    DMA1_Channel7_IRQHandler                 0x0800011f   Thumb Code     0  startup_stm32f103xb.o(.text)
    EXTI0_IRQHandler                         0x0800011f   Thumb Code     0  startup_stm32f103xb.o(.text)
    EXTI15_10_IRQHandler                     0x0800011f   Thumb Code     0  startup_stm32f103xb.o(.text)
    EXTI1_IRQHandler                         0x0800011f   Thumb Code     0  startup_stm32f103xb.o(.text)
    EXTI2_IRQHandler                         0x0800011f   Thumb Code     0  startup_stm32f103xb.o(.text)
    EXTI3_IRQHandler                         0x0800011f   Thumb Code     0  startup_stm32f103xb.o(.text)
    EXTI4_IRQHandler                         0x0800011f   Thumb Code     0  startup_stm32f103xb.o(.text)
    EXTI9_5_IRQHandler                       0x0800011f   Thumb Code     0  startup_stm32f103xb.o(.text)
    FLASH_IRQHandler                         0x0800011f   Thumb Code     0  startup_stm32f103xb.o(.text)
    I2C1_ER_IRQHandler                       0x0800011f   Thumb Code     0  startup_stm32f103xb.o(.text)
    I2C1_EV_IRQHandler                       0x0800011f   Thumb Code     0  startup_stm32f103xb.o(.text)
    I2C2_ER_IRQHandler                       0x0800011f   Thumb Code     0  startup_stm32f103xb.o(.text)
    I2C2_EV_IRQHandler                       0x0800011f   Thumb Code     0  startup_stm32f103xb.o(.text)
    PVD_IRQHandler                           0x0800011f   Thumb Code     0  startup_stm32f103xb.o(.text)
    RCC_IRQHandler                           0x0800011f   Thumb Code     0  startup_stm32f103xb.o(.text)
    RTC_Alarm_IRQHandler                     0x0800011f   Thumb Code     0  startup_stm32f103xb.o(.text)
    RTC_IRQHandler                           0x0800011f   Thumb Code     0  startup_stm32f103xb.o(.text)
    SPI1_IRQHandler                          0x0800011f   Thumb Code     0  startup_stm32f103xb.o(.text)
    SPI2_IRQHandler                          0x0800011f   Thumb Code     0  startup_stm32f103xb.o(.text)
    TAMPER_IRQHandler                        0x0800011f   Thumb Code     0  startup_stm32f103xb.o(.text)
    TIM1_BRK_IRQHandler                      0x0800011f   Thumb Code     0  startup_stm32f103xb.o(.text)
    TIM1_CC_IRQHandler                       0x0800011f   Thumb Code     0  startup_stm32f103xb.o(.text)
    TIM1_TRG_COM_IRQHandler                  0x0800011f   Thumb Code     0  startup_stm32f103xb.o(.text)
    TIM1_UP_IRQHandler                       0x0800011f   Thumb Code     0  startup_stm32f103xb.o(.text)
    TIM4_IRQHandler                          0x0800011f   Thumb Code     0  startup_stm32f103xb.o(.text)
    USBWakeUp_IRQHandler                     0x0800011f   Thumb Code     0  startup_stm32f103xb.o(.text)
    USB_HP_CAN1_TX_IRQHandler                0x0800011f   Thumb Code     0  startup_stm32f103xb.o(.text)
    USB_LP_CAN1_RX0_IRQHandler               0x0800011f   Thumb Code     0  startup_stm32f103xb.o(.text)
    WWDG_IRQHandler                          0x0800011f   Thumb Code     0  startup_stm32f103xb.o(.text)
    __aeabi_llsr                             0x08000129   Thumb Code    32  llushr.o(.text)
    _ll_ushift_r                             0x08000129   Thumb Code     0  llushr.o(.text)
    __aeabi_memset                           0x08000149   Thumb Code    14  memseta.o(.text)
    __aeabi_memset4                          0x08000149   Thumb Code     0  memseta.o(.text)
    __aeabi_memset8                          0x08000149   Thumb Code     0  memseta.o(.text)
    __aeabi_memclr                           0x08000157   Thumb Code     4  memseta.o(.text)
    __aeabi_memclr4                          0x08000157   Thumb Code     0  memseta.o(.text)
    __aeabi_memclr8                          0x08000157   Thumb Code     0  memseta.o(.text)
    _memset$wrapper                          0x0800015b   Thumb Code    18  memseta.o(.text)
    __aeabi_fadd                             0x0800016d   Thumb Code   164  fadd.o(.text)
    __aeabi_fsub                             0x08000211   Thumb Code     6  fadd.o(.text)
    __aeabi_frsub                            0x08000217   Thumb Code     6  fadd.o(.text)
    __aeabi_fmul                             0x0800021d   Thumb Code   100  fmul.o(.text)
    __aeabi_fdiv                             0x08000281   Thumb Code   124  fdiv.o(.text)
    __aeabi_dadd                             0x080002fd   Thumb Code   322  dadd.o(.text)
    __aeabi_dsub                             0x0800043f   Thumb Code     6  dadd.o(.text)
    __aeabi_drsub                            0x08000445   Thumb Code     6  dadd.o(.text)
    __aeabi_i2f                              0x0800044b   Thumb Code    18  fflti.o(.text)
    __aeabi_ui2f                             0x0800045d   Thumb Code    10  ffltui.o(.text)
    __aeabi_f2iz                             0x08000467   Thumb Code    50  ffixi.o(.text)
    __aeabi_f2uiz                            0x08000499   Thumb Code    40  ffixui.o(.text)
    __aeabi_f2d                              0x080004c1   Thumb Code    38  f2d.o(.text)
    __aeabi_d2f                              0x080004e7   Thumb Code    56  d2f.o(.text)
    __aeabi_cfrcmple                         0x08000521   Thumb Code    20  cfrcmple.o(.text)
    __aeabi_uidiv                            0x08000535   Thumb Code     0  uidiv.o(.text)
    __aeabi_uidivmod                         0x08000535   Thumb Code    44  uidiv.o(.text)
    __aeabi_llsl                             0x08000561   Thumb Code    30  llshl.o(.text)
    _ll_shift_l                              0x08000561   Thumb Code     0  llshl.o(.text)
    __aeabi_lasr                             0x0800057f   Thumb Code    36  llsshr.o(.text)
    _ll_sshift_r                             0x0800057f   Thumb Code     0  llsshr.o(.text)
    __I$use$fp                               0x080005a3   Thumb Code     0  iusefp.o(.text)
    _float_round                             0x080005a3   Thumb Code    18  fepilogue.o(.text)
    _float_epilogue                          0x080005b5   Thumb Code    92  fepilogue.o(.text)
    _double_round                            0x08000611   Thumb Code    30  depilogue.o(.text)
    _double_epilogue                         0x0800062f   Thumb Code   156  depilogue.o(.text)
    __scatterload                            0x080006cd   Thumb Code    28  init.o(.text)
    __scatterload_rt2                        0x080006cd   Thumb Code     0  init.o(.text)
    ADC_ConversionStop_Disable               0x080006f1   Thumb Code    86  stm32f1xx_hal_adc.o(i.ADC_ConversionStop_Disable)
    ADC_DMAConvCplt                          0x08000747   Thumb Code    78  stm32f1xx_hal_adc.o(i.ADC_DMAConvCplt)
    ADC_DMAError                             0x08000795   Thumb Code    26  stm32f1xx_hal_adc.o(i.ADC_DMAError)
    ADC_DMAHalfConvCplt                      0x080007af   Thumb Code    10  stm32f1xx_hal_adc.o(i.ADC_DMAHalfConvCplt)
    ADC_Enable                               0x080007b9   Thumb Code   114  stm32f1xx_hal_adc.o(i.ADC_Enable)
    ADC_I_DATA                               0x08000835   Thumb Code   172  sa_adc.o(i.ADC_I_DATA)
    ADC_I_Init                               0x08000901   Thumb Code   146  sa_adc.o(i.ADC_I_Init)
    BusFault_Handler                         0x080009b5   Thumb Code     2  stm32f1xx_it.o(i.BusFault_Handler)
    Collect_CurrentData                      0x080009b9   Thumb Code   198  sa_adc.o(i.Collect_CurrentData)
    DMA1_Channel1_IRQHandler                 0x08000a91   Thumb Code     6  stm32f1xx_it.o(i.DMA1_Channel1_IRQHandler)
    DMA1_Channel3_IRQHandler                 0x08000a9d   Thumb Code     6  stm32f1xx_it.o(i.DMA1_Channel3_IRQHandler)
    DMA1_Channel5_IRQHandler                 0x08000aa9   Thumb Code     6  stm32f1xx_it.o(i.DMA1_Channel5_IRQHandler)
    DebugMon_Handler                         0x08000adf   Thumb Code     2  stm32f1xx_it.o(i.DebugMon_Handler)
    Error_Handler                            0x08000ae1   Thumb Code     4  main.o(i.Error_Handler)
    FLASH_ErasePage                          0x08000ae5   Thumb Code    52  sa_flash.o(i.FLASH_ErasePage)
    FLASH_PageErase                          0x08000b4d   Thumb Code    28  stm32f1xx_hal_flash_ex.o(i.FLASH_PageErase)
    FLASH_WaitForLastOperation               0x08000be9   Thumb Code    80  stm32f1xx_hal_flash.o(i.FLASH_WaitForLastOperation)
    Float_to_Byte_usart                      0x08000c3d   Thumb Code    16  sa_usart.o(i.Float_to_Byte_usart)
    Get_Data                                 0x08000c4d   Thumb Code   304  sa_usart.o(i.Get_Data)
    Get_I_Data                               0x08000d89   Thumb Code    30  sa_adc.o(i.Get_I_Data)
    HAL_ADCEx_Calibration_Start              0x08000db5   Thumb Code   210  stm32f1xx_hal_adc_ex.o(i.HAL_ADCEx_Calibration_Start)
    HAL_ADC_ConfigChannel                    0x08000e8d   Thumb Code   240  stm32f1xx_hal_adc.o(i.HAL_ADC_ConfigChannel)
    HAL_ADC_ConvCpltCallback                 0x08000f89   Thumb Code     2  stm32f1xx_hal_adc.o(i.HAL_ADC_ConvCpltCallback)
    HAL_ADC_ConvHalfCpltCallback             0x08000f8b   Thumb Code     2  stm32f1xx_hal_adc.o(i.HAL_ADC_ConvHalfCpltCallback)
    HAL_ADC_ErrorCallback                    0x08000f8d   Thumb Code     2  stm32f1xx_hal_adc.o(i.HAL_ADC_ErrorCallback)
    HAL_ADC_Init                             0x08000f91   Thumb Code   272  stm32f1xx_hal_adc.o(i.HAL_ADC_Init)
    HAL_ADC_MspInit                          0x080010ad   Thumb Code   120  adc.o(i.HAL_ADC_MspInit)
    HAL_ADC_Start_DMA                        0x08001139   Thumb Code   246  stm32f1xx_hal_adc.o(i.HAL_ADC_Start_DMA)
    HAL_DMA_Abort                            0x08001245   Thumb Code    70  stm32f1xx_hal_dma.o(i.HAL_DMA_Abort)
    HAL_DMA_Abort_IT                         0x0800128d   Thumb Code   148  stm32f1xx_hal_dma.o(i.HAL_DMA_Abort_IT)
    HAL_DMA_IRQHandler                       0x08001325   Thumb Code   316  stm32f1xx_hal_dma.o(i.HAL_DMA_IRQHandler)
    HAL_DMA_Init                             0x08001479   Thumb Code    84  stm32f1xx_hal_dma.o(i.HAL_DMA_Init)
    HAL_DMA_Start_IT                         0x080014d5   Thumb Code   112  stm32f1xx_hal_dma.o(i.HAL_DMA_Start_IT)
    HAL_Delay                                0x08001545   Thumb Code    32  stm32f1xx_hal.o(i.HAL_Delay)
    HAL_FLASHEx_Erase                        0x08001569   Thumb Code   160  stm32f1xx_hal_flash_ex.o(i.HAL_FLASHEx_Erase)
    HAL_FLASH_Lock                           0x08001611   Thumb Code    14  stm32f1xx_hal_flash.o(i.HAL_FLASH_Lock)
    HAL_FLASH_Program                        0x08001625   Thumb Code   120  stm32f1xx_hal_flash.o(i.HAL_FLASH_Program)
    HAL_FLASH_Unlock                         0x080016a5   Thumb Code    28  stm32f1xx_hal_flash.o(i.HAL_FLASH_Unlock)
    HAL_GPIO_Init                            0x080016cd   Thumb Code   446  stm32f1xx_hal_gpio.o(i.HAL_GPIO_Init)
    HAL_GPIO_WritePin                        0x080018ad   Thumb Code    10  stm32f1xx_hal_gpio.o(i.HAL_GPIO_WritePin)
    HAL_GetTick                              0x080018b9   Thumb Code     6  stm32f1xx_hal.o(i.HAL_GetTick)
    HAL_IncTick                              0x080018c5   Thumb Code    12  stm32f1xx_hal.o(i.HAL_IncTick)
    HAL_Init                                 0x080018d5   Thumb Code    32  stm32f1xx_hal.o(i.HAL_Init)
    HAL_InitTick                             0x080018f9   Thumb Code    54  stm32f1xx_hal.o(i.HAL_InitTick)
    HAL_MspInit                              0x08001939   Thumb Code    52  stm32f1xx_hal_msp.o(i.HAL_MspInit)
    HAL_NVIC_EnableIRQ                       0x08001975   Thumb Code    26  stm32f1xx_hal_cortex.o(i.HAL_NVIC_EnableIRQ)
    HAL_NVIC_SetPriority                     0x08001991   Thumb Code    60  stm32f1xx_hal_cortex.o(i.HAL_NVIC_SetPriority)
    HAL_NVIC_SetPriorityGrouping             0x080019d1   Thumb Code    26  stm32f1xx_hal_cortex.o(i.HAL_NVIC_SetPriorityGrouping)
    HAL_RCCEx_GetPeriphCLKFreq               0x080019f5   Thumb Code   148  stm32f1xx_hal_rcc_ex.o(i.HAL_RCCEx_GetPeriphCLKFreq)
    HAL_RCCEx_PeriphCLKConfig                0x08001a99   Thumb Code   224  stm32f1xx_hal_rcc_ex.o(i.HAL_RCCEx_PeriphCLKConfig)
    HAL_RCC_ClockConfig                      0x08001b85   Thumb Code   280  stm32f1xx_hal_rcc.o(i.HAL_RCC_ClockConfig)
    HAL_RCC_GetPCLK1Freq                     0x08001cb1   Thumb Code    20  stm32f1xx_hal_rcc.o(i.HAL_RCC_GetPCLK1Freq)
    HAL_RCC_GetPCLK2Freq                     0x08001cd1   Thumb Code    20  stm32f1xx_hal_rcc.o(i.HAL_RCC_GetPCLK2Freq)
    HAL_RCC_GetSysClockFreq                  0x08001cf1   Thumb Code    58  stm32f1xx_hal_rcc.o(i.HAL_RCC_GetSysClockFreq)
    HAL_RCC_OscConfig                        0x08001d3d   Thumb Code   778  stm32f1xx_hal_rcc.o(i.HAL_RCC_OscConfig)
    HAL_SPI_Init                             0x0800205d   Thumb Code   178  stm32f1xx_hal_spi.o(i.HAL_SPI_Init)
    HAL_SPI_MspInit                          0x08002111   Thumb Code    80  spi.o(i.HAL_SPI_MspInit)
    HAL_SYSTICK_Config                       0x0800216d   Thumb Code    40  stm32f1xx_hal_cortex.o(i.HAL_SYSTICK_Config)
    HAL_TIMEx_BreakCallback                  0x08002195   Thumb Code     2  stm32f1xx_hal_tim_ex.o(i.HAL_TIMEx_BreakCallback)
    HAL_TIMEx_CommutCallback                 0x08002197   Thumb Code     2  stm32f1xx_hal_tim_ex.o(i.HAL_TIMEx_CommutCallback)
    HAL_TIMEx_MasterConfigSynchronization    0x08002199   Thumb Code    92  stm32f1xx_hal_tim_ex.o(i.HAL_TIMEx_MasterConfigSynchronization)
    HAL_TIM_Base_Init                        0x08002201   Thumb Code    90  stm32f1xx_hal_tim.o(i.HAL_TIM_Base_Init)
    HAL_TIM_Base_MspInit                     0x0800225d   Thumb Code    86  tim.o(i.HAL_TIM_Base_MspInit)
    HAL_TIM_Base_Start_IT                    0x080022bd   Thumb Code    76  stm32f1xx_hal_tim.o(i.HAL_TIM_Base_Start_IT)
    HAL_TIM_ConfigClockSource                0x08002315   Thumb Code   220  stm32f1xx_hal_tim.o(i.HAL_TIM_ConfigClockSource)
    HAL_TIM_IC_CaptureCallback               0x080023f1   Thumb Code     2  stm32f1xx_hal_tim.o(i.HAL_TIM_IC_CaptureCallback)
    HAL_TIM_IRQHandler                       0x080023f3   Thumb Code   304  stm32f1xx_hal_tim.o(i.HAL_TIM_IRQHandler)
    HAL_TIM_OC_DelayElapsedCallback          0x08002523   Thumb Code     2  stm32f1xx_hal_tim.o(i.HAL_TIM_OC_DelayElapsedCallback)
    HAL_TIM_PWM_PulseFinishedCallback        0x08002525   Thumb Code     2  stm32f1xx_hal_tim.o(i.HAL_TIM_PWM_PulseFinishedCallback)
    HAL_TIM_PeriodElapsedCallback            0x08002529   Thumb Code   104  main.o(i.HAL_TIM_PeriodElapsedCallback)
    HAL_TIM_TriggerCallback                  0x080025a9   Thumb Code     2  stm32f1xx_hal_tim.o(i.HAL_TIM_TriggerCallback)
    HAL_UARTEx_RxEventCallback               0x080025ab   Thumb Code     2  stm32f1xx_hal_uart.o(i.HAL_UARTEx_RxEventCallback)
    HAL_UART_ErrorCallback                   0x080025ad   Thumb Code     2  stm32f1xx_hal_uart.o(i.HAL_UART_ErrorCallback)
    HAL_UART_IRQHandler                      0x080025b1   Thumb Code   616  stm32f1xx_hal_uart.o(i.HAL_UART_IRQHandler)
    HAL_UART_Init                            0x0800281d   Thumb Code   100  stm32f1xx_hal_uart.o(i.HAL_UART_Init)
    HAL_UART_MspInit                         0x08002881   Thumb Code   374  usart.o(i.HAL_UART_MspInit)
    HAL_UART_Receive_DMA                     0x08002a19   Thumb Code    28  stm32f1xx_hal_uart.o(i.HAL_UART_Receive_DMA)
    HAL_UART_RxCpltCallback                  0x08002a35   Thumb Code    98  sa_usart.o(i.HAL_UART_RxCpltCallback)
    HAL_UART_RxHalfCpltCallback              0x08002ab1   Thumb Code     2  stm32f1xx_hal_uart.o(i.HAL_UART_RxHalfCpltCallback)
    HAL_UART_Transmit                        0x08002ab3   Thumb Code   160  stm32f1xx_hal_uart.o(i.HAL_UART_Transmit)
    HAL_UART_TxCpltCallback                  0x08002b53   Thumb Code     2  stm32f1xx_hal_uart.o(i.HAL_UART_TxCpltCallback)
    HMI_Send_EveryInfo                       0x08002b55   Thumb Code   108  hmi.o(i.HMI_Send_EveryInfo)
    HMI_Uart_DMA_RX_Init                     0x08002c69   Thumb Code    28  sa_usart.o(i.HMI_Uart_DMA_RX_Init)
    HMI_VOFA                                 0x08002c91   Thumb Code    24  hmi.o(i.HMI_VOFA)
    HMI_key_clear_state                      0x08002cbd   Thumb Code     8  hmi.o(i.HMI_key_clear_state)
    HMI_key_get_state                        0x08002cc9   Thumb Code     6  hmi.o(i.HMI_key_get_state)
    HMI_key_scanner                          0x08002cd5   Thumb Code    64  hmi.o(i.HMI_key_scanner)
    HMI_send_number                          0x08002d31   Thumb Code    10  hmi.o(i.HMI_send_number)
    HardFault_Handler                        0x08002d49   Thumb Code     2  stm32f1xx_it.o(i.HardFault_Handler)
    JustFloat_4                              0x08002d4d   Thumb Code   118  sa_usart.o(i.JustFloat_4)
    KalmanFilter                             0x08002dcd   Thumb Code    88  sa_karman.o(i.KalmanFilter)
    Kalman_Init                              0x08002e25   Thumb Code    18  sa_karman.o(i.Kalman_Init)
    MX_ADC1_Init                             0x08002e3d   Thumb Code    68  adc.o(i.MX_ADC1_Init)
    MX_DMA_Init                              0x08002e89   Thumb Code    72  dma.o(i.MX_DMA_Init)
    MX_GPIO_Init                             0x08002ed5   Thumb Code   218  gpio.o(i.MX_GPIO_Init)
    MX_SPI1_Init                             0x08002fc1   Thumb Code    62  spi.o(i.MX_SPI1_Init)
    MX_TIM2_Init                             0x08003009   Thumb Code   100  tim.o(i.MX_TIM2_Init)
    MX_TIM3_Init                             0x08003071   Thumb Code    96  tim.o(i.MX_TIM3_Init)
    MX_USART1_UART_Init                      0x080030d9   Thumb Code    48  usart.o(i.MX_USART1_UART_Init)
    MX_USART2_UART_Init                      0x08003111   Thumb Code    48  usart.o(i.MX_USART2_UART_Init)
    MX_USART3_UART_Init                      0x08003149   Thumb Code    48  usart.o(i.MX_USART3_UART_Init)
    MemManage_Handler                        0x08003181   Thumb Code     2  stm32f1xx_it.o(i.MemManage_Handler)
    NMI_Handler                              0x08003183   Thumb Code     2  stm32f1xx_it.o(i.NMI_Handler)
    PendSV_Handler                           0x08003185   Thumb Code     2  stm32f1xx_it.o(i.PendSV_Handler)
    SVC_Handler                              0x08003187   Thumb Code     2  stm32f1xx_it.o(i.SVC_Handler)
    Store_Init                               0x08003189   Thumb Code   140  sa_flash.o(i.Store_Init)
    Store_Save                               0x08003225   Thumb Code    52  sa_flash.o(i.Store_Save)
    SysTick_Handler                          0x08003261   Thumb Code     4  stm32f1xx_it.o(i.SysTick_Handler)
    SystemClock_Config                       0x08003265   Thumb Code   120  main.o(i.SystemClock_Config)
    SystemInit                               0x080032dd   Thumb Code     2  system_stm32f1xx.o(i.SystemInit)
    TIM2_IRQHandler                          0x080032e1   Thumb Code     6  stm32f1xx_it.o(i.TIM2_IRQHandler)
    TIM3_IRQHandler                          0x080032ed   Thumb Code     6  stm32f1xx_it.o(i.TIM3_IRQHandler)
    TIM_Base_SetConfig                       0x080032f9   Thumb Code   108  stm32f1xx_hal_tim.o(i.TIM_Base_SetConfig)
    TIM_ETR_SetConfig                        0x08003371   Thumb Code    20  stm32f1xx_hal_tim.o(i.TIM_ETR_SetConfig)
    UART_Start_Receive_DMA                   0x080036bd   Thumb Code   130  stm32f1xx_hal_uart.o(i.UART_Start_Receive_DMA)
    USART1_IRQHandler                        0x080037c1   Thumb Code     6  stm32f1xx_it.o(i.USART1_IRQHandler)
    USART2_IRQHandler                        0x080037cd   Thumb Code     6  stm32f1xx_it.o(i.USART2_IRQHandler)
    USART3_IRQHandler                        0x080037d9   Thumb Code     6  stm32f1xx_it.o(i.USART3_IRQHandler)
    UsageFault_Handler                       0x080037e5   Thumb Code     2  stm32f1xx_it.o(i.UsageFault_Handler)
    __0printf$3                              0x080037e9   Thumb Code    22  printf3.o(i.__0printf$3)
    __1printf$3                              0x080037e9   Thumb Code     0  printf3.o(i.__0printf$3)
    __2printf                                0x080037e9   Thumb Code     0  printf3.o(i.__0printf$3)
    __scatterload_copy                       0x08003829   Thumb Code    14  handlers.o(i.__scatterload_copy)
    __scatterload_null                       0x08003837   Thumb Code     2  handlers.o(i.__scatterload_null)
    __scatterload_zeroinit                   0x08003839   Thumb Code    14  handlers.o(i.__scatterload_zeroinit)
    float_to_uint16_mem_high                 0x08003a01   Thumb Code     4  sa_flash.o(i.float_to_uint16_mem_high)
    float_to_uint16_mem_low                  0x08003a05   Thumb Code     4  sa_flash.o(i.float_to_uint16_mem_low)
    fputc                                    0x08003a09   Thumb Code    24  sa_usart.o(i.fputc)
    main                                     0x08003a25   Thumb Code   230  main.o(i.main)
    uint16s_to_float                         0x08003b2d   Thumb Code     6  sa_flash.o(i.uint16s_to_float)
    AHBPrescTable                            0x08003b56   Data          16  system_stm32f1xx.o(.constdata)
    APBPrescTable                            0x08003b66   Data           8  system_stm32f1xx.o(.constdata)
    Region$$Table$$Base                      0x08003b70   Number         0  anon$$obj.o(Region$$Table)
    Region$$Table$$Limit                     0x08003b90   Number         0  anon$$obj.o(Region$$Table)
    b                                        0x20000000   Data           4  main.o(.data)
    c                                        0x20000004   Data           4  main.o(.data)
    d                                        0x20000008   Data           4  main.o(.data)
    Info                                     0x20000014   Data          56  hmi.o(.data)
    flahs_flage                              0x2000004c   Data           1  sa_flash.o(.data)
    RxFlag_1                                 0x20000050   Data           1  sa_usart.o(.data)
    RxFlag_3                                 0x20000051   Data           1  sa_usart.o(.data)
    HMI_data                                 0x20000054   Data           4  sa_usart.o(.data)
    tail                                     0x20000058   Data           4  sa_usart.o(.data)
    c0h                                      0x2000005c   Data           4  sa_usart.o(.data)
    c1h                                      0x20000060   Data           4  sa_usart.o(.data)
    c2h                                      0x20000064   Data           4  sa_usart.o(.data)
    c3h                                      0x20000068   Data           4  sa_usart.o(.data)
    c4h                                      0x2000006c   Data           4  sa_usart.o(.data)
    c5h                                      0x20000070   Data           4  sa_usart.o(.data)
    c6h                                      0x20000074   Data           4  sa_usart.o(.data)
    c7h                                      0x20000078   Data           4  sa_usart.o(.data)
    c8h                                      0x2000007c   Data           4  sa_usart.o(.data)
    c9h                                      0x20000080   Data           4  sa_usart.o(.data)
    c10h                                     0x20000084   Data           4  sa_usart.o(.data)
    c11h                                     0x20000088   Data           4  sa_usart.o(.data)
    c12h                                     0x2000008c   Data           4  sa_usart.o(.data)
    c13h                                     0x20000090   Data           4  sa_usart.o(.data)
    c14h                                     0x20000094   Data           4  sa_usart.o(.data)
    c15h                                     0x20000098   Data           4  sa_usart.o(.data)
    window_index                             0x2000009c   Data           1  sa_adc.o(.data)
    ADC_buffer                               0x2000009e   Data           2  sa_adc.o(.data)
    uwTickFreq                               0x200000a4   Data           1  stm32f1xx_hal.o(.data)
    uwTickPrio                               0x200000a8   Data           4  stm32f1xx_hal.o(.data)
    uwTick                                   0x200000ac   Data           4  stm32f1xx_hal.o(.data)
    SystemCoreClock                          0x200000b0   Data           4  system_stm32f1xx.o(.data)
    __stdout                                 0x200000b4   Data           4  stdout.o(.data)
    Curreny_data                             0x200000b8   Data          36  main.o(.bss)
    Curreny_Kalman                           0x200000dc   Data          24  main.o(.bss)
    hadc1                                    0x200000f4   Data          48  adc.o(.bss)
    hdma_adc1                                0x20000124   Data          68  adc.o(.bss)
    hspi1                                    0x20000168   Data          88  spi.o(.bss)
    htim2                                    0x200001c0   Data          72  tim.o(.bss)
    htim3                                    0x20000208   Data          72  tim.o(.bss)
    huart1                                   0x20000250   Data          72  usart.o(.bss)
    huart2                                   0x20000298   Data          72  usart.o(.bss)
    huart3                                   0x200002e0   Data          72  usart.o(.bss)
    hdma_usart1_rx                           0x20000328   Data          68  usart.o(.bss)
    hdma_usart3_rx                           0x2000036c   Data          68  usart.o(.bss)
    Store_Data                               0x200003b0   Data         128  sa_flash.o(.bss)
    RxBuffer_1                               0x20000430   Data          10  sa_usart.o(.bss)
    RxBuffer_3                               0x2000043a   Data          10  sa_usart.o(.bss)
    pFlash                                   0x200005d8   Data          32  stm32f1xx_hal_flash.o(.bss)
    __initial_sp                             0x200009f8   Data           0  startup_stm32f103xb.o(STACK)



==============================================================================

Memory Map of the image

  Image Entry point : 0x080000ed

  Load Region LR_IROM1 (Base: 0x08000000, Size: 0x00003c48, Max: 0x00010000, ABSOLUTE)

    Execution Region ER_IROM1 (Exec base: 0x08000000, Load base: 0x08000000, Size: 0x00003b90, Max: 0x00010000, ABSOLUTE)

    Exec Addr    Load Addr    Size         Type   Attr      Idx    E Section Name        Object

    0x08000000   0x08000000   0x000000ec   Data   RO         1430    RESET               startup_stm32f103xb.o
    0x080000ec   0x080000ec   0x00000000   Code   RO         4420  * .ARM.Collect$$$$00000000  mc_w.l(entry.o)
    0x080000ec   0x080000ec   0x00000004   Code   RO         4712    .ARM.Collect$$$$00000001  mc_w.l(entry2.o)
    0x080000f0   0x080000f0   0x00000004   Code   RO         4715    .ARM.Collect$$$$00000004  mc_w.l(entry5.o)
    0x080000f4   0x080000f4   0x00000000   Code   RO         4717    .ARM.Collect$$$$00000008  mc_w.l(entry7b.o)
    0x080000f4   0x080000f4   0x00000000   Code   RO         4719    .ARM.Collect$$$$0000000A  mc_w.l(entry8b.o)
    0x080000f4   0x080000f4   0x00000008   Code   RO         4720    .ARM.Collect$$$$0000000B  mc_w.l(entry9a.o)
    0x080000fc   0x080000fc   0x00000004   Code   RO         4727    .ARM.Collect$$$$0000000E  mc_w.l(entry12b.o)
    0x08000100   0x08000100   0x00000000   Code   RO         4722    .ARM.Collect$$$$0000000F  mc_w.l(entry10a.o)
    0x08000100   0x08000100   0x00000000   Code   RO         4724    .ARM.Collect$$$$00000011  mc_w.l(entry11a.o)
    0x08000100   0x08000100   0x00000004   Code   RO         4713    .ARM.Collect$$$$00002712  mc_w.l(entry2.o)
    0x08000104   0x08000104   0x00000024   Code   RO         1431    .text               startup_stm32f103xb.o
    0x08000128   0x08000128   0x00000020   Code   RO         4423    .text               mc_w.l(llushr.o)
    0x08000148   0x08000148   0x00000024   Code   RO         4425    .text               mc_w.l(memseta.o)
    0x0800016c   0x0800016c   0x000000b0   Code   RO         4690    .text               mf_w.l(fadd.o)
    0x0800021c   0x0800021c   0x00000064   Code   RO         4692    .text               mf_w.l(fmul.o)
    0x08000280   0x08000280   0x0000007c   Code   RO         4694    .text               mf_w.l(fdiv.o)
    0x080002fc   0x080002fc   0x0000014e   Code   RO         4696    .text               mf_w.l(dadd.o)
    0x0800044a   0x0800044a   0x00000012   Code   RO         4698    .text               mf_w.l(fflti.o)
    0x0800045c   0x0800045c   0x0000000a   Code   RO         4700    .text               mf_w.l(ffltui.o)
    0x08000466   0x08000466   0x00000032   Code   RO         4702    .text               mf_w.l(ffixi.o)
    0x08000498   0x08000498   0x00000028   Code   RO         4704    .text               mf_w.l(ffixui.o)
    0x080004c0   0x080004c0   0x00000026   Code   RO         4706    .text               mf_w.l(f2d.o)
    0x080004e6   0x080004e6   0x00000038   Code   RO         4708    .text               mf_w.l(d2f.o)
    0x0800051e   0x0800051e   0x00000002   PAD
    0x08000520   0x08000520   0x00000014   Code   RO         4710    .text               mf_w.l(cfrcmple.o)
    0x08000534   0x08000534   0x0000002c   Code   RO         4729    .text               mc_w.l(uidiv.o)
    0x08000560   0x08000560   0x0000001e   Code   RO         4733    .text               mc_w.l(llshl.o)
    0x0800057e   0x0800057e   0x00000024   Code   RO         4735    .text               mc_w.l(llsshr.o)
    0x080005a2   0x080005a2   0x00000000   Code   RO         4737    .text               mc_w.l(iusefp.o)
    0x080005a2   0x080005a2   0x0000006e   Code   RO         4738    .text               mf_w.l(fepilogue.o)
    0x08000610   0x08000610   0x000000ba   Code   RO         4740    .text               mf_w.l(depilogue.o)
    0x080006ca   0x080006ca   0x00000002   PAD
    0x080006cc   0x080006cc   0x00000024   Code   RO         4750    .text               mc_w.l(init.o)
    0x080006f0   0x080006f0   0x00000056   Code   RO         1474    i.ADC_ConversionStop_Disable  stm32f1xx_hal_adc.o
    0x08000746   0x08000746   0x0000004e   Code   RO         1475    i.ADC_DMAConvCplt   stm32f1xx_hal_adc.o
    0x08000794   0x08000794   0x0000001a   Code   RO         1476    i.ADC_DMAError      stm32f1xx_hal_adc.o
    0x080007ae   0x080007ae   0x0000000a   Code   RO         1477    i.ADC_DMAHalfConvCplt  stm32f1xx_hal_adc.o
    0x080007b8   0x080007b8   0x0000007c   Code   RO         1478    i.ADC_Enable        stm32f1xx_hal_adc.o
    0x08000834   0x08000834   0x000000cc   Code   RO         1119    i.ADC_I_DATA        sa_adc.o
    0x08000900   0x08000900   0x000000b4   Code   RO         1120    i.ADC_I_Init        sa_adc.o
    0x080009b4   0x080009b4   0x00000002   Code   RO          549    i.BusFault_Handler  stm32f1xx_it.o
    0x080009b6   0x080009b6   0x00000002   PAD
    0x080009b8   0x080009b8   0x000000d8   Code   RO         1121    i.Collect_CurrentData  sa_adc.o
    0x08000a90   0x08000a90   0x0000000c   Code   RO          550    i.DMA1_Channel1_IRQHandler  stm32f1xx_it.o
    0x08000a9c   0x08000a9c   0x0000000c   Code   RO          551    i.DMA1_Channel3_IRQHandler  stm32f1xx_it.o
    0x08000aa8   0x08000aa8   0x0000000c   Code   RO          552    i.DMA1_Channel5_IRQHandler  stm32f1xx_it.o
    0x08000ab4   0x08000ab4   0x0000002a   Code   RO         2130    i.DMA_SetConfig     stm32f1xx_hal_dma.o
    0x08000ade   0x08000ade   0x00000002   Code   RO          553    i.DebugMon_Handler  stm32f1xx_it.o
    0x08000ae0   0x08000ae0   0x00000004   Code   RO            4    i.Error_Handler     main.o
    0x08000ae4   0x08000ae4   0x00000044   Code   RO          777    i.FLASH_ErasePage   sa_flash.o
    0x08000b28   0x08000b28   0x00000024   Code   RO         2570    i.FLASH_MassErase   stm32f1xx_hal_flash_ex.o
    0x08000b4c   0x08000b4c   0x00000024   Code   RO         2575    i.FLASH_PageErase   stm32f1xx_hal_flash_ex.o
    0x08000b70   0x08000b70   0x0000001c   Code   RO         2467    i.FLASH_Program_HalfWord  stm32f1xx_hal_flash.o
    0x08000b8c   0x08000b8c   0x0000005c   Code   RO         2468    i.FLASH_SetErrorCode  stm32f1xx_hal_flash.o
    0x08000be8   0x08000be8   0x00000054   Code   RO         2469    i.FLASH_WaitForLastOperation  stm32f1xx_hal_flash.o
    0x08000c3c   0x08000c3c   0x00000010   Code   RO          990    i.Float_to_Byte_usart  sa_usart.o
    0x08000c4c   0x08000c4c   0x0000013c   Code   RO          991    i.Get_Data          sa_usart.o
    0x08000d88   0x08000d88   0x0000002c   Code   RO         1122    i.Get_I_Data        sa_adc.o
    0x08000db4   0x08000db4   0x000000d8   Code   RO         1654    i.HAL_ADCEx_Calibration_Start  stm32f1xx_hal_adc_ex.o
    0x08000e8c   0x08000e8c   0x000000fc   Code   RO         1480    i.HAL_ADC_ConfigChannel  stm32f1xx_hal_adc.o
    0x08000f88   0x08000f88   0x00000002   Code   RO         1481    i.HAL_ADC_ConvCpltCallback  stm32f1xx_hal_adc.o
    0x08000f8a   0x08000f8a   0x00000002   Code   RO         1482    i.HAL_ADC_ConvHalfCpltCallback  stm32f1xx_hal_adc.o
    0x08000f8c   0x08000f8c   0x00000002   Code   RO         1484    i.HAL_ADC_ErrorCallback  stm32f1xx_hal_adc.o
    0x08000f8e   0x08000f8e   0x00000002   PAD
    0x08000f90   0x08000f90   0x0000011c   Code   RO         1489    i.HAL_ADC_Init      stm32f1xx_hal_adc.o
    0x080010ac   0x080010ac   0x0000008c   Code   RO          340    i.HAL_ADC_MspInit   adc.o
    0x08001138   0x08001138   0x0000010c   Code   RO         1496    i.HAL_ADC_Start_DMA  stm32f1xx_hal_adc.o
    0x08001244   0x08001244   0x00000046   Code   RO         2131    i.HAL_DMA_Abort     stm32f1xx_hal_dma.o
    0x0800128a   0x0800128a   0x00000002   PAD
    0x0800128c   0x0800128c   0x00000098   Code   RO         2132    i.HAL_DMA_Abort_IT  stm32f1xx_hal_dma.o
    0x08001324   0x08001324   0x00000154   Code   RO         2136    i.HAL_DMA_IRQHandler  stm32f1xx_hal_dma.o
    0x08001478   0x08001478   0x0000005c   Code   RO         2137    i.HAL_DMA_Init      stm32f1xx_hal_dma.o
    0x080014d4   0x080014d4   0x00000070   Code   RO         2141    i.HAL_DMA_Start_IT  stm32f1xx_hal_dma.o
    0x08001544   0x08001544   0x00000024   Code   RO         1757    i.HAL_Delay         stm32f1xx_hal.o
    0x08001568   0x08001568   0x000000a8   Code   RO         2576    i.HAL_FLASHEx_Erase  stm32f1xx_hal_flash_ex.o
    0x08001610   0x08001610   0x00000014   Code   RO         2473    i.HAL_FLASH_Lock    stm32f1xx_hal_flash.o
    0x08001624   0x08001624   0x00000080   Code   RO         2478    i.HAL_FLASH_Program  stm32f1xx_hal_flash.o
    0x080016a4   0x080016a4   0x00000028   Code   RO         2480    i.HAL_FLASH_Unlock  stm32f1xx_hal_flash.o
    0x080016cc   0x080016cc   0x000001e0   Code   RO         2067    i.HAL_GPIO_Init     stm32f1xx_hal_gpio.o
    0x080018ac   0x080018ac   0x0000000a   Code   RO         2071    i.HAL_GPIO_WritePin  stm32f1xx_hal_gpio.o
    0x080018b6   0x080018b6   0x00000002   PAD
    0x080018b8   0x080018b8   0x0000000c   Code   RO         1761    i.HAL_GetTick       stm32f1xx_hal.o
    0x080018c4   0x080018c4   0x00000010   Code   RO         1767    i.HAL_IncTick       stm32f1xx_hal.o
    0x080018d4   0x080018d4   0x00000024   Code   RO         1768    i.HAL_Init          stm32f1xx_hal.o
    0x080018f8   0x080018f8   0x00000040   Code   RO         1769    i.HAL_InitTick      stm32f1xx_hal.o
    0x08001938   0x08001938   0x0000003c   Code   RO          673    i.HAL_MspInit       stm32f1xx_hal_msp.o
    0x08001974   0x08001974   0x0000001a   Code   RO         2227    i.HAL_NVIC_EnableIRQ  stm32f1xx_hal_cortex.o
    0x0800198e   0x0800198e   0x00000002   PAD
    0x08001990   0x08001990   0x00000040   Code   RO         2233    i.HAL_NVIC_SetPriority  stm32f1xx_hal_cortex.o
    0x080019d0   0x080019d0   0x00000024   Code   RO         2234    i.HAL_NVIC_SetPriorityGrouping  stm32f1xx_hal_cortex.o
    0x080019f4   0x080019f4   0x000000a4   Code   RO         2028    i.HAL_RCCEx_GetPeriphCLKFreq  stm32f1xx_hal_rcc_ex.o
    0x08001a98   0x08001a98   0x000000ec   Code   RO         2029    i.HAL_RCCEx_PeriphCLKConfig  stm32f1xx_hal_rcc_ex.o
    0x08001b84   0x08001b84   0x0000012c   Code   RO         1925    i.HAL_RCC_ClockConfig  stm32f1xx_hal_rcc.o
    0x08001cb0   0x08001cb0   0x00000020   Code   RO         1932    i.HAL_RCC_GetPCLK1Freq  stm32f1xx_hal_rcc.o
    0x08001cd0   0x08001cd0   0x00000020   Code   RO         1933    i.HAL_RCC_GetPCLK2Freq  stm32f1xx_hal_rcc.o
    0x08001cf0   0x08001cf0   0x0000004c   Code   RO         1934    i.HAL_RCC_GetSysClockFreq  stm32f1xx_hal_rcc.o
    0x08001d3c   0x08001d3c   0x00000320   Code   RO         1937    i.HAL_RCC_OscConfig  stm32f1xx_hal_rcc.o
    0x0800205c   0x0800205c   0x000000b2   Code   RO         2738    i.HAL_SPI_Init      stm32f1xx_hal_spi.o
    0x0800210e   0x0800210e   0x00000002   PAD
    0x08002110   0x08002110   0x0000005c   Code   RO          406    i.HAL_SPI_MspInit   spi.o
    0x0800216c   0x0800216c   0x00000028   Code   RO         2238    i.HAL_SYSTICK_Config  stm32f1xx_hal_cortex.o
    0x08002194   0x08002194   0x00000002   Code   RO         3755    i.HAL_TIMEx_BreakCallback  stm32f1xx_hal_tim_ex.o
    0x08002196   0x08002196   0x00000002   Code   RO         3756    i.HAL_TIMEx_CommutCallback  stm32f1xx_hal_tim_ex.o
    0x08002198   0x08002198   0x00000068   Code   RO         3774    i.HAL_TIMEx_MasterConfigSynchronization  stm32f1xx_hal_tim_ex.o
    0x08002200   0x08002200   0x0000005a   Code   RO         3051    i.HAL_TIM_Base_Init  stm32f1xx_hal_tim.o
    0x0800225a   0x0800225a   0x00000002   PAD
    0x0800225c   0x0800225c   0x00000060   Code   RO          448    i.HAL_TIM_Base_MspInit  tim.o
    0x080022bc   0x080022bc   0x00000058   Code   RO         3056    i.HAL_TIM_Base_Start_IT  stm32f1xx_hal_tim.o
    0x08002314   0x08002314   0x000000dc   Code   RO         3060    i.HAL_TIM_ConfigClockSource  stm32f1xx_hal_tim.o
    0x080023f0   0x080023f0   0x00000002   Code   RO         3085    i.HAL_TIM_IC_CaptureCallback  stm32f1xx_hal_tim.o
    0x080023f2   0x080023f2   0x00000130   Code   RO         3099    i.HAL_TIM_IRQHandler  stm32f1xx_hal_tim.o
    0x08002522   0x08002522   0x00000002   Code   RO         3102    i.HAL_TIM_OC_DelayElapsedCallback  stm32f1xx_hal_tim.o
    0x08002524   0x08002524   0x00000002   Code   RO         3129    i.HAL_TIM_PWM_PulseFinishedCallback  stm32f1xx_hal_tim.o
    0x08002526   0x08002526   0x00000002   PAD
    0x08002528   0x08002528   0x00000080   Code   RO            5    i.HAL_TIM_PeriodElapsedCallback  main.o
    0x080025a8   0x080025a8   0x00000002   Code   RO         3142    i.HAL_TIM_TriggerCallback  stm32f1xx_hal_tim.o
    0x080025aa   0x080025aa   0x00000002   Code   RO         4034    i.HAL_UARTEx_RxEventCallback  stm32f1xx_hal_uart.o
    0x080025ac   0x080025ac   0x00000002   Code   RO         4048    i.HAL_UART_ErrorCallback  stm32f1xx_hal_uart.o
    0x080025ae   0x080025ae   0x00000002   PAD
    0x080025b0   0x080025b0   0x0000026c   Code   RO         4051    i.HAL_UART_IRQHandler  stm32f1xx_hal_uart.o
    0x0800281c   0x0800281c   0x00000064   Code   RO         4052    i.HAL_UART_Init     stm32f1xx_hal_uart.o
    0x08002880   0x08002880   0x00000198   Code   RO          496    i.HAL_UART_MspInit  usart.o
    0x08002a18   0x08002a18   0x0000001c   Code   RO         4056    i.HAL_UART_Receive_DMA  stm32f1xx_hal_uart.o
    0x08002a34   0x08002a34   0x0000007c   Code   RO          992    i.HAL_UART_RxCpltCallback  sa_usart.o
    0x08002ab0   0x08002ab0   0x00000002   Code   RO         4059    i.HAL_UART_RxHalfCpltCallback  stm32f1xx_hal_uart.o
    0x08002ab2   0x08002ab2   0x000000a0   Code   RO         4060    i.HAL_UART_Transmit  stm32f1xx_hal_uart.o
    0x08002b52   0x08002b52   0x00000002   Code   RO         4063    i.HAL_UART_TxCpltCallback  stm32f1xx_hal_uart.o
    0x08002b54   0x08002b54   0x00000114   Code   RO          698    i.HMI_Send_EveryInfo  hmi.o
    0x08002c68   0x08002c68   0x00000028   Code   RO          993    i.HMI_Uart_DMA_RX_Init  sa_usart.o
    0x08002c90   0x08002c90   0x0000002c   Code   RO          699    i.HMI_VOFA          hmi.o
    0x08002cbc   0x08002cbc   0x0000000c   Code   RO          700    i.HMI_key_clear_state  hmi.o
    0x08002cc8   0x08002cc8   0x0000000c   Code   RO          701    i.HMI_key_get_state  hmi.o
    0x08002cd4   0x08002cd4   0x0000005c   Code   RO          702    i.HMI_key_scanner   hmi.o
    0x08002d30   0x08002d30   0x00000018   Code   RO          704    i.HMI_send_number   hmi.o
    0x08002d48   0x08002d48   0x00000002   Code   RO          554    i.HardFault_Handler  stm32f1xx_it.o
    0x08002d4a   0x08002d4a   0x00000002   PAD
    0x08002d4c   0x08002d4c   0x00000080   Code   RO          998    i.JustFloat_4       sa_usart.o
    0x08002dcc   0x08002dcc   0x00000058   Code   RO          894    i.KalmanFilter      sa_karman.o
    0x08002e24   0x08002e24   0x00000018   Code   RO          895    i.Kalman_Init       sa_karman.o
    0x08002e3c   0x08002e3c   0x0000004c   Code   RO          341    i.MX_ADC1_Init      adc.o
    0x08002e88   0x08002e88   0x0000004c   Code   RO          381    i.MX_DMA_Init       dma.o
    0x08002ed4   0x08002ed4   0x000000ec   Code   RO          222    i.MX_GPIO_Init      gpio.o
    0x08002fc0   0x08002fc0   0x00000048   Code   RO          407    i.MX_SPI1_Init      spi.o
    0x08003008   0x08003008   0x00000068   Code   RO          449    i.MX_TIM2_Init      tim.o
    0x08003070   0x08003070   0x00000068   Code   RO          450    i.MX_TIM3_Init      tim.o
    0x080030d8   0x080030d8   0x00000038   Code   RO          497    i.MX_USART1_UART_Init  usart.o
    0x08003110   0x08003110   0x00000038   Code   RO          498    i.MX_USART2_UART_Init  usart.o
    0x08003148   0x08003148   0x00000038   Code   RO          499    i.MX_USART3_UART_Init  usart.o
    0x08003180   0x08003180   0x00000002   Code   RO          555    i.MemManage_Handler  stm32f1xx_it.o
    0x08003182   0x08003182   0x00000002   Code   RO          556    i.NMI_Handler       stm32f1xx_it.o
    0x08003184   0x08003184   0x00000002   Code   RO          557    i.PendSV_Handler    stm32f1xx_it.o
    0x08003186   0x08003186   0x00000002   Code   RO          558    i.SVC_Handler       stm32f1xx_it.o
    0x08003188   0x08003188   0x0000009c   Code   RO          784    i.Store_Init        sa_flash.o
    0x08003224   0x08003224   0x0000003c   Code   RO          785    i.Store_Save        sa_flash.o
    0x08003260   0x08003260   0x00000004   Code   RO          559    i.SysTick_Handler   stm32f1xx_it.o
    0x08003264   0x08003264   0x00000078   Code   RO            6    i.SystemClock_Config  main.o
    0x080032dc   0x080032dc   0x00000002   Code   RO         4386    i.SystemInit        system_stm32f1xx.o
    0x080032de   0x080032de   0x00000002   PAD
    0x080032e0   0x080032e0   0x0000000c   Code   RO          560    i.TIM2_IRQHandler   stm32f1xx_it.o
    0x080032ec   0x080032ec   0x0000000c   Code   RO          561    i.TIM3_IRQHandler   stm32f1xx_it.o
    0x080032f8   0x080032f8   0x00000078   Code   RO         3144    i.TIM_Base_SetConfig  stm32f1xx_hal_tim.o
    0x08003370   0x08003370   0x00000014   Code   RO         3155    i.TIM_ETR_SetConfig  stm32f1xx_hal_tim.o
    0x08003384   0x08003384   0x00000010   Code   RO         3156    i.TIM_ITRx_SetConfig  stm32f1xx_hal_tim.o
    0x08003394   0x08003394   0x00000022   Code   RO         3162    i.TIM_TI1_ConfigInputStage  stm32f1xx_hal_tim.o
    0x080033b6   0x080033b6   0x00000024   Code   RO         3164    i.TIM_TI2_ConfigInputStage  stm32f1xx_hal_tim.o
    0x080033da   0x080033da   0x00000010   Code   RO         4065    i.UART_DMAAbortOnError  stm32f1xx_hal_uart.o
    0x080033ea   0x080033ea   0x0000004a   Code   RO         4066    i.UART_DMAError     stm32f1xx_hal_uart.o
    0x08003434   0x08003434   0x00000086   Code   RO         4067    i.UART_DMAReceiveCplt  stm32f1xx_hal_uart.o
    0x080034ba   0x080034ba   0x0000001e   Code   RO         4069    i.UART_DMARxHalfCplt  stm32f1xx_hal_uart.o
    0x080034d8   0x080034d8   0x0000004e   Code   RO         4075    i.UART_EndRxTransfer  stm32f1xx_hal_uart.o
    0x08003526   0x08003526   0x0000001c   Code   RO         4076    i.UART_EndTxTransfer  stm32f1xx_hal_uart.o
    0x08003542   0x08003542   0x000000c2   Code   RO         4077    i.UART_Receive_IT   stm32f1xx_hal_uart.o
    0x08003604   0x08003604   0x000000b8   Code   RO         4078    i.UART_SetConfig    stm32f1xx_hal_uart.o
    0x080036bc   0x080036bc   0x00000090   Code   RO         4079    i.UART_Start_Receive_DMA  stm32f1xx_hal_uart.o
    0x0800374c   0x0800374c   0x00000072   Code   RO         4081    i.UART_WaitOnFlagUntilTimeout  stm32f1xx_hal_uart.o
    0x080037be   0x080037be   0x00000002   PAD
    0x080037c0   0x080037c0   0x0000000c   Code   RO          562    i.USART1_IRQHandler  stm32f1xx_it.o
    0x080037cc   0x080037cc   0x0000000c   Code   RO          563    i.USART2_IRQHandler  stm32f1xx_it.o
    0x080037d8   0x080037d8   0x0000000c   Code   RO          564    i.USART3_IRQHandler  stm32f1xx_it.o
    0x080037e4   0x080037e4   0x00000002   Code   RO          565    i.UsageFault_Handler  stm32f1xx_it.o
    0x080037e6   0x080037e6   0x00000002   PAD
    0x080037e8   0x080037e8   0x00000020   Code   RO         4518    i.__0printf$3       mc_w.l(printf3.o)
    0x08003808   0x08003808   0x00000020   Code   RO         2240    i.__NVIC_SetPriority  stm32f1xx_hal_cortex.o
    0x08003828   0x08003828   0x0000000e   Code   RO         4754    i.__scatterload_copy  mc_w.l(handlers.o)
    0x08003836   0x08003836   0x00000002   Code   RO         4755    i.__scatterload_null  mc_w.l(handlers.o)
    0x08003838   0x08003838   0x0000000e   Code   RO         4756    i.__scatterload_zeroinit  mc_w.l(handlers.o)
    0x08003846   0x08003846   0x00000002   PAD
    0x08003848   0x08003848   0x000001b8   Code   RO         4525    i._printf_core      mc_w.l(printf3.o)
    0x08003a00   0x08003a00   0x00000004   Code   RO          786    i.float_to_uint16_mem_high  sa_flash.o
    0x08003a04   0x08003a04   0x00000004   Code   RO          787    i.float_to_uint16_mem_low  sa_flash.o
    0x08003a08   0x08003a08   0x0000001c   Code   RO         1005    i.fputc             sa_usart.o
    0x08003a24   0x08003a24   0x00000108   Code   RO            7    i.main              main.o
    0x08003b2c   0x08003b2c   0x00000006   Code   RO          788    i.uint16s_to_float  sa_flash.o
    0x08003b32   0x08003b32   0x00000012   Data   RO         1938    .constdata          stm32f1xx_hal_rcc.o
    0x08003b44   0x08003b44   0x00000012   Data   RO         2030    .constdata          stm32f1xx_hal_rcc_ex.o
    0x08003b56   0x08003b56   0x00000010   Data   RO         4387    .constdata          system_stm32f1xx.o
    0x08003b66   0x08003b66   0x00000008   Data   RO         4388    .constdata          system_stm32f1xx.o
    0x08003b6e   0x08003b6e   0x00000002   PAD
    0x08003b70   0x08003b70   0x00000020   Data   RO         4752    Region$$Table       anon$$obj.o


    Execution Region RW_IRAM1 (Exec base: 0x20000000, Load base: 0x08003b90, Size: 0x000009f8, Max: 0x00005000, ABSOLUTE)

    Exec Addr    Load Addr    Size         Type   Attr      Idx    E Section Name        Object

    0x20000000   0x08003b90   0x0000000c   Data   RW           12    .data               main.o
    0x2000000c   0x08003b9c   0x00000040   Data   RW          706    .data               hmi.o
    0x2000004c   0x08003bdc   0x00000001   Data   RW          790    .data               sa_flash.o
    0x2000004d   0x08003bdd   0x00000003   PAD
    0x20000050   0x08003be0   0x0000004c   Data   RW         1008    .data               sa_usart.o
    0x2000009c   0x08003c2c   0x00000008   Data   RW         1124    .data               sa_adc.o
    0x200000a4   0x08003c34   0x0000000c   Data   RW         1775    .data               stm32f1xx_hal.o
    0x200000b0   0x08003c40   0x00000004   Data   RW         4389    .data               system_stm32f1xx.o
    0x200000b4   0x08003c44   0x00000004   Data   RW         4728    .data               mc_w.l(stdout.o)
    0x200000b8        -       0x0000003c   Zero   RW            8    .bss                main.o
    0x200000f4        -       0x00000074   Zero   RW          342    .bss                adc.o
    0x20000168        -       0x00000058   Zero   RW          408    .bss                spi.o
    0x200001c0        -       0x00000090   Zero   RW          451    .bss                tim.o
    0x20000250        -       0x00000160   Zero   RW          500    .bss                usart.o
    0x200003b0        -       0x00000080   Zero   RW          789    .bss                sa_flash.o
    0x20000430        -       0x00000014   Zero   RW         1006    .bss                sa_usart.o
    0x20000444        -       0x00000190   Zero   RW         1123    .bss                sa_adc.o
    0x200005d4   0x08003c48   0x00000004   PAD
    0x200005d8        -       0x00000020   Zero   RW         2481    .bss                stm32f1xx_hal_flash.o
    0x200005f8        -       0x00000400   Zero   RW         1428    STACK               startup_stm32f103xb.o


==============================================================================

Image component sizes


      Code (inc. data)   RO Data    RW Data    ZI Data      Debug   Object Name

       216         28          0          0        116       1691   adc.o
        76          4          0          0          0        774   dma.o
       236         18          0          0          0     456671   gpio.o
       460        240          0         64          0       4843   hmi.o
       516         58          0         12         60     429061   main.o
       644         98          0          8        400       4054   sa_adc.o
       298         40          0          1        128      10262   sa_flash.o
       112          6          0          0          0       2001   sa_karman.o
       652         64          0         76         20       6144   sa_usart.o
       164         22          0          0         88       1593   spi.o
        36          8        236          0       1024        772   startup_stm32f103xb.o
       164         28          0         12          0       5813   stm32f1xx_hal.o
      1134         56          0          0          0       8394   stm32f1xx_hal_adc.o
       216          6          0          0          0       1414   stm32f1xx_hal_adc_ex.o
       198         14          0          0          0      28875   stm32f1xx_hal_cortex.o
       808         36          0          0          0       4910   stm32f1xx_hal_dma.o
       392         46          0          0         32       4642   stm32f1xx_hal_flash.o
       240         26          0          0          0       3205   stm32f1xx_hal_flash_ex.o
       490         34          0          0          0       2856   stm32f1xx_hal_gpio.o
        60          8          0          0          0        854   stm32f1xx_hal_msp.o
      1240         84         18          0          0       5044   stm32f1xx_hal_rcc.o
       400         28         18          0          0       2437   stm32f1xx_hal_rcc_ex.o
       178          0          0          0          0       1135   stm32f1xx_hal_spi.o
       936         24          0          0          0       9693   stm32f1xx_hal_tim.o
       108         12          0          0          0       2357   stm32f1xx_hal_tim_ex.o
      1912         24          0          0          0      13884   stm32f1xx_hal_uart.o
       116         48          0          0          0       7375   stm32f1xx_it.o
         2          0         24          4          0       1083   system_stm32f1xx.o
       304         22          0          0        144       2295   tim.o
       576         58          0          0        352       3218   usart.o

    ----------------------------------------------------------------------
     12910       1140        330        180       2368    1027350   Object Totals
         0          0         32          0          0          0   (incl. Generated)
        26          0          2          3          4          0   (incl. Padding)

    ----------------------------------------------------------------------

      Code (inc. data)   RO Data    RW Data    ZI Data      Debug   Library Member Name

         0          0          0          0          0          0   entry.o
         0          0          0          0          0          0   entry10a.o
         0          0          0          0          0          0   entry11a.o
         4          0          0          0          0          0   entry12b.o
         8          4          0          0          0          0   entry2.o
         4          0          0          0          0          0   entry5.o
         0          0          0          0          0          0   entry7b.o
         0          0          0          0          0          0   entry8b.o
         8          4          0          0          0          0   entry9a.o
        30          0          0          0          0          0   handlers.o
        36          8          0          0          0         68   init.o
         0          0          0          0          0          0   iusefp.o
        30          0          0          0          0         68   llshl.o
        36          0          0          0          0         68   llsshr.o
        32          0          0          0          0         68   llushr.o
        36          0          0          0          0        108   memseta.o
       472         14          0          0          0        184   printf3.o
         0          0          0          4          0          0   stdout.o
        44          0          0          0          0         80   uidiv.o
        20          0          0          0          0         68   cfrcmple.o
        56          0          0          0          0         88   d2f.o
       334          0          0          0          0        148   dadd.o
       186          0          0          0          0        176   depilogue.o
        38          0          0          0          0         68   f2d.o
       176          0          0          0          0        140   fadd.o
       124          0          0          0          0         88   fdiv.o
       110          0          0          0          0        168   fepilogue.o
        50          0          0          0          0         68   ffixi.o
        40          0          0          0          0         68   ffixui.o
        18          0          0          0          0         68   fflti.o
        10          0          0          0          0         68   ffltui.o
       100          0          0          0          0         76   fmul.o

    ----------------------------------------------------------------------
      2008         30          0          4          0       1936   Library Totals
         6          0          0          0          0          0   (incl. Padding)

    ----------------------------------------------------------------------

      Code (inc. data)   RO Data    RW Data    ZI Data      Debug   Library Name

       740         30          0          4          0        644   mc_w.l
      1262          0          0          0          0       1292   mf_w.l

    ----------------------------------------------------------------------
      2008         30          0          4          0       1936   Library Totals

    ----------------------------------------------------------------------

==============================================================================


      Code (inc. data)   RO Data    RW Data    ZI Data      Debug   

     14918       1170        330        184       2368    1021326   Grand Totals
     14918       1170        330        184       2368    1021326   ELF Image Totals
     14918       1170        330        184          0          0   ROM Totals

==============================================================================

    Total RO  Size (Code + RO Data)                15248 (  14.89kB)
    Total RW  Size (RW Data + ZI Data)              2552 (   2.49kB)
    Total ROM Size (Code + RO Data + RW Data)      15432 (  15.07kB)

==============================================================================

